data/synthetic/sales_history.csv
date,product_id,units_sold,price_charged,competitor_price,promo_flag
2023-10-25,P002,35,176.2,192.25,0
2023-10-26,P002,44,125.3,134.31,0
2023-10-27,P002,47,118.37,128.66,0
2023-10-28,P002,41,184.0,195.76,0
2023-10-29,P002,41,182.14,174.45,0
2023-10-30,P002,41,136.83,133.91,0
2023-10-31,P002,40,151.68,141.6,0
2023-11-01,P002,42,130.91,131.0,0
2023-11-02,P002,37,174.0,162.02,0
2023-11-03,P002,53,151.9,139.37,1
2023-11-04,P002,50,136.86,130.67,0
2023-11-05,P002,41,188.12,205.19,0
2023-11-06,P002,43,134.64,124.98,0
2023-11-07,P002,37,171.09,157.7,0
2023-11-08,P002,35,190.39,184.4,0
2023-11-09,P002,38,159.04,149.24,0
2023-11-10,P002,61,116.35,123.52,1
2023-11-11,P002,75,109.53,105.91,1
2023-11-12,P002,51,131.22,122.0,0
2023-11-13,P002,41,156.28,166.11,0
2023-11-14,P002,43,137.28,130.07,0
2023-11-15,P002,58,129.99,133.7,1
2023-11-16,P002,51,156.68,166.83,1
2023-11-17,P002,47,121.5,120.75,0
2023-11-18,P002,44,174.4,180.81,0
2023-11-19,P002,60,105.66,109.68,0
2023-11-20,P002,45,131.43,124.62,0
2023-11-21,P002,43,137.69,126.14,0
2023-11-22,P002,47,116.45,126.02,0
2023-11-23,P002,49,103.95,103.61,0
2023-11-24,P002,48,114.33,106.59,0
2023-11-25,P002,42,189.02,177.9,0
2023-11-26,P002,62,169.14,170.97,1
2023-11-27,P002,42,150.79,141.61,0
2023-11-28,P002,48,118.14,115.12,0
2023-11-29,P002,39,170.76,165.26,0
2023-11-30,P002,36,187.8,202.11,0
2023-12-01,P002,51,107.81,102.57,0
2023-12-02,P002,53,144.63,156.76,0
2023-12-03,P002,52,140.97,136.52,0
2023-12-04,P002,35,188.64,183.04,0
2023-12-05,P002,34,184.03,186.57,0
2023-12-06,P002,39,170.97,168.7,0
2023-12-07,P002,39,178.62,173.73,0
2023-12-08,P002,39,173.78,182.18,0
2023-12-09,P002,47,174.77,186.83,0
2023-12-10,P002,55,138.43,143.24,0
2023-12-11,P002,44,143.33,150.47,0
2023-12-12,P002,45,135.05,141.79,0
2023-12-13,P002,44,151.78,142.8,0
2023-12-14,P002,48,129.28,121.94,0
2023-12-15,P002,39,189.15,197.29,0
2023-12-16,P002,44,188.25,203.23,0
2023-12-17,P002,51,149.95,156.17,0
2023-12-18,P002,63,125.76,118.36,1
2023-12-19,P002,53,103.49,93.95,0
2023-12-20,P002,38,190.03,202.92,0
2023-12-21,P002,43,152.22,141.66,0
2023-12-22,P002,43,167.95,177.01,0
2023-12-23,P002,46,189.87,192.66,0
2023-12-24,P002,57,133.69,144.32,0
2023-12-25,P002,68,113.99,110.07,1
2023-12-26,P002,39,175.71,174.78,0
2023-12-27,P002,41,179.15,173.42,0
2023-12-28,P002,40,180.49,193.04,0
2023-12-29,P002,51,119.53,117.86,0
2023-12-30,P002,63,118.08,121.28,0
2023-12-31,P002,64,120.83,113.86,0
2024-01-01,P002,55,107.09,114.76,0
2024-01-02,P002,42,162.52,160.42,0
2024-01-03,P002,39,187.89,188.93,0
2024-01-04,P002,51,126.36,115.06,0
2024-01-05,P002,43,167.77,168.86,0
2024-01-06,P002,55,153.44,156.53,0
2024-01-07,P002,65,118.15,129.25,0
2024-01-08,P002,42,167.9,182.09,0
2024-01-09,P002,42,170.97,176.67,0
2024-01-10,P002,46,158.66,161.91,0
2024-01-11,P002,46,146.82,147.39,0
2024-01-12,P002,53,120.92,128.3,0
2024-01-13,P002,83,119.88,123.68,1
2024-01-14,P002,58,142.21,135.86,0
2024-01-15,P002,48,152.88,165.8,0
2024-01-16,P002,48,147.94,142.85,0
2024-01-17,P002,58,168.75,163.23,1
2024-01-18,P002,41,185.0,166.94,0
2024-01-19,P002,48,152.41,139.77,0
2024-01-20,P002,50,189.61,190.29,0
2024-01-21,P002,56,157.85,155.61,0
2024-01-22,P002,55,110.05,101.38,0
2024-01-23,P002,55,177.64,177.81,1
2024-01-24,P002,44,171.55,156.52,0
2024-01-25,P002,49,154.54,147.2,0
2024-01-26,P002,66,140.79,127.84,1
2024-01-27,P002,62,143.21,138.41,0
2024-01-28,P002,66,131.38,121.04,0
2024-01-29,P002,52,135.92,148.6,0
2024-01-30,P002,41,189.39,203.22,0
2024-01-31,P002,47,156.66,160.76,0
2024-02-01,P002,52,143.8,143.28,0
2024-02-02,P002,45,170.58,185.07,0
2024-02-03,P002,69,108.39,108.08,0
2024-02-04,P002,52,184.32,175.09,0
2024-02-05,P002,56,133.84,143.26,0
2024-02-06,P002,64,152.98,138.17,1
2024-02-07,P002,42,188.83,184.18,0
2024-02-08,P002,64,156.88,170.45,1
2024-02-09,P002,49,154.43,142.88,0
2024-02-10,P002,59,154.97,166.74,0
2024-02-11,P002,60,160.91,173.76,0
2024-02-12,P002,48,158.68,149.22,0
2024-02-13,P002,43,183.97,193.55,0
2024-02-14,P002,47,163.36,171.74,0
2024-02-15,P002,51,145.44,137.46,0
2024-02-16,P002,49,158.06,157.07,0
2024-02-17,P002,70,116.52,127.81,0
2024-02-18,P002,68,121.94,128.5,0
2024-02-19,P002,53,141.13,142.98,0
2024-02-20,P002,61,105.27,111.94,0
2024-02-21,P002,44,181.87,166.84,0
2024-02-22,P002,51,151.13,161.09,0
2024-02-23,P002,60,115.26,125.3,0
2024-02-24,P002,57,170.01,165.37,0
2024-02-25,P002,53,186.57,178.2,0
2024-02-26,P002,56,132.85,144.26,0
2024-02-27,P002,59,121.56,128.8,0
2024-02-28,P002,48,168.87,161.53,0
2024-02-29,P002,56,130.4,143.0,0
2024-03-01,P002,51,160.38,158.28,0
2024-03-02,P002,54,180.48,168.95,0
2024-03-03,P002,52,187.41,197.01,0
2024-03-04,P002,54,138.31,141.3,0
2024-03-05,P002,53,142.82,130.21,0
2024-03-06,P002,57,129.99,129.32,0
2024-03-07,P002,58,118.3,107.83,0
2024-03-08,P002,50,155.11,167.03,0
2024-03-09,P002,73,116.86,114.97,0
2024-03-10,P002,60,165.55,162.59,0
2024-03-11,P002,53,148.14,144.24,0
2024-03-12,P002,44,190.19,187.17,0
2024-03-13,P002,53,147.9,150.33,0
2024-03-14,P002,48,174.12,186.81,0
2024-03-15,P002,52,143.91,157.34,0
2024-03-16,P002,59,165.2,151.43,0
2024-03-17,P002,55,179.9,181.69,0
2024-03-18,P002,55,140.39,151.0,0
2024-03-19,P002,59,121.49,110.67,0
2024-03-20,P002,46,189.55,190.03,0
2024-03-21,P002,59,129.19,124.15,0
2024-03-22,P002,59,120.49,111.55,0
2024-03-23,P002,69,129.81,122.73,0
2024-03-24,P002,95,118.14,114.19,1
2024-03-25,P002,44,186.72,201.33,0
2024-03-26,P002,54,144.21,150.26,0
2024-03-27,P002,43,190.6,178.57,0
2024-03-28,P002,63,106.9,96.68,0
2024-03-29,P002,48,172.06,175.7,0
2024-03-30,P002,65,141.38,128.01,0
2024-03-31,P002,58,172.86,174.09,0
2024-04-01,P002,55,145.69,142.46,0
2024-04-02,P002,46,182.07,186.26,0
2024-04-03,P002,46,185.57,202.72,0
2024-04-04,P002,52,148.52,162.15,0
2024-04-05,P002,60,116.07,117.92,0
2024-04-06,P002,69,128.45,141.26,0
2024-04-07,P002,73,108.28,109.98,0
2024-04-08,P002,61,110.73,110.96,0
2024-04-09,P002,57,126.35,121.71,0
2024-04-10,P002,80,111.12,112.69,1
2024-04-11,P002,46,184.03,165.85,0
2024-04-12,P002,47,175.27,166.77,0
2024-04-13,P002,65,143.29,148.82,0
2024-04-14,P002,61,168.39,165.21,0
2024-04-15,P002,62,118.4,129.71,0
2024-04-16,P002,49,179.04,169.27,0
2024-04-17,P002,52,151.61,157.52,0
2024-04-18,P002,54,149.07,139.25,0
2024-04-19,P002,55,137.49,133.28,0
2024-04-20,P002,65,141.68,150.01,0
2024-04-21,P002,64,154.51,149.63,0
2024-04-22,P002,46,175.2,175.36,0
2024-04-23,P002,57,126.53,114.11,0
2024-04-24,P002,47,160.87,175.89,0
2024-04-25,P002,52,154.04,165.24,0
2024-04-26,P002,61,115.77,117.69,0
2024-04-27,P002,59,167.05,162.77,0
2024-04-28,P002,93,111.6,119.79,1
2024-04-29,P002,74,125.04,136.71,1
2024-04-30,P002,43,188.34,203.24,0
2024-05-01,P002,42,189.09,186.95,0
2024-05-02,P002,58,131.86,125.89,0
2024-05-03,P002,48,168.69,153.56,0
2024-05-04,P002,72,107.78,103.81,0
2024-05-05,P002,62,146.93,141.66,0
2024-05-06,P002,57,120.45,122.29,0
2024-05-07,P002,41,190.57,180.72,0
2024-05-08,P002,50,163.8,150.32,0
2024-05-09,P002,50,163.41,149.16,0
2024-05-10,P002,49,156.25,166.93,0
2024-05-11,P002,74,106.1,113.4,0
2024-05-12,P002,63,144.21,157.28,0
2024-05-13,P002,60,109.85,103.24,0
2024-05-14,P002,55,134.24,124.19,0
2024-05-15,P002,58,129.09,122.35,0
2024-05-16,P002,59,122.34,115.43,0
2024-05-17,P002,53,135.91,132.94,0
2024-05-18,P002,50,189.96,190.19,0
2024-05-19,P002,55,172.34,184.69,0
2024-05-20,P002,46,178.3,171.63,0
2024-05-21,P002,58,108.81,113.2,0
2024-05-22,P002,58,104.28,108.31,0
2024-05-23,P002,45,171.33,164.62,0
2024-05-24,P002,45,175.35,183.31,0
2024-05-25,P002,55,164.83,180.9,0
2024-05-26,P002,88,123.37,133.61,1
2024-05-27,P002,58,117.27,123.18,0
2024-05-28,P002,49,153.78,148.67,0
2024-05-29,P002,47,154.76,166.8,0
2024-05-30,P002,49,153.87,140.06,0
2024-05-31,P002,74,124.05,123.85,1
2024-06-01,P002,64,130.91,126.27,0
2024-06-02,P002,64,126.29,125.38,0
2024-06-03,P002,56,115.22,121.58,0
2024-06-04,P002,44,175.02,184.39,0
2024-06-05,P002,58,113.51,115.27,0
2024-06-06,P002,47,160.71,159.37,0
2024-06-07,P002,49,150.27,137.69,0
2024-06-08,P002,79,141.97,136.08,1
2024-06-09,P002,59,151.75,160.7,0
2024-06-10,P002,54,117.89,108.56,0
2024-06-11,P002,55,116.31,115.55,0
2024-06-12,P002,57,112.87,116.25,0
2024-06-13,P002,43,180.35,165.03,0
2024-06-14,P002,57,113.37,103.15,0
2024-06-15,P002,63,126.23,123.33,0
2024-06-16,P002,48,186.99,191.12,0
2024-06-17,P002,42,177.42,185.79,0
2024-06-18,P002,68,127.79,131.35,1
2024-06-19,P002,51,133.63,120.93,0
2024-06-20,P002,44,165.16,172.6,0
2024-06-21,P002,43,177.54,164.34,0
2024-06-22,P002,55,161.04,176.58,0
2024-06-23,P002,48,184.23,179.16,0
2024-06-24,P002,42,176.66,183.78,0
2024-06-25,P002,48,144.12,143.23,0
2024-06-26,P002,39,185.71,190.95,0
2024-06-27,P002,50,131.03,143.41,0
2024-06-28,P002,49,135.32,134.72,0
2024-06-29,P002,60,134.9,140.71,0
2024-06-30,P002,62,127.18,122.49,0
2024-07-01,P002,53,114.51,116.75,0
2024-07-02,P002,40,180.5,194.61,0
2024-07-03,P002,46,143.21,148.1,0
2024-07-04,P002,41,176.2,167.2,0
2024-07-05,P002,48,140.75,132.09,0
2024-07-06,P002,62,112.44,121.69,0
2024-07-07,P002,48,176.14,170.59,0
2024-07-08,P002,46,151.85,139.44,0
2024-07-09,P002,40,170.48,159.85,0
2024-07-10,P002,51,119.74,109.13,0
2024-07-11,P002,44,155.51,165.45,0
2024-07-12,P002,47,132.37,128.39,0
2024-07-13,P002,53,156.27,158.79,0
2024-07-14,P002,51,169.15,175.08,0
2024-07-15,P002,64,121.66,112.65,1
2024-07-16,P002,42,163.35,175.07,0
2024-07-17,P002,36,188.74,173.85,0
2024-07-18,P002,40,175.46,178.22,0
2024-07-19,P002,43,158.21,168.79,0
2024-07-20,P002,63,108.39,113.76,0
2024-07-21,P002,47,178.83,172.18,0
2024-07-22,P002,35,188.32,170.75,0
2024-07-23,P002,43,154.8,144.77,0
2024-07-24,P002,47,124.27,124.13,0
2024-07-25,P002,48,184.5,194.06,1
2024-07-26,P002,43,147.78,159.95,0
2024-07-27,P002,76,116.41,108.42,1
2024-07-28,P002,49,163.99,167.06,0
2024-07-29,P002,39,170.32,167.1,0
2024-07-30,P002,34,190.64,182.72,0
2024-07-31,P002,47,129.54,123.12,0
2024-08-01,P002,35,184.54,175.89,0
2024-08-02,P002,48,182.81,197.69,1
2024-08-03,P002,57,118.37,129.46,0
2024-08-04,P002,52,143.55,137.85,0
2024-08-05,P002,48,120.1,115.39,0
2024-08-06,P002,50,111.65,103.64,0
2024-08-07,P002,62,114.96,118.26,1
2024-08-08,P002,48,120.89,121.79,0
2024-08-09,P002,38,163.43,169.4,0
2024-08-10,P002,49,159.14,161.35,0
2024-08-11,P002,44,177.19,194.61,0
2024-08-12,P002,62,117.91,129.23,1
2024-08-13,P002,36,190.77,197.89,0
2024-08-14,P002,45,125.0,132.02,0
2024-08-15,P002,36,184.09,179.78,0
2024-08-16,P002,38,159.31,153.27,0
2024-08-17,P002,43,170.96,185.87,0
2024-08-18,P002,42,186.79,195.66,0
2024-08-19,P002,45,125.82,114.93,0
2024-08-20,P002,58,127.16,132.78,1
2024-08-21,P002,45,126.2,131.74,0
2024-08-22,P002,50,105.9,98.4,0
2024-08-23,P002,46,176.36,167.01,1
2024-08-24,P002,48,161.23,148.57,0
2024-08-25,P002,56,104.91,113.5,0
2024-08-26,P002,43,127.31,131.46,0
2024-08-27,P002,33,188.98,204.7,0
2024-08-28,P002,40,147.98,162.11,0
2024-08-29,P002,44,188.89,176.19,1
2024-08-30,P002,43,129.95,138.16,0
2024-08-31,P002,50,136.94,125.67,0
2024-09-01,P002,51,133.74,131.5,0
2024-09-02,P002,45,118.17,129.66,0
2024-09-03,P002,35,176.17,160.55,0
2024-09-04,P002,46,114.08,115.92,0
2024-09-05,P002,35,185.73,183.72,0
2024-09-06,P002,37,166.22,173.93,0
2024-09-07,P002,72,118.83,108.63,1
2024-09-08,P002,49,135.46,136.4,0
2024-09-09,P002,34,191.71,189.11,0
2024-09-10,P002,35,174.0,177.32,0
2024-09-11,P002,36,181.99,186.72,0
2024-09-12,P002,40,140.41,130.42,0
2024-09-13,P002,45,111.7,116.97,0
2024-09-14,P002,50,131.77,131.93,0
2024-09-15,P002,53,117.81,123.99,0
2024-09-16,P002,46,116.16,104.74,0
2024-09-17,P002,45,105.18,105.56,0
2024-09-18,P002,63,104.07,102.46,1
2024-09-19,P002,38,167.06,158.14,0
2024-09-20,P002,35,175.48,178.58,0
2024-09-21,P002,53,122.09,130.15,0
2024-09-22,P002,48,140.25,133.47,0
2024-09-23,P002,34,180.26,179.82,0
2024-09-24,P002,46,121.51,124.59,0
2024-09-25,P002,42,135.21,134.83,0
2024-09-26,P002,39,153.56,166.36,0
2024-09-27,P002,37,174.39,177.4,0
2024-09-28,P002,47,147.05,138.0,0
2024-09-29,P002,48,144.53,139.77,0
2024-09-30,P002,33,187.82,189.06,0
2024-10-01,P002,36,159.39,155.43,0
2024-10-02,P002,45,112.2,114.96,0
2024-10-03,P002,40,143.02,133.43,0
2024-10-04,P002,41,139.43,151.33,0
2024-10-05,P002,44,166.38,152.54,0
2024-10-06,P002,36,190.68,197.03,0
2024-10-07,P002,42,128.71,140.7,0
2024-10-08,P002,58,118.9,122.42,1
2024-10-09,P002,44,125.17,129.51,0
2024-10-10,P002,39,157.88,170.27,0
2024-10-11,P002,44,110.38,121.15,0
2024-10-12,P002,64,137.92,144.34,1
2024-10-13,P002,44,164.1,156.92,0
2024-10-14,P002,40,139.85,132.42,0
2024-10-15,P002,45,105.15,94.78,0
2024-10-16,P002,36,163.7,174.35,0
2024-10-17,P002,45,116.4,119.11,0
2024-10-18,P002,46,107.39,110.02,0
2024-10-19,P002,52,130.79,138.92,0
2024-10-20,P002,49,138.9,151.32,0
2024-10-21,P002,41,139.44,150.53,0
2024-10-22,P002,36,183.87,168.7,0
2024-10-23,P002,34,186.42,175.27,0
2024-10-24,P002,36,174.77,187.01,0
2024-10-25,P002,43,129.04,131.0,0
2024-10-26,P002,58,160.59,145.08,1
2024-10-27,P002,40,188.53,204.83,0
2024-10-28,P002,38,162.44,172.92,0
2024-10-29,P002,45,104.59,104.57,0
2024-10-30,P002,49,109.81,113.86,0
2024-10-31,P002,40,148.01,137.63,0
2024-11-01,P002,40,160.87,150.33,0
2024-11-02,P002,41,180.74,197.45,0
2024-11-03,P002,49,149.36,136.6,0
2024-11-04,P002,40,158.97,169.07,0
2024-11-05,P002,33,190.18,190.25,0
2024-11-06,P002,41,143.74,145.09,0
2024-11-07,P002,53,151.83,139.36,1
2024-11-08,P002,43,140.46,130.04,0
2024-11-09,P002,59,167.23,153.89,1
2024-11-10,P002,48,158.64,150.19,0
2024-11-11,P002,50,160.07,151.61,1
2024-11-12,P002,38,166.67,154.24,0
2024-11-13,P002,43,141.31,131.73,0
2024-11-14,P002,38,165.49,165.69,0
2024-11-15,P002,37,175.62,190.94,0
2024-11-16,P002,50,148.93,145.78,0
2024-11-17,P002,44,178.59,178.34,0
2024-11-18,P002,43,145.24,154.88,0
2024-11-19,P002,43,139.18,134.54,0
2024-11-20,P002,41,147.01,155.65,0
2024-11-21,P002,43,146.53,141.67,0
2024-11-22,P002,47,112.88,111.99,0
2024-11-23,P002,54,130.63,118.49,0
2024-11-24,P002,56,132.05,128.26,0
2024-11-25,P002,45,143.06,156.38,0
2024-11-26,P002,44,136.86,135.7,0
2024-11-27,P002,38,170.73,160.69,0
2024-11-28,P002,39,166.28,175.45,0
2024-11-29,P002,45,133.43,135.13,0
2024-11-30,P002,57,121.58,130.68,0
2024-12-01,P002,55,134.66,140.66,0
2024-12-02,P002,46,131.7,120.69,0
2024-12-03,P002,47,120.78,131.5,0
2024-12-04,P002,37,189.96,191.66,0
2024-12-05,P002,47,127.32,132.47,0
2024-12-06,P002,41,161.81,149.31,0
2024-12-07,P002,62,103.76,114.12,0
2024-12-08,P002,47,174.52,167.54,0
2024-12-09,P002,51,116.82,111.79,0
2024-12-10,P002,46,136.73,125.18,0
2024-12-11,P002,53,105.01,96.66,0
2024-12-12,P002,60,139.79,148.23,1
2024-12-13,P002,45,144.75,140.75,0
2024-12-14,P002,80,113.02,105.52,1
2024-12-15,P002,54,148.81,148.43,0
2024-12-16,P002,43,158.82,160.1,0
2024-12-17,P002,53,107.87,98.44,0
2024-12-18,P002,49,120.02,128.09,0
2024-12-19,P002,51,117.13,112.47,0
2024-12-20,P002,48,125.48,125.2,0
2024-12-21,P002,56,139.52,153.1,0
2024-12-22,P002,82,108.37,115.66,1
2024-12-23,P002,45,148.79,149.59,0
2024-12-24,P002,44,153.19,147.64,0
2024-12-25,P002,44,156.02,146.97,0
2024-12-26,P002,53,113.72,109.11,0
2024-12-27,P002,53,115.43,107.25,0
2024-12-28,P002,53,165.23,179.69,0
2024-12-29,P002,68,164.74,153.4,1
2024-12-30,P002,50,124.99,114.3,0
2024-12-31,P002,44,165.75,162.52,0
2023-01-01,P003,21,650.56,626.78,0
2023-01-02,P003,14,765.91,813.7,1
2023-01-03,P003,11,805.87,833.75,0
2023-01-04,P003,25,480.88,445.92,0
2023-01-05,P003,21,552.88,595.17,0
2023-01-06,P003,24,470.25,465.24,0
2023-01-07,P003,31,465.09,494.8,0
2023-01-08,P003,25,604.85,629.36,0
2023-01-09,P003,10,841.07,846.34,0
2023-01-10,P003,19,620.66,595.6,0
2023-01-11,P003,23,512.39,547.49,0
2023-01-12,P003,19,605.79,569.31,0
2023-01-13,P003,18,700.69,639.13,0
2023-01-14,P003,20,626.06,657.2,0
2023-01-15,P003,16,790.33,833.2,0
2023-01-16,P003,25,477.65,519.19,0
2023-01-17,P003,10,793.12,847.45,0
2023-01-18,P003,19,582.42,542.51,0
2023-01-19,P003,22,474.59,517.01,0
2023-01-20,P003,21,557.65,605.44,0
2023-01-21,P003,19,691.99,715.11,0
2023-01-22,P003,14,823.48,747.52,0
2023-01-23,P003,21,536.28,571.81,0
2023-01-24,P003,16,766.1,771.24,1
2023-01-25,P003,24,462.37,438.44,0
2023-01-26,P003,23,544.78,520.77,0
2023-01-27,P003,22,538.16,538.62,0
2023-01-28,P003,18,805.28,782.15,1
2023-01-29,P003,16,758.52,766.21,0
2023-01-30,P003,12,785.92,713.63,0
2023-01-31,P003,12,852.3,832.44,0
2023-02-01,P003,22,522.59,531.56,0
2023-02-02,P003,17,694.77,687.23,0
2023-02-03,P003,12,793.58,799.56,0
2023-02-04,P003,17,725.23,766.42,0
2023-02-05,P003,23,618.71,672.25,0
2023-02-06,P003,26,614.06,642.25,1
2023-02-07,P003,26,470.34,505.92,0
2023-02-08,P003,16,671.19,728.89,0
2023-02-09,P003,17,653.97,693.56,0
2023-02-10,P003,22,560.13,604.9,0
2023-02-11,P003,14,823.18,852.34,0
2023-02-12,P003,17,770.75,713.87,0
2023-02-13,P003,17,700.4,652.05,0
2023-02-14,P003,23,534.76,520.33,0
2023-02-15,P003,19,633.62,634.09,0
2023-02-16,P003,24,534.64,542.55,0
2023-02-17,P003,18,714.84,691.34,0
2023-02-18,P003,17,765.44,755.15,0
2023-02-19,P003,24,654.13,629.25,0
2023-02-20,P003,27,496.27,455.67,0
2023-02-21,P003,10,828.09,804.36,0
2023-02-22,P003,17,697.04,743.82,0
2023-02-23,P003,27,479.58,432.5,0
2023-02-24,P003,23,542.08,591.85,0
2023-02-25,P003,20,705.33,638.77,0
2023-02-26,P003,28,559.25,601.92,0
2023-02-27,P003,20,627.08,615.55,0
2023-02-28,P003,24,538.07,539.91,0
2023-03-01,P003,16,822.09,889.08,1
2023-03-02,P003,27,510.81,514.29,0
2023-03-03,P003,12,810.75,741.1,0
2023-03-04,P003,33,572.49,552.4,1
2023-03-05,P003,13,836.77,865.44,0
2023-03-06,P003,23,526.54,525.11,0
2023-03-07,P003,15,754.91,780.43,0
2023-03-08,P003,26,512.31,557.99,0
2023-03-09,P003,32,514.81,559.45,1
2023-03-10,P003,16,747.55,785.5,0
2023-03-11,P003,31,549.08,578.73,0
2023-03-12,P003,30,503.47,550.03,0
2023-03-13,P003,13,815.01,818.0,0
2023-03-14,P003,19,645.26,621.31,0
2023-03-15,P003,17,692.48,710.38,0
2023-03-16,P003,17,739.37,770.59,0
2023-03-17,P003,27,482.87,459.93,0
2023-03-18,P003,29,558.07,556.17,0
2023-03-19,P003,16,813.67,748.06,0
2023-03-20,P003,19,650.91,714.92,0
2023-03-21,P003,14,767.55,726.66,0
