data/synthetic/sales_history.csv
date,product_id,units_sold,price_charged,competitor_price,promo_flag
2023-03-22,P003,19,624.56,659.55,0
2023-03-23,P003,13,767.86,768.16,0
2023-03-24,P003,19,702.03,710.44,0
2023-03-25,P003,22,655.01,695.98,0
2023-03-26,P003,29,676.94,626.99,1
2023-03-27,P003,13,765.86,768.68,0
2023-03-28,P003,26,506.9,550.9,0
2023-03-29,P003,24,535.02,522.52,0
2023-03-30,P003,17,777.15,770.36,1
2023-03-31,P003,25,529.94,492.57,0
2023-04-01,P003,19,704.64,713.91,0
2023-04-02,P003,18,745.47,804.37,0
2023-04-03,P003,10,847.44,908.34,0
2023-04-04,P003,26,505.87,456.22,0
2023-04-05,P003,21,637.57,579.69,0
2023-04-06,P003,18,677.78,693.12,0
2023-04-07,P003,10,806.53,832.65,0
2023-04-08,P003,24,634.26,606.92,0
2023-04-09,P003,31,480.92,497.13,0
2023-04-10,P003,13,804.14,860.98,0
2023-04-11,P003,11,824.57,785.86,0
2023-04-12,P003,12,820.45,746.69,0
2023-04-13,P003,25,479.66,500.8,0
2023-04-14,P003,19,638.39,660.09,0
2023-04-15,P003,33,462.43,490.72,0
2023-04-16,P003,31,493.68,492.19,0
2023-04-17,P003,20,602.94,581.32,0
2023-04-18,P003,11,844.21,832.42,0
2023-04-19,P003,12,808.99,776.87,0
2023-04-20,P003,27,499.74,506.77,0
2023-04-21,P003,28,483.5,448.74,0
2023-04-22,P003,26,708.95,715.31,1
2023-04-23,P003,26,574.61,626.14,0
2023-04-24,P003,13,796.09,733.38,0
2023-04-25,P003,19,657.53,612.91,0
2023-04-26,P003,10,849.9,826.8,0
2023-04-27,P003,15,715.62,662.53,0
2023-04-28,P003,21,632.78,574.64,0
2023-04-29,P003,14,824.33,879.23,0
2023-04-30,P003,27,580.18,557.35,0
2023-05-01,P003,22,605.94,553.39,0
2023-05-02,P003,10,854.29,844.51,0
2023-05-03,P003,14,838.27,795.69,1
2023-05-04,P003,20,673.11,614.95,0
2023-05-05,P003,24,539.06,508.29,0
2023-05-06,P003,18,754.76,711.78,0
2023-05-07,P003,14,803.68,874.76,0
2023-05-08,P003,17,667.72,607.6,0
2023-05-09,P003,22,568.67,586.21,0
2023-05-10,P003,18,673.71,699.83,0
2023-05-11,P003,19,656.16,657.81,0
2023-05-12,P003,21,568.38,591.87,0
2023-05-13,P003,11,834.99,806.49,0
2023-05-14,P003,35,479.0,447.24,0
2023-05-15,P003,14,763.6,837.66,0
2023-05-16,P003,11,837.03,871.26,0
2023-05-17,P003,19,642.11,647.33,0
2023-05-18,P003,10,798.92,797.84,0
2023-05-19,P003,17,691.75,648.73,0
2023-05-20,P003,15,819.25,753.63,0
2023-05-21,P003,21,701.67,648.48,0
2023-05-22,P003,23,493.46,502.22,0
2023-05-23,P003,26,497.63,490.76,0
2023-05-24,P003,31,531.53,551.46,1
2023-05-25,P003,21,591.22,543.3,0
2023-05-26,P003,9,848.95,874.4,0
2023-05-27,P003,30,472.06,501.35,0
2023-05-28,P003,21,674.89,629.33,0
2023-05-29,P003,11,816.92,847.31,0
2023-05-30,P003,22,561.3,569.43,0
2023-05-31,P003,25,622.56,605.58,1
2023-06-01,P003,30,548.19,539.88,1
2023-06-02,P003,17,639.27,607.84,0
2023-06-03,P003,18,789.22,758.4,0
2023-06-04,P003,35,534.31,490.06,1
2023-06-05,P003,15,745.24,728.9,0
2023-06-06,P003,18,627.02,623.15,0
2023-06-07,P003,19,607.98,627.89,0
2023-06-08,P003,14,726.08,695.04,0
2023-06-09,P003,18,644.59,583.1,0
2023-06-10,P003,13,817.6,770.29,0
2023-06-11,P003,26,552.43,567.82,0
2023-06-12,P003,24,492.05,456.05,0
2023-06-13,P003,16,717.75,725.99,0
2023-06-14,P003,20,563.72,580.72,0
2023-06-15,P003,21,508.35,484.75,0
2023-06-16,P003,17,701.6,753.71,0
2023-06-17,P003,10,858.08,810.92,0
2023-06-18,P003,35,564.15,561.83,1
2023-06-19,P003,25,607.8,592.42,1
2023-06-20,P003,20,614.25,655.6,0
2023-06-21,P003,13,720.14,765.93,0
2023-06-22,P003,25,477.48,512.89,0
2023-06-23,P003,17,665.45,687.73,0
2023-06-24,P003,36,467.33,502.06,1
2023-06-25,P003,20,639.29,631.55,0
2023-06-26,P003,16,658.94,646.24,0
2023-06-27,P003,14,731.19,745.71,0
2023-06-28,P003,12,782.23,721.12,0
2023-06-29,P003,19,619.7,664.46,0
2023-06-30,P003,21,493.32,451.15,0
2023-07-01,P003,14,799.2,806.05,0
2023-07-02,P003,13,792.3,732.89,0
2023-07-03,P003,23,513.7,504.97,0
2023-07-04,P003,19,591.82,604.45,0
2023-07-05,P003,11,830.95,795.26,0
2023-07-06,P003,21,557.06,589.03,0
2023-07-07,P003,23,484.62,490.47,0
2023-07-08,P003,13,750.98,729.18,0
2023-07-09,P003,19,705.04,724.85,0
2023-07-10,P003,28,565.08,518.14,1
2023-07-11,P003,22,509.54,544.23,0
2023-07-12,P003,12,740.15,782.94,0
2023-07-13,P003,17,601.35,564.29,0
2023-07-14,P003,21,486.53,495.38,0
2023-07-15,P003,10,854.24,910.56,0
2023-07-16,P003,16,741.2,807.27,0
2023-07-17,P003,17,624.31,640.62,0
2023-07-18,P003,19,640.42,600.54,0
2023-07-19,P003,17,663.52,694.77,0
2023-07-20,P003,13,725.29,669.21,0
2023-07-21,P003,13,747.81,810.61,0
2023-07-22,P003,27,484.13,515.18,0
2023-07-23,P003,28,477.21,443.62,0
2023-07-24,P003,10,757.99,683.46,0
2023-07-25,P003,28,529.08,573.17,1
2023-07-26,P003,13,741.82,767.31,0
2023-07-27,P003,19,618.53,608.32,0
2023-07-28,P003,13,751.8,755.09,0
2023-07-29,P003,26,491.67,513.79,0
2023-07-30,P003,11,816.81,754.33,0
2023-07-31,P003,7,854.64,868.35,0
2023-08-01,P003,10,820.49,790.98,0
2023-08-02,P003,17,727.85,704.04,1
2023-08-03,P003,18,545.96,525.56,0
2023-08-04,P003,19,533.14,505.98,0
2023-08-05,P003,26,639.95,616.98,1
2023-08-06,P003,14,757.24,811.92,0
2023-08-07,P003,15,686.49,639.43,0
2023-08-08,P003,15,735.93,793.29,0
2023-08-09,P003,16,636.79,687.88,0
2023-08-10,P003,14,759.72,733.22,0
2023-08-11,P003,11,852.01,880.53,1
2023-08-12,P003,27,479.65,437.09,0
2023-08-13,P003,24,471.74,467.02,0
2023-08-14,P003,15,594.1,554.26,0
2023-08-15,P003,12,735.34,737.48,0
2023-08-16,P003,26,541.58,495.25,1
2023-08-17,P003,18,520.7,476.26,0
2023-08-18,P003,11,784.15,818.08,0
2023-08-19,P003,16,727.51,724.16,0
2023-08-20,P003,15,716.77,756.6,0
2023-08-21,P003,14,660.54,641.72,0
2023-08-22,P003,19,572.2,614.65,0
2023-08-23,P003,18,597.92,630.18,0
2023-08-24,P003,14,684.71,687.12,0
2023-08-25,P003,14,691.25,725.72,0
2023-08-26,P003,10,844.52,863.93,0
2023-08-27,P003,18,653.43,600.33,0
2023-08-28,P003,10,766.62,736.91,0
2023-08-29,P003,11,794.26,726.33,0
2023-08-30,P003,10,811.4,882.15,0
2023-08-31,P003,14,730.97,718.46,1
2023-09-01,P003,10,735.49,808.55,0
2023-09-02,P003,12,759.77,781.76,0
2023-09-03,P003,21,603.05,607.56,0
2023-09-04,P003,10,795.43,721.2,0
2023-09-05,P003,21,607.6,555.64,1
2023-09-06,P003,7,840.34,793.83,0
2023-09-07,P003,9,827.73,836.68,0
2023-09-08,P003,11,831.11,748.89,1
2023-09-09,P003,13,758.76,824.57,0
2023-09-10,P003,16,677.19,680.91,0
2023-09-11,P003,19,518.2,561.17,0
2023-09-12,P003,17,544.95,562.96,0
2023-09-13,P003,18,493.46,516.75,0
2023-09-14,P003,17,581.63,577.37,0
2023-09-15,P003,13,699.79,672.17,0
2023-09-16,P003,18,724.73,675.2,1
2023-09-17,P003,14,734.93,697.77,0
2023-09-18,P003,10,758.81,722.7,0
2023-09-19,P003,9,811.64,830.12,0
2023-09-20,P003,20,497.03,486.25,0
2023-09-21,P003,12,744.92,712.52,0
2023-09-22,P003,22,612.06,563.46,1
2023-09-23,P003,15,747.18,709.66,0
2023-09-24,P003,20,590.83,571.24,0
2023-09-25,P003,21,472.48,510.02,0
2023-09-26,P003,13,667.61,661.67,0
2023-09-27,P003,26,474.49,459.49,1
2023-09-28,P003,9,828.48,749.67,0
2023-09-29,P003,15,692.66,682.81,1
2023-09-30,P003,15,720.73,753.47,0
2023-10-01,P003,24,462.56,419.8,0
2023-10-02,P003,18,511.03,560.74,0
2023-10-03,P003,17,587.18,558.64,0
2023-10-04,P003,21,470.56,444.5,0
2023-10-05,P003,20,484.67,458.49,0
2023-10-06,P003,13,666.71,633.84,0
2023-10-07,P003,10,834.95,810.64,0
2023-10-08,P003,20,613.3,602.49,0
2023-10-09,P003,12,750.57,817.23,0
2023-10-10,P003,21,595.39,602.62,1
2023-10-11,P003,19,499.94,470.56,0
2023-10-12,P003,8,809.6,754.27,0
2023-10-13,P003,16,642.83,627.8,0
2023-10-14,P003,12,806.64,817.66,0
2023-10-15,P003,18,636.42,677.24,0
2023-10-16,P003,12,705.78,752.67,0
2023-10-17,P003,15,658.02,696.22,0
2023-10-18,P003,21,579.46,578.96,1
2023-10-19,P003,14,629.14,583.39,0
2023-10-20,P003,18,540.21,492.17,0
2023-10-21,P003,21,540.78,525.4,0
2023-10-22,P003,24,465.62,497.21,0
2023-10-23,P003,23,474.95,489.56,0
2023-10-24,P003,17,615.64,633.77,0
2023-10-25,P003,20,480.01,484.77,0
2023-10-26,P003,8,814.06,749.69,0
2023-10-27,P003,9,788.24,759.33,0
2023-10-28,P003,17,620.83,577.43,0
2023-10-29,P003,17,661.81,660.57,0
2023-10-30,P003,11,798.59,831.5,0
2023-10-31,P003,19,656.61,666.72,1
2023-11-01,P003,18,549.9,524.51,0
2023-11-02,P003,11,780.51,764.08,0
2023-11-03,P003,14,657.31,707.35,0
2023-11-04,P003,18,625.89,563.59,0
2023-11-05,P003,22,559.27,579.47,0
2023-11-06,P003,19,510.33,525.42,0
2023-11-07,P003,11,744.42,696.55,0
2023-11-08,P003,20,493.81,525.59,0
2023-11-09,P003,11,767.08,781.92,0
2023-11-10,P003,16,595.89,597.05,0
2023-11-11,P003,21,694.18,674.65,1
2023-11-12,P003,19,650.63,702.84,0
2023-11-13,P003,18,527.23,514.73,0
2023-11-14,P003,21,518.09,562.84,0
2023-11-15,P003,18,572.78,624.35,0
2023-11-16,P003,20,487.34,525.72,0
2023-11-17,P003,14,672.21,694.98,0
2023-11-18,P003,16,791.78,733.03,1
2023-11-19,P003,19,647.9,660.64,0
2023-11-20,P003,22,474.55,520.36,0
2023-11-21,P003,13,714.7,666.33,0
2023-11-22,P003,8,821.21,890.48,0
2023-11-23,P003,11,762.41,797.74,0
2023-11-24,P003,15,743.28,771.27,1
2023-11-25,P003,29,549.34,542.6,1
2023-11-26,P003,13,772.13,817.25,0
2023-11-27,P003,12,794.57,819.17,0
2023-11-28,P003,18,552.79,510.42,0
2023-11-29,P003,17,570.51,537.37,0
2023-11-30,P003,17,642.69,590.73,0
2023-12-01,P003,10,827.83,839.17,0
2023-12-02,P003,20,606.4,629.87,0
2023-12-03,P003,27,478.01,510.46,0
2023-12-04,P003,15,639.86,662.52,0
2023-12-05,P003,16,768.27,764.15,1
2023-12-06,P003,15,707.04,706.74,0
2023-12-07,P003,10,795.83,843.8,0
2023-12-08,P003,16,624.93,665.7,0
2023-12-09,P003,22,552.47,555.17,0
2023-12-10,P003,15,781.68,741.91,0
2023-12-11,P003,20,505.58,535.35,0
2023-12-12,P003,22,501.49,486.09,0
2023-12-13,P003,8,847.83,929.18,0
2023-12-14,P003,18,568.58,592.18,0
2023-12-15,P003,23,474.63,509.77,0
2023-12-16,P003,25,517.21,564.82,0
2023-12-17,P003,16,736.93,781.35,0
2023-12-18,P003,16,619.83,617.43,0
2023-12-19,P003,14,680.93,698.88,0
2023-12-20,P003,18,564.16,558.42,0
2023-12-21,P003,15,688.39,679.52,0
2023-12-22,P003,24,626.65,668.42,1
2023-12-23,P003,25,561.32,573.62,0
2023-12-24,P003,18,694.15,668.3,0
2023-12-25,P003,19,518.48,488.8,0
2023-12-26,P003,23,504.08,549.51,0
2023-12-27,P003,14,751.4,684.08,0
2023-12-28,P003,10,812.65,826.61,0
2023-12-29,P003,10,849.03,854.52,0
2023-12-30,P003,14,821.0,872.92,0
2023-12-31,P003,9,853.86,834.88,0
2024-01-01,P003,24,481.06,452.06,0
2024-01-02,P003,18,658.34,690.24,0
2024-01-03,P003,10,767.54,840.26,0
2024-01-04,P003,14,725.12,711.81,0
2024-01-05,P003,19,573.41,535.76,0
2024-01-06,P003,20,672.22,643.99,0
2024-01-07,P003,18,711.47,680.63,0
2024-01-08,P003,31,462.37,427.87,1
2024-01-09,P003,10,832.21,878.54,0
2024-01-10,P003,16,703.41,769.66,0
2024-01-11,P003,18,610.31,597.65,0
2024-01-12,P003,10,844.18,850.76,0
2024-01-13,P003,32,576.34,593.04,1
2024-01-14,P003,22,610.44,665.49,0
2024-01-15,P003,25,471.07,454.2,0
2024-01-16,P003,21,562.23,566.08,0
2024-01-17,P003,11,788.7,822.14,0
2024-01-18,P003,20,614.81,602.8,0
2024-01-19,P003,12,772.64,753.53,0
2024-01-20,P003,21,606.18,551.9,0
2024-01-21,P003,16,733.91,780.3,0
2024-01-22,P003,12,780.28,778.16,0
2024-01-23,P003,19,580.53,549.88,0
2024-01-24,P003,15,751.73,682.62,0
2024-01-25,P003,23,499.83,473.94,0
2024-01-26,P003,10,833.2,836.56,0
2024-01-27,P003,24,606.83,586.81,0
2024-01-28,P003,28,544.41,531.1,0
2024-01-29,P003,19,587.76,596.83,0
2024-01-30,P003,33,488.38,458.23,1
2024-01-31,P003,19,623.7,644.17,0
2024-02-01,P003,22,563.35,521.33,0
2024-02-02,P003,24,485.47,453.82,0
2024-02-03,P003,16,763.72,689.77,0
2024-02-04,P003,21,683.3,691.89,0
2024-02-05,P003,19,586.44,562.41,0
2024-02-06,P003,14,752.88,692.29,0
2024-02-07,P003,12,818.02,793.46,0
2024-02-08,P003,16,680.73,692.89,0
2024-02-09,P003,23,670.36,630.54,1
2024-02-10,P003,23,641.32,589.62,0
2024-02-11,P003,22,679.42,706.97,0
2024-02-12,P003,12,776.37,809.0,0
2024-02-13,P003,16,730.66,661.16,0
2024-02-14,P003,21,625.43,589.92,0
2024-02-15,P003,16,696.4,753.95,0
2024-02-16,P003,14,778.39,739.75,0
2024-02-17,P003,12,851.0,870.35,0
2024-02-18,P003,15,776.7,794.02,0
2024-02-19,P003,16,738.07,714.82,0
2024-02-20,P003,25,505.05,507.14,0
2024-02-21,P003,14,756.36,757.83,0
2024-02-22,P003,19,629.66,608.95,0
2024-02-23,P003,10,849.01,912.44,0
2024-02-24,P003,27,592.79,585.83,0
2024-02-25,P003,33,469.39,429.45,0
2024-02-26,P003,19,664.51,680.15,0
2024-02-27,P003,17,717.62,649.93,0
2024-02-28,P003,12,790.57,823.56,0
2024-02-29,P003,24,547.41,497.08,0
2024-03-01,P003,23,541.97,533.13,0
2024-03-02,P003,21,663.78,660.69,0
2024-03-03,P003,27,569.53,557.65,0
2024-03-04,P003,22,580.62,623.23,0
2024-03-05,P003,14,758.16,702.2,0
2024-03-06,P003,17,738.14,694.75,0
2024-03-07,P003,20,637.11,668.25,0
2024-03-08,P003,23,707.72,750.62,1
2024-03-09,P003,24,633.37,689.23,0
2024-03-10,P003,24,654.99,650.09,0
2024-03-11,P003,14,773.35,723.82,0
2024-03-12,P003,21,647.62,708.25,0
2024-03-13,P003,17,760.64,810.85,0
2024-03-14,P003,26,481.8,515.76,0
2024-03-15,P003,17,679.57,649.93,0
2024-03-16,P003,21,672.62,612.31,0
2024-03-17,P003,30,525.09,497.09,0
2024-03-18,P003,20,641.92,644.12,0
2024-03-19,P003,16,764.85,782.95,0
2024-03-20,P003,26,507.09,472.24,0
2024-03-21,P003,22,635.44,645.7,0
2024-03-22,P003,20,616.07,575.5,0
2024-03-23,P003,27,552.16,553.81,0
2024-03-24,P003,32,529.9,547.16,0
2024-03-25,P003,13,800.08,876.17,0
2024-03-26,P003,20,594.32,605.62,0
2024-03-27,P003,25,498.01,543.75,0
2024-03-28,P003,15,745.85,788.83,0
2024-03-29,P003,14,741.27,794.4,0
2024-03-30,P003,16,841.41,841.25,0
2024-03-31,P003,15,831.38,823.81,0
2024-04-01,P003,27,545.2,491.09,0
2024-04-02,P003,21,557.97,552.22,0
2024-04-03,P003,11,850.84,825.36,0
2024-04-04,P003,20,641.45,674.9,0
2024-04-05,P003,27,521.66,529.15,0
2024-04-06,P003,28,562.78,519.66,0
2024-04-07,P003,12,852.91,820.27,0
2024-04-08,P003,26,513.91,469.1,0
2024-04-09,P003,11,804.0,878.21,0
2024-04-10,P003,23,560.05,575.81,0
2024-04-11,P003,20,626.29,597.49,0
2024-04-12,P003,23,544.23,509.36,0
2024-04-13,P003,21,735.33,744.9,0
2024-04-14,P003,16,802.51,830.36,0
2024-04-15,P003,25,507.85,527.64,0
2024-04-16,P003,19,637.23,695.45,0
2024-04-17,P003,23,593.02,647.84,0
2024-04-18,P003,13,819.48,900.71,0
2024-04-19,P003,23,562.39,555.28,0
2024-04-20,P003,22,668.39,660.85,0
2024-04-21,P003,29,530.07,569.64,0
2024-04-22,P003,16,741.59,764.38,0
2024-04-23,P003,10,841.17,757.56,0
2024-04-24,P003,24,560.52,514.72,0
2024-04-25,P003,19,665.89,630.14,0
2024-04-26,P003,24,534.08,530.73,0
2024-04-27,P003,14,834.17,781.76,0
2024-04-28,P003,13,849.79,793.73,0
2024-04-29,P003,22,587.53,578.66,0
2024-04-30,P003,23,584.84,526.4,0
2024-05-01,P003,16,698.51,756.62,0
2024-05-02,P003,23,576.37,600.88,0
2024-05-03,P003,14,734.9,708.34,0
2024-05-04,P003,29,562.21,556.85,0
2024-05-05,P003,24,630.43,587.15,0
2024-05-06,P003,19,631.23,624.17,0
2024-05-07,P003,14,771.88,799.67,0
2024-05-08,P003,18,713.95,719.85,0
2024-05-09,P003,22,590.62,547.65,0
2024-05-10,P003,13,813.96,827.94,0
2024-05-11,P003,19,729.42,773.81,0
2024-05-12,P003,19,723.46,767.31,0
2024-05-13,P003,18,610.33,596.67,0
2024-05-14,P003,24,500.19,490.75,0
2024-05-15,P003,17,731.54,668.2,0
2024-05-16,P003,17,697.52,651.56,0
2024-05-17,P003,16,817.87,843.41,1
2024-05-18,P003,17,811.7,879.73,0
2024-05-19,P003,13,818.85,810.36,0
2024-05-20,P003,27,571.01,546.67,1
2024-05-21,P003,21,568.7,609.77,0
2024-05-22,P003,24,489.96,474.72,0
2024-05-23,P003,26,486.66,464.27,0
2024-05-24,P003,13,766.75,761.16,0
2024-05-25,P003,23,648.64,697.1,0
2024-05-26,P003,19,764.52,817.63,0
2024-05-27,P003,26,466.06,457.01,0
2024-05-28,P003,11,821.76,826.63,0
2024-05-29,P003,22,600.07,602.53,0
2024-05-30,P003,17,721.96,774.12,0
2024-05-31,P003,23,523.57,518.5,0
2024-06-01,P003,22,623.95,641.45,0
2024-06-02,P003,15,809.97,796.71,0
2024-06-03,P003,12,823.25,744.28,0
2024-06-04,P003,16,701.8,670.5,0
2024-06-05,P003,13,803.96,831.97,0
2024-06-06,P003,21,550.04,498.86,0
2024-06-07,P003,20,624.44,661.95,0
2024-06-08,P003,28,643.37,657.08,1
2024-06-09,P003,19,701.71,670.2,0
2024-06-10,P003,22,567.29,571.4,0
2024-06-11,P003,17,640.24,668.23,0
2024-06-12,P003,29,546.97,513.82,1
2024-06-13,P003,19,625.83,609.74,0
2024-06-14,P003,17,640.15,644.91,0
2024-06-15,P003,24,542.92,492.49,0
2024-06-16,P003,26,659.59,666.74,1
2024-06-17,P003,15,683.71,649.83,0
2024-06-18,P003,13,783.52,853.59,0
2024-06-19,P003,28,516.14,470.73,1
2024-06-20,P003,20,591.25,549.12,0
2024-06-21,P003,13,743.58,670.6,0
2024-06-22,P003,15,782.5,731.82,0
2024-06-23,P003,19,702.48,676.58,0
2024-06-24,P003,21,496.72,469.2,0
2024-06-25,P003,30,536.79,511.43,1
2024-06-26,P003,23,467.06,468.83,0
2024-06-27,P003,15,702.3,698.25,0
2024-06-28,P003,21,689.48,748.49,1
2024-06-29,P003,13,790.51,752.98,0
2024-06-30,P003,19,662.15,694.47,0
2024-07-01,P003,17,661.67,702.16,0
2024-07-02,P003,19,576.99,595.93,0
2024-07-03,P003,19,631.31,679.71,0
2024-07-04,P003,17,658.7,634.1,0
2024-07-05,P003,12,760.91,816.57,0
2024-07-06,P003,14,749.32,734.9,0
2024-07-07,P003,23,547.37,511.91,0
2024-07-08,P003,16,756.81,719.28,1
2024-07-09,P003,17,642.23,628.24,0
2024-07-10,P003,22,493.97,453.45,0
2024-07-11,P003,13,696.35,686.86,0
2024-07-12,P003,24,483.65,485.25,0
2024-07-13,P003,18,662.27,629.35,0
2024-07-14,P003,25,531.05,579.68,0
2024-07-15,P003,13,800.91,754.44,1
2024-07-16,P003,20,657.17,594.03,1
2024-07-17,P003,14,728.3,679.42,0
2024-07-18,P003,11,780.89,826.49,0
2024-07-19,P003,20,512.67,487.52,0
2024-07-20,P003,23,566.58,572.95,0
2024-07-21,P003,20,625.29,580.65,0
2024-07-22,P003,12,802.2,771.53,0
2024-07-23,P003,12,723.34,722.74,0
2024-07-24,P003,15,752.42,690.39,0
2024-07-25,P003,14,727.03,717.91,0
2024-07-26,P003,16,622.18,577.01,0
2024-07-27,P003,18,663.08,698.04,0
2024-07-28,P003,29,564.61,562.44,1
2024-07-29,P003,9,855.35,840.78,0
2024-07-30,P003,12,766.53,696.09,0
2024-07-31,P003,20,510.98,546.31,0
2024-08-01,P003,16,599.48,618.02,0
2024-08-02,P003,10,743.33,754.79,0
2024-08-03,P003,22,597.89,548.13,0
2024-08-04,P003,10,855.66,881.38,0
2024-08-05,P003,24,592.64,579.77,1
2024-08-06,P003,17,566.13,591.09,0
2024-08-07,P003,13,664.97,723.96,0
2024-08-08,P003,24,478.87,519.11,0
2024-08-09,P003,21,481.75,488.83,0
2024-08-10,P003,13,800.52,723.52,0
2024-08-11,P003,14,752.5,817.68,0
2024-08-12,P003,12,722.68,783.4,0
2024-08-13,P003,15,648.62,587.52,0
2024-08-14,P003,11,735.61,693.57,0
2024-08-15,P003,27,487.83,495.08,1
2024-08-16,P003,14,708.75,759.92,0
