data/synthetic/sales_history.csv
date,product_id,units_sold,price_charged,competitor_price,promo_flag
2024-08-17,P003,16,706.21,637.39,0
2024-08-18,P003,16,737.75,759.75,0
2024-08-19,P003,15,601.05,651.19,0
2024-08-20,P003,19,515.36,502.33,0
2024-08-21,P003,18,547.19,556.51,0
2024-08-22,P003,15,637.77,677.37,0
2024-08-23,P003,12,735.56,768.64,0
2024-08-24,P003,14,738.9,705.28,0
2024-08-25,P003,12,791.86,867.95,0
2024-08-26,P003,15,657.96,602.05,0
2024-08-27,P003,7,836.07,813.51,0
2024-08-28,P003,10,823.87,841.45,0
2024-08-29,P003,13,710.63,730.24,0
2024-08-30,P003,13,711.4,744.45,0
2024-08-31,P003,13,770.13,827.5,0
2024-09-01,P003,22,547.72,549.26,0
2024-09-02,P003,9,790.83,781.94,0
2024-09-03,P003,13,688.47,704.33,0
2024-09-04,P003,10,790.38,736.24,0
2024-09-05,P003,16,697.77,645.22,1
2024-09-06,P003,8,850.61,832.53,0
2024-09-07,P003,22,552.39,564.48,0
2024-09-08,P003,14,717.27,658.17,0
2024-09-09,P003,7,816.33,810.18,0
2024-09-10,P003,19,616.83,661.68,1
2024-09-11,P003,12,830.48,877.24,1
2024-09-12,P003,8,831.1,788.84,0
2024-09-13,P003,14,690.89,622.54,0
2024-09-14,P003,15,686.08,664.02,0
2024-09-15,P003,21,590.13,603.02,0
2024-09-16,P003,10,800.33,762.65,0
2024-09-17,P003,13,668.12,675.71,0
2024-09-18,P003,16,724.4,737.72,1
2024-09-19,P003,10,754.02,696.18,0
2024-09-20,P003,13,698.62,667.18,0
2024-09-21,P003,32,493.83,476.92,1
2024-09-22,P003,16,747.74,769.24,1
2024-09-23,P003,17,594.15,610.48,0
2024-09-24,P003,15,681.56,614.96,0
2024-09-25,P003,12,738.26,785.21,0
2024-09-26,P003,13,695.14,660.69,0
2024-09-27,P003,23,543.0,520.85,1
2024-09-28,P003,20,666.31,621.72,1
2024-09-29,P003,9,849.68,887.9,0
2024-09-30,P003,16,635.05,651.57,0
2024-10-01,P003,17,597.22,597.0,0
2024-10-02,P003,15,691.91,662.39,1
2024-10-03,P003,15,607.68,559.52,0
2024-10-04,P003,10,784.39,712.05,0
2024-10-05,P003,15,723.37,721.2,0
2024-10-06,P003,20,583.36,585.42,0
2024-10-07,P003,15,613.62,674.61,0
2024-10-08,P003,15,630.9,611.75,0
2024-10-09,P003,16,743.69,736.89,1
2024-10-10,P003,14,747.39,688.71,1
2024-10-11,P003,9,797.54,740.96,0
2024-10-12,P003,20,587.6,643.55,0
2024-10-13,P003,20,564.04,552.45,0
2024-10-14,P003,13,688.65,751.06,0
2024-10-15,P003,14,667.03,605.77,0
2024-10-16,P003,23,587.09,595.96,1
2024-10-17,P003,8,838.94,791.98,0
2024-10-18,P003,18,541.99,587.79,0
2024-10-19,P003,14,800.13,800.83,1
2024-10-20,P003,24,646.26,614.39,1
2024-10-21,P003,14,662.39,652.17,0
2024-10-22,P003,14,667.19,649.84,0
2024-10-23,P003,12,755.8,789.45,0
2024-10-24,P003,19,543.31,525.7,0
2024-10-25,P003,16,648.45,626.32,0
2024-10-26,P003,22,517.05,506.61,0
2024-10-27,P003,13,850.55,839.15,1
2024-10-28,P003,19,490.42,489.23,0
2024-10-29,P003,13,740.5,709.24,0
2024-10-30,P003,20,496.45,539.8,0
2024-10-31,P003,17,612.13,590.62,0
2024-11-01,P003,12,746.05,691.65,0
2024-11-02,P003,21,577.7,545.65,0
2024-11-03,P003,13,746.54,812.73,0
2024-11-04,P003,12,671.4,648.02,0
2024-11-05,P003,17,650.75,664.13,0
2024-11-06,P003,8,852.96,879.82,0
2024-11-07,P003,10,816.93,799.44,0
2024-11-08,P003,10,843.36,878.75,0
2024-11-09,P003,9,838.93,796.08,0
2024-11-10,P003,12,757.92,799.85,0
2024-11-11,P003,18,681.09,703.02,1
2024-11-12,P003,25,590.22,579.0,1
2024-11-13,P003,18,540.88,590.82,0
2024-11-14,P003,14,664.94,645.67,0
2024-11-15,P003,18,623.61,612.28,0
2024-11-16,P003,17,677.9,628.38,0
2024-11-17,P003,21,658.84,615.24,0
2024-11-18,P003,26,512.26,528.6,1
2024-11-19,P003,22,621.48,672.31,1
2024-11-20,P003,12,715.05,780.84,0
2024-11-21,P003,12,787.37,843.11,0
2024-11-22,P003,19,530.51,506.2,0
2024-11-23,P003,11,801.22,726.21,0
2024-11-24,P003,24,492.43,466.02,0
2024-11-25,P003,10,778.45,788.28,0
2024-11-26,P003,20,464.56,428.69,0
2024-11-27,P003,11,730.19,759.7,0
2024-11-28,P003,13,747.92,814.58,0
2024-11-29,P003,18,637.78,650.45,0
2024-11-30,P003,21,651.02,689.03,0
2024-12-01,P003,17,693.29,749.99,0
2024-12-02,P003,9,835.53,755.9,0
2024-12-03,P003,17,592.8,597.17,0
2024-12-04,P003,10,823.17,828.46,0
2024-12-05,P003,18,567.82,613.18,0
2024-12-06,P003,10,829.73,810.47,0
2024-12-07,P003,14,754.23,750.6,0
2024-12-08,P003,33,510.85,534.81,1
2024-12-09,P003,18,607.76,549.28,0
2024-12-10,P003,23,502.11,485.51,0
2024-12-11,P003,13,737.85,767.16,0
2024-12-12,P003,14,741.2,739.6,0
2024-12-13,P003,16,640.69,602.17,0
2024-12-14,P003,29,584.18,554.8,1
2024-12-15,P003,22,582.79,614.36,0
2024-12-16,P003,18,591.93,624.47,0
2024-12-17,P003,27,513.67,508.92,1
2024-12-18,P003,17,663.14,704.35,0
2024-12-19,P003,24,480.01,460.47,0
2024-12-20,P003,19,573.28,551.47,0
2024-12-21,P003,18,669.07,690.98,0
2024-12-22,P003,21,613.28,587.56,0
2024-12-23,P003,17,676.71,612.25,0
2024-12-24,P003,23,493.89,515.77,0
2024-12-25,P003,22,497.19,531.63,0
2024-12-26,P003,14,752.44,738.01,0
2024-12-27,P003,21,550.04,551.36,0
2024-12-28,P003,21,679.75,740.75,0
2024-12-29,P003,14,819.78,881.38,0
2024-12-30,P003,12,779.83,833.88,0
2024-12-31,P003,20,662.44,695.3,1
2023-01-01,P004,31,437.9,402.84,0
2023-01-02,P004,22,528.86,535.01,0
2023-01-03,P004,24,488.89,500.56,0
2023-01-04,P004,30,354.19,347.8,0
2023-01-05,P004,26,428.33,426.37,0
2023-01-06,P004,28,408.75,393.77,0
2023-01-07,P004,37,360.78,327.43,0
2023-01-08,P004,31,443.08,456.71,0
2023-01-09,P004,25,467.9,491.5,0
2023-01-10,P004,28,422.92,406.32,0
2023-01-11,P004,24,544.3,519.71,0
2023-01-12,P004,30,346.73,379.91,0
2023-01-13,P004,26,444.41,449.47,0
2023-01-14,P004,31,461.47,471.84,0
2023-01-15,P004,30,476.75,468.81,0
2023-01-16,P004,24,487.17,454.18,0
2023-01-17,P004,28,389.6,416.64,0
2023-01-18,P004,26,505.05,527.35,0
2023-01-19,P004,38,356.49,332.83,1
2023-01-20,P004,23,541.56,523.99,0
2023-01-21,P004,31,473.43,447.16,0
2023-01-22,P004,35,361.55,337.52,0
2023-01-23,P004,31,361.98,328.37,0
2023-01-24,P004,25,473.78,442.67,0
2023-01-25,P004,32,321.37,328.61,0
2023-01-26,P004,33,319.27,333.22,0
2023-01-27,P004,32,313.89,334.05,0
2023-01-28,P004,34,420.25,435.53,0
2023-01-29,P004,29,546.98,517.7,0
2023-01-30,P004,27,453.4,409.37,0
2023-01-31,P004,42,325.6,335.31,1
2023-02-01,P004,27,439.02,436.32,0
2023-02-02,P004,24,529.53,518.68,0
2023-02-03,P004,28,453.65,455.4,0
2023-02-04,P004,31,512.65,501.51,0
2023-02-05,P004,29,520.44,473.93,0
2023-02-06,P004,25,496.86,488.62,0
2023-02-07,P004,32,353.43,377.03,0
2023-02-08,P004,37,435.57,445.68,1
2023-02-09,P004,30,415.51,384.4,0
2023-02-10,P004,30,401.37,388.89,0
2023-02-11,P004,36,421.55,391.19,0
2023-02-12,P004,32,425.34,403.43,0
2023-02-13,P004,35,342.09,357.66,0
2023-02-14,P004,26,467.42,464.66,0
2023-02-15,P004,32,393.63,393.22,0
2023-02-16,P004,24,510.42,548.67,0
2023-02-17,P004,33,338.6,325.14,0
2023-02-18,P004,41,300.11,323.44,0
2023-02-19,P004,39,352.86,371.4,0
2023-02-20,P004,33,346.42,328.0,0
2023-02-21,P004,29,427.4,412.14,0
2023-02-22,P004,32,335.83,316.03,0
2023-02-23,P004,27,495.08,478.37,0
2023-02-24,P004,34,325.46,330.04,0
2023-02-25,P004,31,524.91,505.49,0
2023-02-26,P004,37,432.62,397.25,0
2023-02-27,P004,30,467.33,494.47,0
2023-02-28,P004,34,344.47,328.06,0
2023-03-01,P004,31,425.2,422.97,0
2023-03-02,P004,26,497.87,505.9,0
2023-03-03,P004,28,491.17,469.03,0
2023-03-04,P004,35,433.69,408.88,0
2023-03-05,P004,35,415.82,454.66,0
2023-03-06,P004,33,335.94,355.24,0
2023-03-07,P004,25,544.61,491.43,0
2023-03-08,P004,29,444.27,444.39,0
2023-03-09,P004,26,516.56,535.17,0
2023-03-10,P004,28,464.83,505.95,0
2023-03-11,P004,32,503.82,493.54,0
2023-03-12,P004,38,373.94,370.3,0
2023-03-13,P004,32,392.69,360.38,0
2023-03-14,P004,26,528.93,526.84,0
2023-03-15,P004,29,453.35,447.04,0
2023-03-16,P004,32,399.11,389.11,0
2023-03-17,P004,25,529.76,487.24,0
2023-03-18,P004,34,452.17,419.95,0
2023-03-19,P004,36,427.68,468.59,0
2023-03-20,P004,28,516.74,502.18,0
2023-03-21,P004,46,306.93,337.5,1
2023-03-22,P004,33,360.89,377.07,0
2023-03-23,P004,26,525.33,505.31,0
2023-03-24,P004,25,542.65,518.91,0
2023-03-25,P004,40,536.83,540.28,1
2023-03-26,P004,48,416.41,393.38,1
2023-03-27,P004,28,474.07,450.67,0
2023-03-28,P004,24,537.38,486.72,0
2023-03-29,P004,33,345.98,327.49,0
2023-03-30,P004,29,419.83,451.1,0
2023-03-31,P004,27,475.71,494.17,0
2023-04-01,P004,41,337.55,356.88,0
2023-04-02,P004,38,358.73,384.47,0
2023-04-03,P004,34,327.45,331.75,0
2023-04-04,P004,35,331.38,327.05,0
2023-04-05,P004,31,419.0,454.82,0
2023-04-06,P004,33,427.33,443.5,0
2023-04-07,P004,35,322.48,343.19,0
2023-04-08,P004,37,405.69,416.54,0
2023-04-09,P004,31,518.27,558.46,0
2023-04-10,P004,27,537.9,523.51,0
2023-04-11,P004,29,447.73,457.25,0
2023-04-12,P004,32,387.84,385.11,0
2023-04-13,P004,26,547.99,547.28,0
2023-04-14,P004,35,340.58,359.44,0
2023-04-15,P004,33,495.09,515.69,0
2023-04-16,P004,40,359.78,394.0,0
2023-04-17,P004,26,515.28,555.81,0
2023-04-18,P004,28,519.85,524.57,0
2023-04-19,P004,36,308.38,323.52,0
2023-04-20,P004,30,423.37,422.68,0
2023-04-21,P004,36,338.91,323.91,0
2023-04-22,P004,41,335.63,341.71,0
2023-04-23,P004,34,449.91,418.77,0
2023-04-24,P004,35,496.39,475.41,1
2023-04-25,P004,26,532.92,567.63,0
2023-04-26,P004,28,472.1,477.7,0
2023-04-27,P004,33,342.87,339.32,0
2023-04-28,P004,39,447.6,478.08,1
2023-04-29,P004,38,377.35,402.91,0
2023-04-30,P004,41,321.64,294.81,0
2023-05-01,P004,29,457.91,455.34,0
2023-05-02,P004,24,525.3,525.38,0
2023-05-03,P004,30,410.86,398.08,0
2023-05-04,P004,28,471.07,515.62,0
2023-05-05,P004,33,362.93,378.62,0
2023-05-06,P004,37,395.24,434.27,0
2023-05-07,P004,35,479.98,523.42,0
2023-05-08,P004,25,506.83,493.68,0
2023-05-09,P004,35,300.54,301.98,0
2023-05-10,P004,30,423.3,458.13,0
2023-05-11,P004,33,336.36,327.54,0
2023-05-12,P004,32,402.76,404.7,0
2023-05-13,P004,34,440.27,471.35,0
2023-05-14,P004,32,499.48,493.03,0
2023-05-15,P004,31,370.02,336.72,0
2023-05-16,P004,28,418.79,435.1,0
2023-05-17,P004,26,490.25,465.23,0
2023-05-18,P004,34,307.93,296.96,0
2023-05-19,P004,33,357.82,322.68,0
2023-05-20,P004,51,355.03,331.35,1
2023-05-21,P004,34,429.27,437.01,0
2023-05-22,P004,32,370.88,365.82,0
2023-05-23,P004,29,410.11,411.17,0
2023-05-24,P004,26,475.96,481.3,0
2023-05-25,P004,30,378.21,373.86,0
2023-05-26,P004,30,459.22,463.28,0
2023-05-27,P004,32,482.73,502.61,0
2023-05-28,P004,35,430.67,424.84,0
2023-05-29,P004,30,399.93,421.07,0
2023-05-30,P004,28,442.92,436.53,0
2023-05-31,P004,30,379.13,348.07,0
2023-06-01,P004,27,437.88,447.73,0
2023-06-02,P004,26,482.27,508.05,0
2023-06-03,P004,30,524.66,563.01,0
2023-06-04,P004,37,370.49,345.24,0
2023-06-05,P004,30,405.66,412.43,0
2023-06-06,P004,24,485.32,486.28,0
2023-06-07,P004,32,321.95,352.3,0
2023-06-08,P004,43,325.25,355.06,1
2023-06-09,P004,43,318.46,314.26,1
2023-06-10,P004,38,530.52,540.1,1
2023-06-11,P004,32,454.94,441.68,0
2023-06-12,P004,25,524.81,566.9,0
2023-06-13,P004,23,542.67,595.94,0
2023-06-14,P004,29,415.0,419.47,0
2023-06-15,P004,27,429.56,463.55,0
2023-06-16,P004,24,498.66,462.71,0
2023-06-17,P004,38,492.1,467.89,1
2023-06-18,P004,31,513.1,533.64,0
2023-06-19,P004,34,434.1,431.84,1
2023-06-20,P004,31,344.46,324.37,0
2023-06-21,P004,25,462.86,435.81,0
2023-06-22,P004,27,459.68,493.81,0
2023-06-23,P004,25,484.89,509.32,0
2023-06-24,P004,38,330.88,320.84,0
2023-06-25,P004,35,394.05,423.55,0
2023-06-26,P004,31,329.47,307.91,0
2023-06-27,P004,29,385.97,417.06,0
2023-06-28,P004,21,539.07,555.63,0
2023-06-29,P004,22,507.64,510.15,0
2023-06-30,P004,26,435.96,457.1,0
2023-07-01,P004,34,351.09,383.35,0
2023-07-02,P004,31,407.82,428.63,0
2023-07-03,P004,25,485.52,523.81,0
2023-07-04,P004,25,415.74,452.75,0
2023-07-05,P004,30,349.71,372.58,0
2023-07-06,P004,23,509.23,516.27,0
2023-07-07,P004,27,392.23,395.28,0
2023-07-08,P004,33,408.37,413.66,0
2023-07-09,P004,34,414.55,384.64,0
2023-07-10,P004,29,296.27,281.18,0
2023-07-11,P004,31,473.82,443.64,1
2023-07-12,P004,30,298.95,315.2,0
2023-07-13,P004,21,516.98,494.78,0
2023-07-14,P004,26,415.92,453.71,0
2023-07-15,P004,33,358.04,343.56,0
2023-07-16,P004,42,410.85,375.62,1
2023-07-17,P004,24,497.65,454.69,0
2023-07-18,P004,20,537.25,504.26,0
2023-07-19,P004,24,518.93,505.51,0
2023-07-20,P004,28,342.1,338.21,0
2023-07-21,P004,30,337.38,339.95,0
2023-07-22,P004,30,463.08,427.53,0
2023-07-23,P004,30,435.95,458.8,0
2023-07-24,P004,21,541.66,491.56,0
2023-07-25,P004,28,367.61,347.84,0
2023-07-26,P004,24,424.3,457.21,0
2023-07-27,P004,21,471.08,466.91,0
2023-07-28,P004,26,340.24,349.36,0
2023-07-29,P004,32,387.62,396.19,0
2023-07-30,P004,32,387.63,365.14,0
2023-07-31,P004,21,491.94,461.95,0
2023-08-01,P004,27,337.29,355.99,0
2023-08-02,P004,24,353.39,359.02,0
2023-08-03,P004,22,517.52,555.58,0
2023-08-04,P004,32,409.63,418.33,1
2023-08-05,P004,28,436.64,449.86,0
2023-08-06,P004,32,334.42,351.18,0
2023-08-07,P004,26,381.27,397.28,0
2023-08-08,P004,30,307.53,290.73,0
2023-08-09,P004,21,496.79,509.78,0
2023-08-10,P004,30,444.19,452.84,1
2023-08-11,P004,29,415.04,431.5,1
2023-08-12,P004,29,405.23,365.18,0
2023-08-13,P004,40,371.62,390.12,1
2023-08-14,P004,22,496.5,517.03,0
2023-08-15,P004,22,478.34,438.64,0
2023-08-16,P004,27,351.12,339.81,0
2023-08-17,P004,20,502.87,465.73,0
2023-08-18,P004,25,339.31,329.04,0
2023-08-19,P004,24,488.77,449.37,0
2023-08-20,P004,30,384.34,374.53,0
2023-08-21,P004,21,492.0,501.44,0
2023-08-22,P004,22,458.57,489.13,0
2023-08-23,P004,22,474.08,481.41,0
2023-08-24,P004,19,520.7,513.38,0
2023-08-25,P004,24,420.51,383.1,0
2023-08-26,P004,24,537.13,537.8,0
2023-08-27,P004,32,301.9,327.55,0
2023-08-28,P004,19,511.1,472.42,0
2023-08-29,P004,24,387.43,368.48,0
2023-08-30,P004,23,423.71,456.75,0
2023-08-31,P004,29,460.22,457.94,1
2023-09-01,P004,21,511.81,490.48,0
2023-09-02,P004,41,328.03,351.34,1
2023-09-03,P004,27,444.15,433.04,0
2023-09-04,P004,21,453.88,480.53,0
2023-09-05,P004,26,366.46,339.67,0
2023-09-06,P004,21,501.54,512.18,0
2023-09-07,P004,18,535.84,536.54,0
2023-09-08,P004,26,317.14,346.92,0
2023-09-09,P004,32,305.21,297.19,0
2023-09-10,P004,33,312.08,319.71,0
2023-09-11,P004,22,443.59,426.21,0
2023-09-12,P004,23,409.29,412.87,0
2023-09-13,P004,26,320.79,293.89,0
2023-09-14,P004,24,393.48,401.37,0
2023-09-15,P004,22,425.47,407.14,0
2023-09-16,P004,24,502.85,460.6,0
2023-09-17,P004,25,512.03,476.48,0
2023-09-18,P004,25,312.17,294.43,0
2023-09-19,P004,26,327.79,333.61,0
2023-09-20,P004,18,495.41,510.89,0
2023-09-21,P004,21,449.55,441.86,0
2023-09-22,P004,17,508.66,481.19,0
2023-09-23,P004,31,296.86,320.02,0
2023-09-24,P004,24,512.93,469.51,0
2023-09-25,P004,28,322.35,307.84,0
2023-09-26,P004,21,476.91,485.96,0
2023-09-27,P004,24,377.66,371.64,0
2023-09-28,P004,21,441.53,474.46,0
2023-09-29,P004,18,514.09,542.38,0
2023-09-30,P004,27,405.07,380.12,0
2023-10-01,P004,23,524.42,541.38,0
2023-10-02,P004,24,374.17,360.7,0
2023-10-03,P004,23,381.37,414.1,0
2023-10-04,P004,25,351.76,386.91,0
2023-10-05,P004,32,338.84,310.43,1
2023-10-06,P004,20,516.95,554.04,0
2023-10-07,P004,29,397.6,425.67,0
2023-10-08,P004,31,375.19,376.97,0
2023-10-09,P004,23,418.31,390.36,0
2023-10-10,P004,25,333.27,338.4,0
2023-10-11,P004,21,461.9,503.15,0
2023-10-12,P004,23,357.86,369.91,0
2023-10-13,P004,21,482.82,505.67,0
2023-10-14,P004,27,411.36,417.06,0
2023-10-15,P004,26,470.79,457.31,0
2023-10-16,P004,24,371.35,350.1,0
2023-10-17,P004,28,304.98,311.97,0
2023-10-18,P004,21,510.44,508.43,0
2023-10-19,P004,20,515.81,536.3,0
2023-10-20,P004,24,360.53,365.15,0
2023-10-21,P004,27,430.38,414.44,0
2023-10-22,P004,31,308.67,336.37,0
2023-10-23,P004,22,457.84,444.74,0
2023-10-24,P004,23,425.23,440.18,0
2023-10-25,P004,19,538.56,584.24,0
2023-10-26,P004,21,465.17,505.29,0
2023-10-27,P004,24,396.16,359.87,0
2023-10-28,P004,24,525.04,523.41,0
2023-10-29,P004,27,411.97,409.43,0
2023-10-30,P004,20,505.86,456.84,0
2023-10-31,P004,26,364.52,396.98,0
2023-11-01,P004,23,449.49,427.43,0
2023-11-02,P004,26,529.41,550.12,1
2023-11-03,P004,21,529.46,551.95,0
2023-11-04,P004,37,388.69,362.79,1
2023-11-05,P004,31,301.26,279.17,0
2023-11-06,P004,23,461.17,501.49,0
2023-11-07,P004,32,337.71,352.41,1
2023-11-08,P004,21,486.58,489.73,0
2023-11-09,P004,23,363.19,393.09,0
2023-11-10,P004,24,388.66,391.08,0
2023-11-11,P004,29,398.78,380.74,0
2023-11-12,P004,31,328.66,336.42,0
2023-11-13,P004,20,477.33,467.02,0
2023-11-14,P004,18,524.55,539.94,0
2023-11-15,P004,22,536.67,568.29,0
2023-11-16,P004,27,305.54,294.21,0
2023-11-17,P004,20,472.71,503.56,0
2023-11-18,P004,26,480.59,467.34,0
2023-11-19,P004,27,481.3,443.19,0
2023-11-20,P004,19,495.28,510.71,0
2023-11-21,P004,23,457.88,431.28,0
2023-11-22,P004,30,303.11,325.94,0
2023-11-23,P004,18,530.44,533.5,0
2023-11-24,P004,23,486.28,457.57,0
2023-11-25,P004,30,389.37,399.82,0
2023-11-26,P004,45,300.01,293.96,1
2023-11-27,P004,25,408.83,437.55,0
2023-11-28,P004,21,491.81,509.4,0
2023-11-29,P004,23,438.02,408.43,0
2023-11-30,P004,26,373.89,410.23,0
2023-12-01,P004,23,489.63,532.91,0
2023-12-02,P004,32,350.15,339.42,0
2023-12-03,P004,28,513.78,550.18,0
2023-12-04,P004,27,301.06,295.98,0
2023-12-05,P004,23,506.09,486.84,0
2023-12-06,P004,21,534.2,552.59,0
2023-12-07,P004,26,359.27,346.68,0
2023-12-08,P004,21,506.79,510.23,0
2023-12-09,P004,36,311.03,292.91,0
2023-12-10,P004,30,418.43,434.62,0
2023-12-11,P004,21,533.53,539.35,0
2023-12-12,P004,24,447.39,405.41,0
2023-12-13,P004,23,478.69,517.51,0
2023-12-14,P004,24,496.86,545.57,0
2023-12-15,P004,30,318.37,329.02,0
2023-12-16,P004,44,367.17,341.72,1
2023-12-17,P004,36,347.76,356.22,0
2023-12-18,P004,30,327.88,316.54,0
2023-12-19,P004,25,418.99,455.96,0
2023-12-20,P004,30,352.93,370.95,0
2023-12-21,P004,20,523.72,567.24,0
2023-12-22,P004,22,492.06,512.76,0
2023-12-23,P004,29,462.82,420.61,0
2023-12-24,P004,27,507.24,524.28,0
2023-12-25,P004,25,404.14,399.39,0
2023-12-26,P004,32,312.03,337.94,0
2023-12-27,P004,26,400.11,394.0,0
2023-12-28,P004,26,473.32,483.7,0
2023-12-29,P004,30,323.41,331.67,0
2023-12-30,P004,39,342.7,368.48,0
2023-12-31,P004,33,412.52,394.32,0
2024-01-01,P004,29,353.89,348.64,0
2024-01-02,P004,30,342.81,361.55,0
2024-01-03,P004,26,415.53,444.8,0
2024-01-04,P004,25,435.63,454.61,0
2024-01-05,P004,30,522.55,569.84,1
2024-01-06,P004,39,301.71,294.28,0
2024-01-07,P004,27,522.24,501.62,0
2024-01-08,P004,25,450.45,444.89,0
2024-01-09,P004,25,479.43,451.09,0
2024-01-10,P004,24,531.58,506.54,0
2024-01-11,P004,31,333.37,307.62,0
2024-01-12,P004,30,330.55,317.33,0
