data/synthetic/sales_history.csv
date,product_id,units_sold,price_charged,competitor_price,promo_flag
2024-01-13,P004,37,366.73,385.9,0
2024-01-14,P004,36,361.87,343.44,0
2024-01-15,P004,22,539.96,562.33,0
2024-01-16,P004,25,444.21,428.04,0
2024-01-17,P004,27,435.65,403.57,0
2024-01-18,P004,26,463.63,437.12,0
2024-01-19,P004,37,405.01,373.91,1
2024-01-20,P004,38,301.26,274.21,0
2024-01-21,P004,28,537.04,490.63,0
2024-01-22,P004,31,322.8,323.37,0
2024-01-23,P004,29,413.12,409.4,0
2024-01-24,P004,31,385.6,420.08,0
2024-01-25,P004,26,448.07,407.45,0
2024-01-26,P004,24,534.74,514.82,0
2024-01-27,P004,34,407.48,412.84,0
2024-01-28,P004,37,374.58,350.47,0
2024-01-29,P004,23,512.96,479.09,0
2024-01-30,P004,28,392.41,421.58,0
2024-01-31,P004,30,387.36,415.46,0
2024-02-01,P004,29,394.86,355.72,0
2024-02-02,P004,32,364.76,338.01,0
2024-02-03,P004,40,323.4,350.7,0
2024-02-04,P004,33,485.61,478.7,0
2024-02-05,P004,27,487.46,474.96,0
2024-02-06,P004,31,357.22,391.61,0
2024-02-07,P004,32,383.9,416.28,0
2024-02-08,P004,25,531.65,524.53,0
2024-02-09,P004,24,527.74,522.48,0
2024-02-10,P004,30,483.88,454.78,0
2024-02-11,P004,36,403.13,423.73,0
2024-02-12,P004,27,448.62,446.95,0
2024-02-13,P004,35,306.65,326.12,0
2024-02-14,P004,24,546.06,510.0,0
2024-02-15,P004,28,460.64,470.97,0
2024-02-16,P004,27,494.91,513.52,0
2024-02-17,P004,37,377.15,380.58,0
2024-02-18,P004,41,332.7,327.46,0
2024-02-19,P004,26,508.0,517.17,0
2024-02-20,P004,33,344.0,337.03,0
2024-02-21,P004,36,325.7,320.27,0
2024-02-22,P004,34,313.84,301.62,0
2024-02-23,P004,32,529.77,516.6,1
2024-02-24,P004,34,487.31,463.93,0
2024-02-25,P004,30,533.91,537.12,0
2024-02-26,P004,25,505.91,523.49,0
2024-02-27,P004,35,297.38,295.91,0
2024-02-28,P004,33,344.23,341.78,0
2024-02-29,P004,27,502.41,503.19,0
2024-03-01,P004,29,420.96,424.75,0
2024-03-02,P004,41,352.1,348.15,0
2024-03-03,P004,36,418.02,448.27,0
2024-03-04,P004,34,339.54,347.82,0
2024-03-05,P004,36,301.73,277.63,0
2024-03-06,P004,31,402.69,387.16,0
2024-03-07,P004,25,524.59,480.65,0
2024-03-08,P004,29,454.21,439.35,0
2024-03-09,P004,33,465.59,498.89,0
2024-03-10,P004,43,310.25,292.6,0
2024-03-11,P004,27,548.26,513.46,0
2024-03-12,P004,29,449.84,470.18,0
2024-03-13,P004,33,375.04,366.72,0
2024-03-14,P004,31,436.61,443.31,0
2024-03-15,P004,32,337.33,330.64,0
2024-03-16,P004,32,488.13,486.43,0
2024-03-17,P004,30,533.51,564.13,0
2024-03-18,P004,37,433.67,437.75,1
2024-03-19,P004,34,308.92,339.77,0
2024-03-20,P004,32,373.49,402.21,0
2024-03-21,P004,29,466.64,498.42,0
2024-03-22,P004,24,519.09,483.83,0
2024-03-23,P004,39,381.39,388.88,0
2024-03-24,P004,32,511.86,499.74,0
2024-03-25,P004,26,482.8,448.14,0
2024-03-26,P004,38,475.02,508.71,1
2024-03-27,P004,29,469.08,493.14,0
2024-03-28,P004,34,323.41,345.29,0
2024-03-29,P004,39,436.07,466.72,1
2024-03-30,P004,30,524.88,525.55,0
2024-03-31,P004,47,445.84,412.09,1
2024-04-01,P004,36,500.53,498.66,1
2024-04-02,P004,31,409.51,445.96,0
2024-04-03,P004,27,434.22,473.58,0
2024-04-04,P004,35,341.06,353.28,0
2024-04-05,P004,30,449.09,454.91,0
2024-04-06,P004,41,513.41,549.2,1
2024-04-07,P004,38,400.26,380.54,0
2024-04-08,P004,28,515.64,491.24,0
2024-04-09,P004,36,296.41,296.14,0
2024-04-10,P004,34,320.79,317.17,0
2024-04-11,P004,36,317.45,303.9,0
2024-04-12,P004,28,493.29,534.47,0
2024-04-13,P004,33,467.55,496.63,0
2024-04-14,P004,42,323.0,336.9,0
2024-04-15,P004,37,457.35,472.33,1
2024-04-16,P004,31,400.29,432.29,0
2024-04-17,P004,34,380.53,364.88,0
2024-04-18,P004,26,516.41,478.27,0
2024-04-19,P004,35,349.87,360.8,0
2024-04-20,P004,38,392.91,415.6,0
2024-04-21,P004,51,384.4,358.81,1
2024-04-22,P004,36,303.87,288.01,0
2024-04-23,P004,33,347.7,380.37,0
2024-04-24,P004,35,301.74,273.83,0
2024-04-25,P004,27,527.81,489.77,0
2024-04-26,P004,29,435.13,395.96,0
2024-04-27,P004,41,324.67,296.84,0
2024-04-28,P004,31,487.99,480.02,0
2024-04-29,P004,25,530.63,574.22,0
2024-04-30,P004,27,476.63,465.3,0
2024-05-01,P004,30,450.81,461.96,0
2024-05-02,P004,30,417.38,444.19,0
2024-05-03,P004,31,405.55,423.99,0
2024-05-04,P004,51,363.67,356.61,1
2024-05-05,P004,42,299.6,318.46,0
2024-05-06,P004,31,386.36,361.25,0
2024-05-07,P004,34,520.69,532.01,1
2024-05-08,P004,26,536.03,589.48,0
2024-05-09,P004,28,454.84,481.69,0
2024-05-10,P004,28,493.36,526.22,0
2024-05-11,P004,31,469.65,424.67,0
2024-05-12,P004,37,380.67,411.54,0
2024-05-13,P004,34,304.75,287.67,0
2024-05-14,P004,32,373.8,352.74,0
2024-05-15,P004,35,337.0,319.26,0
2024-05-16,P004,38,422.66,442.04,1
2024-05-17,P004,31,378.68,390.3,0
2024-05-18,P004,40,366.21,397.56,0
2024-05-19,P004,39,361.53,349.59,0
2024-05-20,P004,29,412.97,400.22,0
2024-05-21,P004,33,332.98,342.04,0
2024-05-22,P004,33,535.83,494.83,1
2024-05-23,P004,27,470.02,461.45,0
2024-05-24,P004,31,347.61,361.2,0
2024-05-25,P004,38,359.41,345.85,0
2024-05-26,P004,40,326.07,330.77,0
2024-05-27,P004,29,439.6,431.73,0
2024-05-28,P004,31,344.16,316.89,0
2024-05-29,P004,27,475.23,447.56,0
2024-05-30,P004,28,373.09,388.65,0
2024-05-31,P004,26,453.27,466.36,0
2024-06-01,P004,31,476.22,470.31,0
2024-06-02,P004,35,373.26,409.46,0
2024-06-03,P004,25,501.54,537.45,0
2024-06-04,P004,25,481.96,454.55,0
2024-06-05,P004,31,396.52,423.41,0
2024-06-06,P004,24,525.76,526.73,0
2024-06-07,P004,26,471.21,447.53,0
2024-06-08,P004,34,404.73,415.58,0
2024-06-09,P004,36,360.48,340.38,0
2024-06-10,P004,30,545.28,524.12,1
2024-06-11,P004,33,327.68,339.35,0
2024-06-12,P004,30,370.38,374.94,0
2024-06-13,P004,26,476.42,511.75,0
2024-06-14,P004,25,515.73,523.87,0
2024-06-15,P004,35,404.25,364.28,0
2024-06-16,P004,28,546.59,511.92,0
2024-06-17,P004,27,414.48,412.56,0
2024-06-18,P004,41,328.98,322.08,1
2024-06-19,P004,29,340.26,373.82,0
2024-06-20,P004,21,547.31,505.14,0
2024-06-21,P004,24,479.23,480.72,0
2024-06-22,P004,31,439.67,415.19,0
2024-06-23,P004,30,487.0,502.26,0
2024-06-24,P004,27,405.9,429.44,0
2024-06-25,P004,23,502.52,546.34,0
2024-06-26,P004,29,337.13,306.26,0
2024-06-27,P004,28,410.38,444.81,0
2024-06-28,P004,35,430.42,395.99,1
2024-06-29,P004,31,444.47,415.37,0
2024-06-30,P004,38,298.52,304.11,0
2024-07-01,P004,22,519.94,569.18,0
2024-07-02,P004,29,368.32,397.0,0
2024-07-03,P004,23,518.43,479.03,0
2024-07-04,P004,28,430.11,417.79,0
2024-07-05,P004,24,496.01,447.88,0
2024-07-06,P004,28,500.28,544.15,0
2024-07-07,P004,28,495.27,508.11,0
2024-07-08,P004,21,545.31,534.19,0
2024-07-09,P004,37,379.45,412.6,1
2024-07-10,P004,23,498.77,491.46,0
2024-07-11,P004,25,456.18,430.33,0
2024-07-12,P004,30,338.39,304.56,0
2024-07-13,P004,28,477.28,457.99,0
2024-07-14,P004,30,437.3,428.38,0
2024-07-15,P004,29,466.25,447.21,1
2024-07-16,P004,30,312.38,337.1,0
2024-07-17,P004,25,470.59,494.72,0
2024-07-18,P004,22,492.91,490.73,0
2024-07-19,P004,25,404.26,438.19,0
2024-07-20,P004,26,527.08,578.65,0
2024-07-21,P004,26,516.73,488.92,0
2024-07-22,P004,29,320.34,351.06,0
2024-07-23,P004,27,370.37,351.02,0
2024-07-24,P004,23,470.09,476.25,0
2024-07-25,P004,28,315.03,295.22,0
2024-07-26,P004,21,496.01,487.68,0
2024-07-27,P004,33,319.07,295.39,0
2024-07-28,P004,33,356.08,381.68,0
2024-07-29,P004,20,529.53,505.43,0
2024-07-30,P004,33,434.46,453.74,1
2024-07-31,P004,21,546.94,584.83,0
2024-08-01,P004,23,467.2,509.62,0
2024-08-02,P004,24,424.8,398.99,0
2024-08-03,P004,30,434.2,430.12,0
2024-08-04,P004,25,517.67,543.74,0
2024-08-05,P004,27,319.46,308.01,0
2024-08-06,P004,24,393.44,421.82,0
2024-08-07,P004,25,408.73,442.82,0
2024-08-08,P004,24,413.88,372.8,0
2024-08-09,P004,23,430.16,396.36,0
2024-08-10,P004,28,394.6,368.97,0
2024-08-11,P004,27,491.58,535.51,0
2024-08-12,P004,28,320.84,309.09,0
2024-08-13,P004,22,461.09,422.36,0
2024-08-14,P004,26,356.77,387.31,0
2024-08-15,P004,26,403.98,433.86,0
2024-08-16,P004,25,409.09,437.53,0
2024-08-17,P004,31,348.76,357.43,0
2024-08-18,P004,32,313.82,286.88,0
2024-08-19,P004,25,396.75,402.85,0
2024-08-20,P004,27,511.88,466.88,1
2024-08-21,P004,22,485.09,491.41,0
2024-08-22,P004,24,408.82,395.63,0
2024-08-23,P004,19,487.09,491.37,0
2024-08-24,P004,23,517.44,553.77,0
2024-08-25,P004,28,436.5,410.91,0
2024-08-26,P004,23,453.29,449.06,0
2024-08-27,P004,27,479.35,440.57,1
2024-08-28,P004,23,395.69,382.22,0
2024-08-29,P004,21,460.09,483.74,0
2024-08-30,P004,22,485.2,479.09,0
2024-08-31,P004,41,326.78,330.99,1
2024-09-01,P004,23,536.54,552.29,0
2024-09-02,P004,21,531.04,523.43,0
2024-09-03,P004,24,379.32,372.88,0
2024-09-04,P004,24,333.16,363.67,0
2024-09-05,P004,23,397.79,401.6,0
2024-09-06,P004,27,301.48,317.41,0
2024-09-07,P004,26,442.5,416.93,0
2024-09-08,P004,32,314.23,300.96,0
2024-09-09,P004,24,454.28,458.75,0
2024-09-10,P004,26,364.54,345.91,0
2024-09-11,P004,26,330.12,309.42,0
2024-09-12,P004,34,340.28,365.67,1
2024-09-13,P004,20,483.48,460.46,0
2024-09-14,P004,24,543.42,575.73,0
2024-09-15,P004,30,371.82,356.73,0
2024-09-16,P004,24,403.42,378.08,0
2024-09-17,P004,25,323.53,344.24,0
2024-09-18,P004,19,547.51,501.15,0
2024-09-19,P004,23,415.19,436.78,0
2024-09-20,P004,24,383.78,380.24,0
2024-09-21,P004,26,446.06,489.69,0
2024-09-22,P004,26,465.13,461.74,0
2024-09-23,P004,21,450.73,415.89,0
2024-09-24,P004,25,324.29,314.41,0
2024-09-25,P004,26,488.57,522.99,1
2024-09-26,P004,22,447.68,488.94,0
2024-09-27,P004,21,465.11,478.92,0
2024-09-28,P004,30,302.57,273.22,0
2024-09-29,P004,30,328.18,327.36,0
2024-09-30,P004,24,330.36,341.82,0
2024-10-01,P004,21,446.36,415.47,0
2024-10-02,P004,23,390.83,400.85,0
2024-10-03,P004,21,433.98,443.88,0
2024-10-04,P004,18,513.39,539.39,0
2024-10-05,P004,25,435.54,468.59,0
2024-10-06,P004,30,305.35,335.15,0
2024-10-07,P004,21,463.64,473.43,0
2024-10-08,P004,23,418.16,385.19,0
2024-10-09,P004,24,365.78,359.45,0
2024-10-10,P004,27,313.82,327.26,0
2024-10-11,P004,21,473.38,467.11,0
2024-10-12,P004,29,445.63,421.87,0
2024-10-13,P004,21,533.75,528.38,0
2024-10-14,P004,21,499.42,465.62,0
2024-10-15,P004,23,369.56,391.18,0
2024-10-16,P004,27,328.44,345.7,0
2024-10-17,P004,24,312.72,296.0,0
2024-10-18,P004,23,451.61,452.42,0
2024-10-19,P004,22,546.49,566.43,0
2024-10-20,P004,28,321.13,310.11,0
2024-10-21,P004,28,314.47,313.56,0
2024-10-22,P004,24,380.36,348.59,0
2024-10-23,P004,23,434.75,476.24,0
2024-10-24,P004,25,323.6,304.97,0
2024-10-25,P004,23,415.2,456.06,0
2024-10-26,P004,42,321.45,292.71,1
2024-10-27,P004,31,512.06,560.2,1
2024-10-28,P004,21,464.52,490.4,0
2024-10-29,P004,22,491.94,501.37,0
2024-10-30,P004,25,375.06,379.64,0
2024-10-31,P004,24,430.5,396.04,0
2024-11-01,P004,20,492.11,479.45,0
2024-11-02,P004,44,305.39,282.13,1
2024-11-03,P004,22,529.39,484.67,0
2024-11-04,P004,18,530.9,519.3,0
2024-11-05,P004,22,482.99,492.79,0
2024-11-06,P004,21,465.48,511.08,0
2024-11-07,P004,31,349.58,343.84,1
2024-11-08,P004,26,369.3,353.97,0
2024-11-09,P004,33,316.02,285.14,0
2024-11-10,P004,29,403.65,401.21,0
2024-11-11,P004,25,360.34,388.54,0
2024-11-12,P004,23,419.75,409.92,0
2024-11-13,P004,20,534.5,544.07,0
2024-11-14,P004,26,382.64,365.34,0
2024-11-15,P004,24,423.31,462.14,0
2024-11-16,P004,33,339.06,351.24,0
2024-11-17,P004,32,384.34,370.03,0
2024-11-18,P004,22,468.66,439.43,0
2024-11-19,P004,27,297.51,325.48,0
2024-11-20,P004,23,404.72,428.2,0
2024-11-21,P004,28,493.85,455.59,1
2024-11-22,P004,21,526.35,577.47,0
2024-11-23,P004,24,518.84,566.22,0
2024-11-24,P004,32,382.16,355.42,0
2024-11-25,P004,23,462.46,446.14,0
2024-11-26,P004,25,381.81,405.64,0
2024-11-27,P004,29,334.89,354.31,0
2024-11-28,P004,29,311.68,333.8,0
2024-11-29,P004,26,359.39,346.97,0
2024-11-30,P004,30,431.42,455.03,0
2024-12-01,P004,33,332.2,329.8,0
2024-12-02,P004,23,491.61,447.39,0
2024-12-03,P004,22,449.54,418.31,0
2024-12-04,P004,20,505.72,540.2,0
2024-12-05,P004,28,308.11,301.74,0
2024-12-06,P004,34,389.1,408.63,1
2024-12-07,P004,34,311.6,324.98,0
2024-12-08,P004,29,428.93,435.29,0
2024-12-09,P004,26,422.21,421.33,0
2024-12-10,P004,26,410.9,406.9,0
2024-12-11,P004,20,538.12,512.38,0
2024-12-12,P004,24,468.29,503.06,0
2024-12-13,P004,23,504.94,490.81,0
2024-12-14,P004,30,447.37,423.25,0
2024-12-15,P004,27,483.73,486.44,0
2024-12-16,P004,34,399.54,437.26,1
2024-12-17,P004,29,331.57,305.12,0
2024-12-18,P004,31,323.82,315.18,0
2024-12-19,P004,22,543.02,535.9,0
2024-12-20,P004,40,333.51,355.67,1
2024-12-21,P004,31,411.58,419.29,0
2024-12-22,P004,32,363.11,396.15,0
2024-12-23,P004,27,417.8,403.74,0
2024-12-24,P004,30,341.37,349.18,0
2024-12-25,P004,28,526.65,498.42,1
2024-12-26,P004,30,326.08,358.58,0
2024-12-27,P004,24,471.38,453.32,0
2024-12-28,P004,27,517.44,481.19,0
2024-12-29,P004,36,352.72,350.5,0
2024-12-30,P004,26,402.99,424.13,0
2024-12-31,P004,21,546.12,576.46,0
2023-01-01,P005,25,490.88,475.68,0
2023-01-02,P005,24,396.43,400.83,0
2023-01-03,P005,19,583.73,584.26,0
2023-01-04,P005,19,610.55,567.6,0
2023-01-05,P005,19,592.63,613.39,0
2023-01-06,P005,24,391.84,377.22,0
2023-01-07,P005,24,536.87,573.34,0
2023-01-08,P005,28,447.57,472.98,0
2023-01-09,P005,19,604.91,597.5,0
2023-01-10,P005,26,410.55,378.48,0
2023-01-11,P005,23,421.21,383.02,0
2023-01-12,P005,23,468.66,444.0,0
2023-01-13,P005,21,545.24,597.05,0
2023-01-14,P005,22,623.98,580.09,0
2023-01-15,P005,25,547.7,572.43,0
2023-01-16,P005,20,539.56,548.28,0
2023-01-17,P005,22,483.7,505.84,0
2023-01-18,P005,22,471.3,444.1,0
2023-01-19,P005,23,419.83,385.81,0
2023-01-20,P005,23,443.6,458.53,0
2023-01-21,P005,26,552.06,561.02,0
2023-01-22,P005,22,622.93,582.12,0
2023-01-23,P005,21,518.18,540.17,0
2023-01-24,P005,26,434.87,428.03,0
2023-01-25,P005,20,592.25,624.42,0
2023-01-26,P005,25,360.89,365.04,0
2023-01-27,P005,20,622.4,669.59,0
2023-01-28,P005,28,460.5,463.49,0
2023-01-29,P005,31,375.43,379.13,0
2023-01-30,P005,35,342.33,374.59,1
2023-01-31,P005,21,555.09,538.4,0
2023-02-01,P005,25,369.15,371.84,0
2023-02-02,P005,20,586.78,600.37,0
2023-02-03,P005,23,527.7,573.28,0
2023-02-04,P005,28,492.22,473.1,0
2023-02-05,P005,29,476.64,476.65,0
2023-02-06,P005,26,372.22,349.71,0
2023-02-07,P005,24,482.52,500.04,0
2023-02-08,P005,26,441.31,447.61,0
2023-02-09,P005,31,473.07,472.44,1
2023-02-10,P005,26,428.69,413.79,0
2023-02-11,P005,30,623.58,624.81,1
2023-02-12,P005,24,594.89,584.98,0
2023-02-13,P005,21,559.96,547.95,0
2023-02-14,P005,26,446.45,476.17,0
2023-02-15,P005,37,354.94,359.59,1
2023-02-16,P005,23,469.81,473.56,0
2023-02-17,P005,27,399.85,431.93,0
2023-02-18,P005,29,418.39,449.17,0
2023-02-19,P005,27,530.76,505.01,0
2023-02-20,P005,26,453.74,440.69,0
2023-02-21,P005,34,451.07,420.78,1
2023-02-22,P005,19,589.89,626.75,0
2023-02-23,P005,24,481.6,435.13,0
2023-02-24,P005,24,523.43,519.02,0
2023-02-25,P005,30,508.17,465.87,0
2023-02-26,P005,33,389.05,407.2,0
2023-02-27,P005,23,468.37,478.43,0
2023-02-28,P005,27,396.21,406.27,0
2023-03-01,P005,27,392.88,371.75,0
2023-03-02,P005,20,602.5,548.87,0
2023-03-03,P005,26,393.71,357.95,0
2023-03-04,P005,37,344.07,377.66,0
2023-03-05,P005,27,535.04,510.06,0
2023-03-06,P005,24,443.02,456.23,0
2023-03-07,P005,21,600.69,555.22,0
2023-03-08,P005,27,404.95,367.47,0
2023-03-09,P005,28,383.21,350.84,0
2023-03-10,P005,21,623.23,670.47,0
2023-03-11,P005,27,563.13,604.77,0
2023-03-12,P005,27,575.51,557.84,0
2023-03-13,P005,21,568.91,524.3,0
2023-03-14,P005,19,616.01,590.26,0
2023-03-15,P005,25,494.53,478.22,0
2023-03-16,P005,22,570.13,610.66,0
2023-03-17,P005,27,469.61,508.39,0
2023-03-18,P005,35,563.21,532.47,1
2023-03-19,P005,27,602.3,642.22,0
2023-03-20,P005,26,397.16,419.76,0
2023-03-21,P005,25,516.67,466.99,0
2023-03-22,P005,28,374.83,411.61,0
2023-03-23,P005,28,424.12,437.5,0
2023-03-24,P005,23,512.26,515.32,0
2023-03-25,P005,26,589.15,548.55,0
2023-03-26,P005,27,516.61,490.84,0
2023-03-27,P005,26,439.79,403.9,0
2023-03-28,P005,23,542.98,535.27,0
2023-03-29,P005,21,595.41,628.86,0
2023-03-30,P005,21,632.55,636.5,0
2023-03-31,P005,23,542.06,580.67,0
2023-04-01,P005,32,391.01,372.67,0
2023-04-02,P005,30,472.5,512.92,0
2023-04-03,P005,30,369.63,360.08,0
2023-04-04,P005,24,549.73,512.81,0
2023-04-05,P005,28,358.35,331.19,0
2023-04-06,P005,22,614.51,593.94,0
2023-04-07,P005,24,515.65,515.13,0
2023-04-08,P005,33,619.13,562.96,1
2023-04-09,P005,30,503.05,499.73,0
2023-04-10,P005,20,613.89,603.01,0
2023-04-11,P005,26,413.27,382.62,0
2023-04-12,P005,23,593.24,632.53,0
2023-04-13,P005,27,424.61,428.66,0
2023-04-14,P005,28,366.33,358.54,0
2023-04-15,P005,42,430.68,427.29,1
2023-04-16,P005,34,415.73,443.52,0
2023-04-17,P005,26,431.1,428.43,0
2023-04-18,P005,22,598.05,607.92,0
2023-04-19,P005,23,504.0,540.22,0
2023-04-20,P005,29,371.71,394.85,0
2023-04-21,P005,25,405.38,429.94,0
2023-04-22,P005,31,459.07,421.51,0
2023-04-23,P005,29,492.82,449.83,0
2023-04-24,P005,27,446.41,437.9,0
2023-04-25,P005,27,467.69,442.13,0
2023-04-26,P005,33,475.56,479.16,1
2023-04-27,P005,23,570.76,549.61,0
2023-04-28,P005,25,483.19,449.73,0
2023-04-29,P005,33,380.99,358.46,0
2023-04-30,P005,26,566.66,614.3,0
2023-05-01,P005,20,599.62,594.45,0
2023-05-02,P005,24,462.37,420.96,0
2023-05-03,P005,27,617.22,578.54,1
2023-05-04,P005,26,400.09,361.56,0
2023-05-05,P005,24,385.31,375.92,0
2023-05-06,P005,27,542.34,548.56,0
2023-05-07,P005,24,602.38,581.43,0
2023-05-08,P005,29,381.09,351.35,0
2023-05-09,P005,25,466.41,421.43,0
2023-05-10,P005,26,351.78,376.06,0
2023-05-11,P005,23,518.43,513.65,0
2023-05-12,P005,24,461.5,497.75,0
2023-05-13,P005,24,634.54,594.12,0
2023-05-14,P005,33,377.22,389.4,0
2023-05-15,P005,20,590.46,620.2,0
2023-05-16,P005,26,473.74,474.95,0
2023-05-17,P005,25,481.35,495.32,0
2023-05-18,P005,25,505.33,527.48,0
2023-05-19,P005,24,530.34,532.43,0
2023-05-20,P005,25,541.77,487.75,0
2023-05-21,P005,28,506.06,515.24,0
2023-05-22,P005,18,626.84,589.46,0
2023-05-23,P005,26,362.61,382.39,0
2023-05-24,P005,27,415.12,412.73,0
2023-05-25,P005,21,598.79,592.06,0
2023-05-26,P005,25,425.45,465.63,0
2023-05-27,P005,27,505.64,492.82,0
2023-05-28,P005,22,602.42,655.58,0
2023-05-29,P005,26,590.93,631.55,1
2023-05-30,P005,23,492.09,499.3,0
2023-05-31,P005,20,630.3,603.95,0
2023-06-01,P005,20,574.76,604.99,0
2023-06-02,P005,26,391.35,401.64,0
2023-06-03,P005,32,367.05,346.97,0
2023-06-04,P005,32,379.79,413.67,0
2023-06-05,P005,21,550.6,547.82,0
2023-06-06,P005,36,374.19,378.67,1
2023-06-07,P005,24,414.31,437.95,0
2023-06-08,P005,26,377.71,354.24,0
2023-06-09,P005,27,403.94,388.94,0
