data/synthetic/sales_history.csv
date,product_id,units_sold,price_charged,competitor_price,promo_flag
2024-11-04,P005,21,386.75,420.19,0
2024-11-05,P005,27,415.38,434.81,1
2024-11-06,P005,19,425.37,446.46,0
2024-11-07,P005,17,505.14,543.83,0
2024-11-08,P005,21,432.03,401.92,0
2024-11-09,P005,24,459.35,457.77,0
2024-11-10,P005,25,446.19,420.83,0
2024-11-11,P005,22,549.86,597.7,1
2024-11-12,P005,18,507.6,544.6,0
2024-11-13,P005,21,425.6,435.39,0
2024-11-14,P005,17,628.91,622.03,0
2024-11-15,P005,23,359.63,381.04,0
2024-11-16,P005,27,352.2,353.21,0
2024-11-17,P005,22,516.96,512.57,0
2024-11-18,P005,18,441.82,436.35,0
2024-11-19,P005,20,447.14,453.06,0
2024-11-20,P005,21,411.68,386.5,0
2024-11-21,P005,20,481.77,517.08,0
2024-11-22,P005,23,348.33,325.31,0
2024-11-23,P005,29,581.54,566.29,1
2024-11-24,P005,26,428.05,462.14,0
2024-11-25,P005,20,526.56,551.92,0
2024-11-26,P005,17,587.1,588.11,0
2024-11-27,P005,23,366.11,383.39,0
2024-11-28,P005,18,502.12,513.57,0
2024-11-29,P005,19,553.75,578.37,0
2024-11-30,P005,22,580.83,580.67,0
2024-12-01,P005,26,397.83,402.02,0
2024-12-02,P005,22,461.36,452.83,0
2024-12-03,P005,23,349.7,318.79,0
2024-12-04,P005,17,592.9,576.82,0
2024-12-05,P005,17,617.04,637.13,0
2024-12-06,P005,17,589.41,586.9,0
2024-12-07,P005,28,396.5,380.01,0
2024-12-08,P005,22,570.0,566.03,0
2024-12-09,P005,24,367.3,334.75,0
2024-12-10,P005,24,451.65,407.07,0
2024-12-11,P005,16,632.02,614.82,0
2024-12-12,P005,17,590.51,625.65,0
2024-12-13,P005,19,549.99,553.01,0
2024-12-14,P005,25,492.75,533.28,0
2024-12-15,P005,28,369.27,351.8,0
2024-12-16,P005,19,606.4,610.62,0
2024-12-17,P005,19,516.72,508.02,0
2024-12-18,P005,23,429.87,442.22,0
2024-12-19,P005,24,413.37,373.88,0
2024-12-20,P005,17,578.97,532.88,0
2024-12-21,P005,29,360.32,349.43,0
2024-12-22,P005,28,577.8,612.24,1
2024-12-23,P005,31,404.58,385.74,1
2024-12-24,P005,28,410.31,381.93,1
2024-12-25,P005,22,474.76,510.26,0
2024-12-26,P005,20,509.17,475.26,0
2024-12-27,P005,21,510.64,506.89,0
2024-12-28,P005,25,535.43,582.79,0
2024-12-29,P005,27,458.67,431.74,0
2024-12-30,P005,21,503.41,474.0,0
2024-12-31,P005,29,458.17,422.54,1
2023-01-01,P006,17,787.05,830.06,0
2023-01-02,P006,14,767.5,691.75,0
2023-01-03,P006,16,693.76,754.46,0
2023-01-04,P006,23,501.24,544.11,0
2023-01-05,P006,18,671.54,734.7,0
2023-01-06,P006,21,559.64,546.6,0
2023-01-07,P006,26,432.54,452.59,0
2023-01-08,P006,19,710.37,713.54,0
2023-01-09,P006,21,565.31,510.59,0
2023-01-10,P006,18,640.29,702.14,0
2023-01-11,P006,31,453.49,461.07,1
2023-01-12,P006,20,561.37,534.48,0
2023-01-13,P006,17,749.56,730.77,0
2023-01-14,P006,30,438.25,416.72,0
2023-01-15,P006,23,591.98,539.5,0
2023-01-16,P006,18,649.78,639.41,0
2023-01-17,P006,25,464.7,437.0,0
2023-01-18,P006,25,489.29,533.22,0
2023-01-19,P006,22,459.13,468.3,0
2023-01-20,P006,20,626.97,590.05,0
2023-01-21,P006,29,447.11,462.51,0
2023-01-22,P006,26,559.82,523.16,0
2023-01-23,P006,19,584.97,582.92,0
2023-01-24,P006,20,602.07,637.68,0
2023-01-25,P006,21,591.39,585.93,0
2023-01-26,P006,16,757.63,712.06,0
2023-01-27,P006,20,615.77,665.07,0
2023-01-28,P006,35,551.38,582.11,1
2023-01-29,P006,24,640.83,628.33,0
2023-01-30,P006,17,790.1,765.6,0
2023-01-31,P006,19,680.09,647.15,0
2023-02-01,P006,23,522.77,541.93,0
2023-02-02,P006,24,531.79,542.29,0
2023-02-03,P006,19,596.4,622.1,0
2023-02-04,P006,21,730.45,695.38,0
2023-02-05,P006,28,543.33,565.51,0
2023-02-06,P006,19,684.81,670.13,0
2023-02-07,P006,21,578.23,600.5,0
2023-02-08,P006,24,466.52,507.37,0
2023-02-09,P006,18,738.13,687.65,0
2023-02-10,P006,25,440.03,465.1,0
2023-02-11,P006,38,459.71,475.7,1
2023-02-12,P006,31,448.02,478.29,0
2023-02-13,P006,23,494.82,452.11,0
2023-02-14,P006,21,610.31,569.94,0
2023-02-15,P006,17,702.12,711.59,0
2023-02-16,P006,21,537.54,524.42,0
2023-02-17,P006,17,734.04,740.3,0
2023-02-18,P006,25,569.92,602.97,0
2023-02-19,P006,28,446.57,459.75,0
2023-02-20,P006,15,789.82,791.46,0
2023-02-21,P006,15,797.45,768.16,0
2023-02-22,P006,24,467.95,461.65,0
2023-02-23,P006,22,557.22,600.29,0
2023-02-24,P006,29,543.86,567.13,1
2023-02-25,P006,22,658.65,641.4,0
2023-02-26,P006,24,651.27,631.83,0
2023-02-27,P006,26,511.59,510.61,0
2023-02-28,P006,16,755.12,762.21,0
2023-03-01,P006,21,610.05,562.66,0
2023-03-02,P006,25,497.82,526.41,0
2023-03-03,P006,20,741.53,761.1,0
2023-03-04,P006,28,594.62,616.05,0
2023-03-05,P006,29,472.18,440.16,0
2023-03-06,P006,23,583.59,602.45,0
2023-03-07,P006,21,666.67,708.5,0
2023-03-08,P006,32,441.75,437.39,1
2023-03-09,P006,20,712.9,715.28,0
2023-03-10,P006,17,799.3,728.1,0
2023-03-11,P006,25,613.85,670.78,0
2023-03-12,P006,20,782.61,756.96,0
2023-03-13,P006,21,668.91,685.96,0
2023-03-14,P006,27,432.11,454.85,0
2023-03-15,P006,20,708.57,766.45,0
2023-03-16,P006,21,626.02,639.54,0
2023-03-17,P006,15,801.02,750.2,0
2023-03-18,P006,19,763.75,801.1,0
2023-03-19,P006,32,471.13,475.18,0
2023-03-20,P006,20,678.87,722.03,0
2023-03-21,P006,22,570.63,544.48,0
2023-03-22,P006,26,448.06,435.91,0
2023-03-23,P006,23,572.69,565.44,0
2023-03-24,P006,21,673.49,613.25,0
2023-03-25,P006,40,498.77,526.12,1
2023-03-26,P006,28,581.24,607.11,0
2023-03-27,P006,22,685.29,753.63,0
2023-03-28,P006,26,506.51,508.86,0
2023-03-29,P006,28,560.2,509.51,1
2023-03-30,P006,21,644.03,622.89,0
2023-03-31,P006,24,499.39,544.38,0
2023-04-01,P006,25,647.21,687.95,0
2023-04-02,P006,27,588.69,597.4,0
2023-04-03,P006,22,614.12,642.77,0
2023-04-04,P006,20,641.84,655.46,0
2023-04-05,P006,21,613.16,563.61,0
2023-04-06,P006,31,578.51,529.46,1
2023-04-07,P006,23,561.06,597.27,0
2023-04-08,P006,25,672.12,671.22,0
2023-04-09,P006,33,616.55,675.32,1
2023-04-10,P006,16,782.73,755.44,0
2023-04-11,P006,26,443.3,400.81,0
2023-04-12,P006,25,578.47,521.31,0
2023-04-13,P006,25,511.81,463.16,0
2023-04-14,P006,17,711.42,662.72,0
2023-04-15,P006,25,664.42,717.68,0
2023-04-16,P006,24,698.02,671.6,0
2023-04-17,P006,14,802.0,841.91,0
2023-04-18,P006,22,659.52,638.63,0
2023-04-19,P006,25,442.7,433.41,0
2023-04-20,P006,16,776.57,836.36,0
2023-04-21,P006,24,531.58,504.34,0
2023-04-22,P006,29,542.03,541.1,0
2023-04-23,P006,25,697.72,672.12,0
2023-04-24,P006,19,721.61,745.25,0
2023-04-25,P006,19,685.0,682.47,0
2023-04-26,P006,21,679.0,621.45,0
2023-04-27,P006,17,772.97,846.19,0
2023-04-28,P006,22,656.4,633.87,0
2023-04-29,P006,25,614.67,665.83,0
2023-04-30,P006,20,785.89,743.84,0
2023-05-01,P006,30,542.24,535.88,1
2023-05-02,P006,24,548.35,577.14,0
2023-05-03,P006,17,704.39,748.69,0
2023-05-04,P006,28,443.93,404.21,0
2023-05-05,P006,24,526.56,541.13,0
2023-05-06,P006,21,750.17,756.99,0
2023-05-07,P006,22,740.49,746.06,0
2023-05-08,P006,21,623.4,674.4,0
2023-05-09,P006,24,512.83,515.33,0
2023-05-10,P006,17,743.98,696.81,0
2023-05-11,P006,17,731.26,747.64,0
2023-05-12,P006,26,503.57,517.05,0
2023-05-13,P006,26,590.22,637.36,0
2023-05-14,P006,31,624.3,677.01,1
2023-05-15,P006,24,497.6,500.42,0
2023-05-16,P006,18,729.57,691.73,0
2023-05-17,P006,16,713.33,722.51,0
2023-05-18,P006,17,748.98,782.74,0
2023-05-19,P006,21,635.39,620.7,0
2023-05-20,P006,23,672.01,647.07,0
2023-05-21,P006,27,575.85,568.41,0
2023-05-22,P006,28,459.25,467.37,1
2023-05-23,P006,21,566.36,579.17,0
2023-05-24,P006,17,757.21,687.94,0
2023-05-25,P006,16,790.92,823.48,0
2023-05-26,P006,22,556.42,578.67,0
2023-05-27,P006,21,738.66,781.73,0
2023-05-28,P006,20,758.84,827.19,0
2023-05-29,P006,18,699.85,639.76,0
2023-05-30,P006,19,684.48,667.08,0
2023-05-31,P006,19,648.6,585.32,0
2023-06-01,P006,28,554.98,590.22,1
2023-06-02,P006,22,508.46,511.25,0
2023-06-03,P006,27,507.56,464.84,0
2023-06-04,P006,22,649.51,588.63,0
2023-06-05,P006,26,471.53,427.11,0
2023-06-06,P006,20,644.33,687.95,0
2023-06-07,P006,18,699.49,723.59,0
2023-06-08,P006,23,445.8,477.48,0
2023-06-09,P006,16,767.6,805.21,0
2023-06-10,P006,22,666.57,690.38,0
2023-06-11,P006,19,730.62,712.49,0
2023-06-12,P006,17,764.19,690.39,0
2023-06-13,P006,23,690.78,759.02,1
2023-06-14,P006,18,686.61,622.67,0
2023-06-15,P006,16,738.25,710.51,0
2023-06-16,P006,20,531.46,524.17,0
2023-06-17,P006,26,572.26,549.04,0
2023-06-18,P006,27,511.15,528.21,0
2023-06-19,P006,18,680.23,696.73,0
2023-06-20,P006,24,465.85,459.57,0
2023-06-21,P006,22,516.18,548.44,0
2023-06-22,P006,15,707.43,720.31,0
2023-06-23,P006,19,631.76,639.37,0
2023-06-24,P006,25,526.06,497.66,0
2023-06-25,P006,21,658.4,701.86,0
2023-06-26,P006,17,692.75,715.17,0
2023-06-27,P006,23,457.48,490.66,0
2023-06-28,P006,21,537.75,500.87,0
2023-06-29,P006,21,598.31,654.12,0
2023-06-30,P006,19,566.43,516.84,0
2023-07-01,P006,18,764.4,718.48,0
2023-07-02,P006,28,447.08,446.03,0
2023-07-03,P006,25,598.88,637.52,1
2023-07-04,P006,17,677.0,631.35,0
2023-07-05,P006,21,703.93,763.73,1
2023-07-06,P006,23,493.84,470.86,0
2023-07-07,P006,23,455.43,438.57,0
2023-07-08,P006,35,492.67,447.36,1
2023-07-09,P006,24,493.76,469.96,0
2023-07-10,P006,14,756.24,758.53,0
2023-07-11,P006,16,702.05,699.13,0
2023-07-12,P006,20,501.04,462.98,0
2023-07-13,P006,15,754.28,691.4,0
2023-07-14,P006,17,670.35,733.66,0
2023-07-15,P006,15,794.25,746.93,0
2023-07-16,P006,17,761.43,824.12,0
2023-07-17,P006,18,657.11,678.38,0
2023-07-18,P006,20,738.35,765.73,1
2023-07-19,P006,18,629.75,626.4,0
2023-07-20,P006,19,541.17,573.85,0
2023-07-21,P006,15,690.0,745.69,0
2023-07-22,P006,26,468.86,483.5,0
2023-07-23,P006,19,724.95,775.8,0
2023-07-24,P006,19,541.11,487.82,0
2023-07-25,P006,20,541.86,592.48,0
2023-07-26,P006,21,458.1,455.47,0
2023-07-27,P006,17,635.06,611.83,0
2023-07-28,P006,16,630.51,650.84,0
2023-07-29,P006,19,692.51,717.24,0
2023-07-30,P006,16,761.24,753.53,0
2023-07-31,P006,14,763.02,744.88,0
2023-08-01,P006,15,777.43,810.89,0
2023-08-02,P006,14,775.74,716.14,0
2023-08-03,P006,20,539.95,590.58,0
2023-08-04,P006,19,550.29,576.04,0
2023-08-05,P006,22,537.72,515.96,0
2023-08-06,P006,22,605.64,642.3,0
2023-08-07,P006,15,676.93,653.22,0
2023-08-08,P006,15,623.2,666.59,0
2023-08-09,P006,16,611.05,651.71,0
2023-08-10,P006,20,470.98,473.16,0
2023-08-11,P006,22,511.73,534.11,0
2023-08-12,P006,26,463.41,501.8,0
2023-08-13,P006,22,626.86,581.36,0
2023-08-14,P006,16,644.1,590.58,0
2023-08-15,P006,21,605.83,658.29,1
2023-08-16,P006,15,698.54,633.28,0
2023-08-17,P006,14,732.86,741.92,0
2023-08-18,P006,16,634.23,641.13,0
2023-08-19,P006,20,659.9,636.35,0
2023-08-20,P006,19,643.17,626.96,0
2023-08-21,P006,14,705.77,764.52,0
2023-08-22,P006,16,601.5,650.16,0
2023-08-23,P006,16,642.57,678.6,0
2023-08-24,P006,14,726.19,793.07,0
2023-08-25,P006,18,465.2,482.23,0
2023-08-26,P006,16,788.34,856.71,0
2023-08-27,P006,17,708.66,670.58,0
2023-08-28,P006,18,555.69,539.3,0
2023-08-29,P006,21,460.46,483.76,0
2023-08-30,P006,15,701.04,747.13,0
2023-08-31,P006,15,708.24,726.75,0
2023-09-01,P006,17,590.12,578.12,0
2023-09-02,P006,24,462.92,443.54,0
2023-09-03,P006,24,633.35,636.82,1
2023-09-04,P006,18,494.9,524.63,0
2023-09-05,P006,20,611.37,589.92,1
2023-09-06,P006,17,583.87,619.86,0
2023-09-07,P006,14,717.2,680.4,0
2023-09-08,P006,14,797.96,870.12,1
2023-09-09,P006,19,640.59,668.9,0
2023-09-10,P006,18,691.16,754.55,0
2023-09-11,P006,16,652.88,675.06,0
2023-09-12,P006,14,703.42,666.02,0
2023-09-13,P006,17,569.49,564.45,0
2023-09-14,P006,11,801.26,819.08,0
2023-09-15,P006,15,723.23,739.88,0
2023-09-16,P006,17,690.11,661.74,0
2023-09-17,P006,20,635.17,687.91,0
2023-09-18,P006,14,764.64,836.67,0
2023-09-19,P006,14,679.16,643.63,0
2023-09-20,P006,24,433.57,406.52,1
2023-09-21,P006,19,433.52,417.27,0
2023-09-22,P006,15,714.08,761.56,0
2023-09-23,P006,14,793.16,762.27,0
2023-09-24,P006,24,514.34,484.81,0
2023-09-25,P006,16,583.54,608.88,0
2023-09-26,P006,16,562.54,557.73,0
2023-09-27,P006,18,487.05,490.27,0
2023-09-28,P006,24,468.28,495.49,1
2023-09-29,P006,15,641.82,626.61,0
2023-09-30,P006,24,468.38,470.61,0
2023-10-01,P006,20,622.53,663.93,0
2023-10-02,P006,13,710.03,659.46,0
2023-10-03,P006,15,662.36,646.71,0
2023-10-04,P006,24,481.08,515.92,1
2023-10-05,P006,15,659.38,664.3,0
2023-10-06,P006,12,773.88,788.8,0
2023-10-07,P006,15,791.81,839.02,0
2023-10-08,P006,18,626.62,575.37,0
2023-10-09,P006,17,647.85,681.7,0
2023-10-10,P006,14,717.43,740.88,0
2023-10-11,P006,19,511.93,558.35,0
2023-10-12,P006,24,461.25,464.53,1
2023-10-13,P006,17,547.74,559.36,0
2023-10-14,P006,22,435.63,460.04,0
2023-10-15,P006,15,735.61,711.31,0
2023-10-16,P006,17,641.47,677.7,0
2023-10-17,P006,20,440.55,430.78,0
2023-10-18,P006,15,710.34,694.25,0
2023-10-19,P006,12,764.8,772.65,0
2023-10-20,P006,16,550.22,541.88,0
2023-10-21,P006,19,614.36,597.46,0
2023-10-22,P006,23,523.75,514.18,0
2023-10-23,P006,15,622.99,588.3,0
2023-10-24,P006,17,572.6,556.61,0
2023-10-25,P006,16,577.08,577.3,0
2023-10-26,P006,21,663.04,627.52,1
2023-10-27,P006,12,698.14,741.39,0
2023-10-28,P006,24,522.18,562.2,0
2023-10-29,P006,20,639.77,680.41,0
2023-10-30,P006,15,654.77,687.93,0
2023-10-31,P006,16,592.47,543.87,0
2023-11-01,P006,13,739.15,674.06,0
2023-11-02,P006,19,494.74,504.18,0
2023-11-03,P006,12,719.79,720.64,0
2023-11-04,P006,19,620.64,634.11,0
2023-11-05,P006,17,764.46,749.39,0
2023-11-06,P006,17,574.62,609.58,0
2023-11-07,P006,15,635.65,606.36,0
2023-11-08,P006,15,723.13,739.08,0
2023-11-09,P006,18,494.96,535.07,0
2023-11-10,P006,18,506.31,457.1,0
2023-11-11,P006,17,703.21,730.41,0
2023-11-12,P006,22,725.42,748.5,1
2023-11-13,P006,15,594.86,618.34,0
2023-11-14,P006,16,666.77,696.2,0
2023-11-15,P006,15,674.87,628.32,0
2023-11-16,P006,22,531.25,502.33,1
2023-11-17,P006,13,730.24,750.43,0
2023-11-18,P006,19,641.41,601.79,0
2023-11-19,P006,17,726.38,794.18,0
2023-11-20,P006,14,701.25,676.65,0
2023-11-21,P006,20,434.65,450.45,0
2023-11-22,P006,18,531.5,529.37,0
2023-11-23,P006,14,789.61,748.89,0
2023-11-24,P006,14,699.09,699.23,0
2023-11-25,P006,22,561.69,592.24,0
2023-11-26,P006,21,662.52,627.43,0
2023-11-27,P006,19,711.08,763.04,1
2023-11-28,P006,13,757.36,830.34,0
2023-11-29,P006,19,572.58,588.45,0
2023-11-30,P006,21,491.66,508.55,0
2023-12-01,P006,20,540.11,539.0,0
2023-12-02,P006,23,472.91,458.64,0
2023-12-03,P006,24,492.22,465.65,0
2023-12-04,P006,21,460.37,450.86,0
2023-12-05,P006,18,630.13,646.3,0
2023-12-06,P006,13,773.38,846.97,0
2023-12-07,P006,18,569.47,515.09,0
2023-12-08,P006,21,486.69,534.96,0
2023-12-09,P006,20,654.13,593.06,0
2023-12-10,P006,23,462.23,472.05,0
2023-12-11,P006,18,594.52,646.13,0
2023-12-12,P006,18,630.03,585.53,0
2023-12-13,P006,20,517.08,476.47,0
2023-12-14,P006,19,483.72,476.29,0
2023-12-15,P006,14,795.83,741.19,0
2023-12-16,P006,21,632.27,635.75,0
2023-12-17,P006,16,782.55,765.53,0
2023-12-18,P006,21,456.05,431.42,0
2023-12-19,P006,16,660.89,603.71,0
2023-12-20,P006,17,604.1,546.0,0
2023-12-21,P006,16,796.95,775.77,0
2023-12-22,P006,15,720.32,704.25,0
2023-12-23,P006,21,558.85,505.41,0
2023-12-24,P006,24,565.33,525.24,0
2023-12-25,P006,18,650.92,701.98,0
2023-12-26,P006,21,691.23,694.84,1
2023-12-27,P006,13,746.95,811.43,0
2023-12-28,P006,12,776.26,792.52,0
2023-12-29,P006,21,609.55,662.5,0
2023-12-30,P006,25,521.09,476.98,0
2023-12-31,P006,21,657.73,681.64,0
2024-01-01,P006,18,619.21,662.88,0
2024-01-02,P006,22,483.86,474.26,0
2024-01-03,P006,24,459.88,500.46,0
2024-01-04,P006,17,705.79,711.59,0
2024-01-05,P006,17,777.36,792.3,0
2024-01-06,P006,23,583.83,623.35,0
2024-01-07,P006,28,500.58,541.02,0
2024-01-08,P006,16,759.33,760.66,0
2024-01-09,P006,17,670.17,724.62,0
2024-01-10,P006,13,776.65,838.07,0
2024-01-11,P006,23,483.25,510.22,0
2024-01-12,P006,16,640.15,703.33,0
2024-01-13,P006,24,600.76,600.05,0
2024-01-14,P006,20,749.35,756.27,0
2024-01-15,P006,20,584.45,611.79,0
2024-01-16,P006,14,773.16,734.76,0
2024-01-17,P006,27,563.56,615.43,1
2024-01-18,P006,17,669.36,685.03,0
2024-01-19,P006,19,636.97,649.97,0
2024-01-20,P006,21,676.96,730.96,0
2024-01-21,P006,20,722.31,665.81,0
2024-01-22,P006,20,602.03,636.66,0
2024-01-23,P006,24,442.28,430.68,0
2024-01-24,P006,25,471.12,493.0,0
2024-01-25,P006,22,550.89,557.39,0
2024-01-26,P006,20,566.21,582.23,0
2024-01-27,P006,26,532.45,496.12,0
2024-01-28,P006,21,721.75,751.76,0
2024-01-29,P006,22,499.64,515.45,0
2024-01-30,P006,25,477.99,478.66,0
2024-01-31,P006,31,438.95,436.77,1
2024-02-01,P006,21,588.16,581.62,0
2024-02-02,P006,26,448.8,437.03,0
2024-02-03,P006,21,696.84,678.65,0
2024-02-04,P006,26,588.74,542.68,0
2024-02-05,P006,25,444.2,453.79,0
2024-02-06,P006,21,783.46,778.46,1
2024-02-07,P006,19,670.84,678.3,0
2024-02-08,P006,25,666.81,666.39,1
2024-02-09,P006,21,603.04,619.88,0
2024-02-10,P006,25,600.76,561.6,0
2024-02-11,P006,25,612.91,652.46,0
2024-02-12,P006,20,535.23,492.93,0
2024-02-13,P006,21,786.87,842.69,1
2024-02-14,P006,24,461.08,506.71,0
2024-02-15,P006,24,543.99,515.57,0
2024-02-16,P006,19,642.3,669.2,0
2024-02-17,P006,31,454.75,492.85,0
2024-02-18,P006,39,462.04,457.24,1
2024-02-19,P006,17,792.43,870.15,0
2024-02-20,P006,19,672.77,676.69,0
2024-02-21,P006,19,622.51,631.16,0
2024-02-22,P006,27,438.95,405.19,0
2024-02-23,P006,21,643.17,651.96,0
2024-02-24,P006,23,684.72,654.7,0
2024-02-25,P006,24,619.76,653.64,0
2024-02-26,P006,19,693.31,758.36,0
2024-02-27,P006,31,490.06,524.65,1
2024-02-28,P006,18,692.16,662.8,0
2024-02-29,P006,18,767.51,745.99,0
2024-03-01,P006,32,455.35,482.36,1
2024-03-02,P006,24,669.65,719.84,0
2024-03-03,P006,28,722.64,762.32,1
2024-03-04,P006,28,586.55,641.96,1
2024-03-05,P006,19,704.46,709.58,0
2024-03-06,P006,24,539.05,523.02,0
2024-03-07,P006,22,558.98,571.15,0
2024-03-08,P006,16,765.43,735.9,0
2024-03-09,P006,30,501.15,544.33,0
2024-03-10,P006,30,493.3,458.2,0
2024-03-11,P006,20,632.5,645.02,0
2024-03-12,P006,27,498.81,496.78,0
2024-03-13,P006,21,675.7,669.1,0
2024-03-14,P006,22,555.54,533.72,0
2024-03-15,P006,22,584.17,531.13,0
2024-03-16,P006,20,797.41,759.72,0
2024-03-17,P006,32,478.9,459.16,0
2024-03-18,P006,20,644.82,633.93,0
2024-03-19,P006,26,475.62,486.27,0
2024-03-20,P006,24,476.37,444.29,0
2024-03-21,P006,19,669.28,682.04,0
2024-03-22,P006,26,495.2,476.52,0
2024-03-23,P006,31,439.52,467.31,0
2024-03-24,P006,24,694.32,739.97,0
2024-03-25,P006,24,537.79,485.42,0
2024-03-26,P006,23,563.27,590.62,0
2024-03-27,P006,24,460.89,416.42,0
2024-03-28,P006,26,519.39,497.03,0
2024-03-29,P006,24,473.43,452.37,0
2024-03-30,P006,21,764.63,759.6,0
2024-03-31,P006,36,577.22,522.39,1
