data/synthetic/sales_history.csv
date,product_id,units_sold,price_charged,competitor_price,promo_flag
2024-04-01,P006,22,597.99,611.24,0
2024-04-02,P006,22,549.98,572.75,0
2024-04-03,P006,23,537.33,512.32,0
2024-04-04,P006,18,757.6,700.49,0
2024-04-05,P006,20,606.64,622.09,0
2024-04-06,P006,22,746.3,706.73,0
2024-04-07,P006,23,682.62,673.16,0
2024-04-08,P006,24,474.48,443.79,0
2024-04-09,P006,24,564.7,582.01,0
2024-04-10,P006,22,518.66,491.05,0
2024-04-11,P006,33,451.88,445.49,1
2024-04-12,P006,19,723.88,652.88,0
2024-04-13,P006,20,789.88,764.83,0
2024-04-14,P006,19,798.75,775.41,0
2024-04-15,P006,21,563.75,602.34,0
2024-04-16,P006,18,708.41,778.76,0
2024-04-17,P006,21,636.24,661.75,0
2024-04-18,P006,23,582.63,543.76,0
2024-04-19,P006,23,540.28,502.68,0
2024-04-20,P006,22,725.37,711.77,0
2024-04-21,P006,29,448.61,489.66,0
2024-04-22,P006,17,784.86,797.19,0
2024-04-23,P006,23,519.95,495.22,0
2024-04-24,P006,20,613.89,651.65,0
2024-04-25,P006,21,610.3,629.2,0
2024-04-26,P006,30,502.1,504.75,1
2024-04-27,P006,22,721.15,759.94,0
2024-04-28,P006,28,563.18,577.33,0
2024-04-29,P006,25,486.97,504.47,0
2024-04-30,P006,25,470.86,460.04,0
2024-05-01,P006,27,453.12,442.32,0
2024-05-02,P006,17,766.47,832.56,0
2024-05-03,P006,22,578.22,569.91,0
2024-05-04,P006,23,646.25,584.02,0
2024-05-05,P006,24,657.82,713.18,0
2024-05-06,P006,24,471.4,500.51,0
2024-05-07,P006,29,531.72,572.35,1
2024-05-08,P006,25,452.36,466.72,0
2024-05-09,P006,23,568.17,600.21,0
2024-05-10,P006,24,493.69,528.61,0
2024-05-11,P006,21,711.56,714.0,0
2024-05-12,P006,25,643.87,639.52,0
2024-05-13,P006,22,789.15,848.97,1
2024-05-14,P006,21,670.64,680.76,0
2024-05-15,P006,20,578.0,555.65,0
2024-05-16,P006,20,582.73,555.18,0
2024-05-17,P006,20,713.8,718.29,0
2024-05-18,P006,31,457.07,480.4,0
2024-05-19,P006,35,551.71,600.06,1
2024-05-20,P006,25,460.38,447.39,0
2024-05-21,P006,20,631.64,669.13,0
2024-05-22,P006,16,743.96,691.61,0
2024-05-23,P006,23,449.62,462.32,0
2024-05-24,P006,25,455.87,428.39,0
2024-05-25,P006,26,631.8,591.74,0
2024-05-26,P006,25,594.48,552.71,0
2024-05-27,P006,19,700.05,656.19,0
2024-05-28,P006,15,705.5,755.09,0
2024-05-29,P006,17,694.41,629.54,0
2024-05-30,P006,24,541.69,554.89,0
2024-05-31,P006,18,713.64,745.85,0
2024-06-01,P006,22,688.27,674.84,0
2024-06-02,P006,25,606.76,633.06,0
2024-06-03,P006,15,756.51,821.68,0
2024-06-04,P006,18,646.23,604.74,0
2024-06-05,P006,17,677.78,728.77,0
2024-06-06,P006,26,626.71,675.5,1
2024-06-07,P006,21,554.15,528.64,0
2024-06-08,P006,20,696.86,760.57,0
2024-06-09,P006,28,687.88,725.25,1
2024-06-10,P006,17,744.19,775.58,0
2024-06-11,P006,21,620.04,589.42,0
2024-06-12,P006,17,731.8,797.71,0
2024-06-13,P006,21,604.29,623.9,0
2024-06-14,P006,20,634.61,683.05,0
2024-06-15,P006,25,598.25,555.0,0
2024-06-16,P006,29,443.4,481.92,0
2024-06-17,P006,23,486.72,507.04,0
2024-06-18,P006,23,480.62,496.71,0
2024-06-19,P006,14,761.24,752.54,0
2024-06-20,P006,21,462.48,498.74,0
2024-06-21,P006,20,753.87,779.13,1
2024-06-22,P006,22,672.61,726.58,0
2024-06-23,P006,19,739.65,721.96,0
2024-06-24,P006,31,452.94,469.04,1
2024-06-25,P006,29,553.55,599.14,1
2024-06-26,P006,15,737.67,730.38,0
2024-06-27,P006,19,575.61,530.83,0
2024-06-28,P006,13,791.61,803.31,0
2024-06-29,P006,27,479.34,482.49,0
2024-06-30,P006,25,445.16,485.3,0
2024-07-01,P006,26,533.98,485.04,1
2024-07-02,P006,20,572.59,586.65,0
2024-07-03,P006,21,473.43,441.19,0
2024-07-04,P006,17,619.41,568.03,0
2024-07-05,P006,21,449.24,412.89,0
2024-07-06,P006,30,588.99,637.89,1
2024-07-07,P006,20,700.18,766.36,0
2024-07-08,P006,16,714.64,730.13,0
2024-07-09,P006,20,567.33,623.49,0
2024-07-10,P006,17,605.08,632.15,0
2024-07-11,P006,16,615.34,615.91,0
2024-07-12,P006,18,567.87,596.12,0
2024-07-13,P006,23,755.75,815.59,1
2024-07-14,P006,24,558.49,537.19,0
2024-07-15,P006,16,701.13,683.41,0
2024-07-16,P006,16,699.17,674.97,0
2024-07-17,P006,18,665.14,717.97,0
2024-07-18,P006,19,592.19,552.68,0
2024-07-19,P006,21,550.11,496.54,0
2024-07-20,P006,23,548.95,579.67,0
2024-07-21,P006,20,680.43,718.97,0
2024-07-22,P006,17,684.62,676.36,0
2024-07-23,P006,12,796.24,763.25,0
2024-07-24,P006,16,688.84,747.36,0
2024-07-25,P006,20,498.19,485.96,0
2024-07-26,P006,16,676.48,653.47,0
2024-07-27,P006,16,756.82,698.23,0
2024-07-28,P006,24,456.34,479.67,0
2024-07-29,P006,20,492.84,509.66,0
2024-07-30,P006,26,515.48,488.71,1
2024-07-31,P006,18,644.83,678.08,0
2024-08-01,P006,16,680.37,673.45,0
2024-08-02,P006,14,761.82,795.56,0
2024-08-03,P006,18,635.8,672.18,0
2024-08-04,P006,24,536.68,518.02,0
2024-08-05,P006,22,659.22,600.17,1
2024-08-06,P006,25,468.78,484.84,1
2024-08-07,P006,15,740.0,792.19,0
2024-08-08,P006,21,495.77,522.94,0
2024-08-09,P006,14,722.58,683.3,0
2024-08-10,P006,25,503.31,485.1,0
2024-08-11,P006,25,470.79,491.2,0
2024-08-12,P006,18,542.99,522.89,0
2024-08-13,P006,20,651.48,633.03,1
2024-08-14,P006,20,439.66,453.7,0
2024-08-15,P006,19,468.49,474.17,0
2024-08-16,P006,19,476.41,435.17,0
2024-08-17,P006,18,680.6,675.62,0
2024-08-18,P006,18,739.75,711.01,0
2024-08-19,P006,22,583.25,560.11,1
2024-08-20,P006,20,461.72,488.3,0
2024-08-21,P006,16,675.8,677.73,0
2024-08-22,P006,19,465.22,457.25,0
2024-08-23,P006,16,664.97,702.5,0
2024-08-24,P006,22,685.68,664.58,1
2024-08-25,P006,24,447.9,467.56,0
2024-08-26,P006,16,784.75,780.92,1
2024-08-27,P006,13,749.25,757.04,0
2024-08-28,P006,18,449.33,445.83,0
2024-08-29,P006,13,741.05,764.69,0
2024-08-30,P006,20,453.95,425.58,0
2024-08-31,P006,24,495.24,531.92,0
2024-09-01,P006,20,587.43,614.14,0
2024-09-02,P006,18,609.48,583.56,0
2024-09-03,P006,17,566.57,534.1,0
2024-09-04,P006,18,778.1,824.26,1
2024-09-05,P006,25,452.63,470.05,1
2024-09-06,P006,13,720.76,683.14,0
2024-09-07,P006,29,527.17,492.57,1
2024-09-08,P006,21,470.61,487.45,0
2024-09-09,P006,11,720.51,710.72,0
2024-09-10,P006,17,575.84,628.82,0
2024-09-11,P006,17,716.43,722.74,1
2024-09-12,P006,14,659.0,654.81,0
2024-09-13,P006,13,732.0,783.89,0
2024-09-14,P006,18,710.14,749.71,0
2024-09-15,P006,14,786.17,847.33,0
2024-09-16,P006,13,717.97,779.22,0
2024-09-17,P006,18,455.39,455.74,0
2024-09-18,P006,19,489.69,453.26,0
2024-09-19,P006,24,436.52,402.05,1
2024-09-20,P006,18,551.56,515.04,0
2024-09-21,P006,14,780.72,833.79,0
2024-09-22,P006,16,671.88,700.12,0
2024-09-23,P006,16,667.52,687.39,0
2024-09-24,P006,20,453.64,428.06,0
2024-09-25,P006,10,788.04,829.34,0
2024-09-26,P006,21,626.24,565.26,1
2024-09-27,P006,13,704.64,769.0,0
2024-09-28,P006,29,514.93,510.58,1
2024-09-29,P006,21,474.5,460.57,0
2024-09-30,P006,14,738.24,665.83,0
2024-10-01,P006,14,727.49,740.5,0
2024-10-02,P006,19,452.52,411.85,0
2024-10-03,P006,12,759.04,776.96,0
2024-10-04,P006,17,613.31,670.61,0
2024-10-05,P006,15,783.78,835.67,0
2024-10-06,P006,17,694.5,758.78,0
2024-10-07,P006,15,643.55,667.56,0
2024-10-08,P006,23,513.6,502.72,1
2024-10-09,P006,13,653.64,605.67,0
2024-10-10,P006,11,780.37,819.47,0
2024-10-11,P006,20,432.47,390.06,0
2024-10-12,P006,21,568.88,581.03,0
2024-10-13,P006,19,599.67,558.16,0
2024-10-14,P006,13,793.58,752.64,0
2024-10-15,P006,14,697.77,689.68,0
2024-10-16,P006,17,503.2,498.16,0
2024-10-17,P006,20,490.21,447.31,0
2024-10-18,P006,14,754.59,707.07,0
2024-10-19,P006,21,515.46,515.4,0
2024-10-20,P006,25,479.47,508.79,0
2024-10-21,P006,15,660.51,701.52,0
2024-10-22,P006,14,642.47,592.18,0
2024-10-23,P006,17,570.05,609.2,0
2024-10-24,P006,15,593.56,585.65,0
2024-10-25,P006,14,767.26,730.72,0
2024-10-26,P006,26,657.05,667.03,1
2024-10-27,P006,20,578.97,574.58,0
2024-10-28,P006,20,500.48,481.04,0
2024-10-29,P006,15,718.61,668.01,0
2024-10-30,P006,16,620.25,638.48,0
2024-10-31,P006,16,623.4,607.53,0
2024-11-01,P006,13,703.56,690.26,0
2024-11-02,P006,24,664.41,669.66,1
2024-11-03,P006,25,464.69,456.4,0
2024-11-04,P006,17,634.11,685.67,0
2024-11-05,P006,13,736.37,718.0,0
2024-11-06,P006,18,697.63,675.71,1
2024-11-07,P006,19,458.29,442.87,0
2024-11-08,P006,16,602.62,651.13,0
2024-11-09,P006,22,516.76,484.82,0
2024-11-10,P006,19,624.2,589.38,0
2024-11-11,P006,17,600.75,580.45,0
2024-11-12,P006,18,695.89,750.79,1
2024-11-13,P006,18,540.48,565.46,0
2024-11-14,P006,14,720.81,737.51,0
2024-11-15,P006,18,556.02,575.83,0
2024-11-16,P006,21,603.6,549.3,0
2024-11-17,P006,16,758.6,812.02,0
2024-11-18,P006,14,619.52,680.75,0
2024-11-19,P006,20,473.18,481.72,0
2024-11-20,P006,14,684.44,667.16,0
2024-11-21,P006,20,483.43,520.29,0
2024-11-22,P006,15,709.6,710.6,0
2024-11-23,P006,25,487.55,470.94,0
2024-11-24,P006,23,482.71,502.22,0
2024-11-25,P006,16,688.35,682.75,0
2024-11-26,P006,25,482.09,501.41,1
2024-11-27,P006,19,474.13,505.33,0
2024-11-28,P006,15,713.81,737.87,0
2024-11-29,P006,14,709.04,664.93,0
2024-11-30,P006,23,490.37,519.17,0
2024-12-01,P006,17,705.26,765.27,0
2024-12-02,P006,20,453.72,457.97,0
2024-12-03,P006,19,469.94,483.35,0
2024-12-04,P006,20,552.41,516.07,0
2024-12-05,P006,14,776.71,781.48,0
2024-12-06,P006,14,773.77,758.9,0
2024-12-07,P006,22,718.71,733.93,1
2024-12-08,P006,21,615.13,580.68,0
2024-12-09,P006,17,657.19,673.49,0
2024-12-10,P006,19,594.61,622.28,0
2024-12-11,P006,21,472.97,445.74,0
2024-12-12,P006,14,793.27,762.15,0
2024-12-13,P006,16,706.72,736.97,0
2024-12-14,P006,26,541.14,539.1,0
2024-12-15,P006,19,738.32,787.47,0
2024-12-16,P006,15,746.99,729.28,0
2024-12-17,P006,16,739.87,738.42,0
2024-12-18,P006,19,523.24,543.29,0
2024-12-19,P006,19,556.4,529.77,0
2024-12-20,P006,15,786.21,805.66,0
2024-12-21,P006,24,742.76,781.26,1
2024-12-22,P006,21,653.74,657.45,0
2024-12-23,P006,22,477.46,481.29,0
2024-12-24,P006,17,658.34,723.02,0
2024-12-25,P006,19,600.68,642.95,0
2024-12-26,P006,21,512.12,557.91,0
2024-12-27,P006,17,685.2,726.01,0
2024-12-28,P006,26,497.34,456.71,0
2024-12-29,P006,28,473.92,436.81,0
2024-12-30,P006,16,700.24,680.21,0
2024-12-31,P006,22,635.86,662.12,1
2023-01-01,P007,36,428.35,386.21,0
2023-01-02,P007,30,424.71,461.94,0
2023-01-03,P007,37,330.41,319.01,0
2023-01-04,P007,31,424.93,420.12,0
2023-01-05,P007,40,314.94,328.17,0
2023-01-06,P007,21,541.21,504.73,0
2023-01-07,P007,43,365.99,346.6,0
2023-01-08,P007,36,421.41,395.46,0
2023-01-09,P007,35,377.98,369.21,0
2023-01-10,P007,23,472.2,478.31,0
2023-01-11,P007,34,371.58,340.29,0
2023-01-12,P007,40,314.22,303.93,0
2023-01-13,P007,21,511.69,533.83,0
2023-01-14,P007,30,468.95,505.06,0
2023-01-15,P007,50,413.1,404.91,1
2023-01-16,P007,31,414.71,399.72,0
2023-01-17,P007,39,327.48,304.7,0
2023-01-18,P007,41,319.61,309.35,0
2023-01-19,P007,50,340.41,350.33,1
2023-01-20,P007,15,570.69,624.55,0
2023-01-21,P007,44,354.94,355.74,0
2023-01-22,P007,43,371.0,363.84,0
2023-01-23,P007,37,371.7,400.75,0
2023-01-24,P007,20,549.05,512.32,0
2023-01-25,P007,30,422.52,433.63,0
2023-01-26,P007,42,409.45,447.89,1
2023-01-27,P007,31,497.53,502.39,1
2023-01-28,P007,44,378.82,404.98,0
2023-01-29,P007,68,310.33,292.97,1
2023-01-30,P007,25,483.35,474.99,0
2023-01-31,P007,34,403.16,422.35,0
2023-02-01,P007,22,503.33,546.13,0
2023-02-02,P007,29,453.37,479.71,0
2023-02-03,P007,38,364.32,331.54,0
2023-02-04,P007,35,442.93,441.31,0
2023-02-05,P007,27,505.96,549.08,0
2023-02-06,P007,27,458.6,422.34,0
2023-02-07,P007,37,358.7,386.36,0
2023-02-08,P007,25,507.0,516.83,0
2023-02-09,P007,57,310.61,337.42,1
2023-02-10,P007,31,438.51,455.54,0
2023-02-11,P007,50,326.06,316.37,0
2023-02-12,P007,50,339.08,315.13,0
2023-02-13,P007,40,356.78,347.38,0
2023-02-14,P007,31,498.87,457.24,1
2023-02-15,P007,28,463.72,495.83,0
2023-02-16,P007,32,427.77,451.31,0
2023-02-17,P007,38,358.7,347.8,0
2023-02-18,P007,46,367.36,383.44,0
2023-02-19,P007,49,437.07,400.92,1
2023-02-20,P007,26,501.78,535.22,0
2023-02-21,P007,21,546.14,573.67,0
2023-02-22,P007,41,348.87,325.44,0
2023-02-23,P007,43,326.48,358.99,0
2023-02-24,P007,31,421.48,440.55,0
2023-02-25,P007,32,490.7,539.6,0
2023-02-26,P007,42,402.38,434.28,0
2023-02-27,P007,35,408.54,372.01,0
2023-02-28,P007,45,328.46,296.98,0
2023-03-01,P007,34,405.61,414.2,0
2023-03-02,P007,38,383.97,406.78,0
2023-03-03,P007,23,518.4,496.06,0
2023-03-04,P007,28,521.32,488.59,0
2023-03-05,P007,45,384.22,398.53,0
2023-03-06,P007,26,479.92,471.82,0
2023-03-07,P007,43,334.2,327.98,0
2023-03-08,P007,30,463.12,434.67,0
2023-03-09,P007,40,342.75,325.22,0
2023-03-10,P007,20,543.23,546.57,0
2023-03-11,P007,39,435.32,401.56,0
2023-03-12,P007,26,527.67,536.54,0
2023-03-13,P007,41,346.34,359.58,0
2023-03-14,P007,37,371.78,374.37,0
2023-03-15,P007,27,488.4,524.49,0
2023-03-16,P007,32,431.95,472.81,0
2023-03-17,P007,45,327.72,326.18,0
2023-03-18,P007,52,340.72,318.27,0
2023-03-19,P007,26,532.58,550.07,0
2023-03-20,P007,30,465.45,437.8,0
2023-03-21,P007,34,420.76,380.25,0
2023-03-22,P007,20,559.34,597.91,0
2023-03-23,P007,39,376.51,346.09,0
2023-03-24,P007,32,440.48,436.63,0
2023-03-25,P007,41,416.0,379.7,0
2023-03-26,P007,54,325.15,295.41,0
2023-03-27,P007,33,415.72,427.9,0
2023-03-28,P007,27,489.04,465.1,0
2023-03-29,P007,28,466.21,450.99,0
2023-03-30,P007,30,471.12,516.14,0
2023-03-31,P007,33,420.38,384.75,0
2023-04-01,P007,34,453.71,438.17,0
2023-04-02,P007,51,339.81,333.14,0
2023-04-03,P007,43,335.67,303.73,0
2023-04-04,P007,27,525.28,524.61,1
2023-04-05,P007,44,422.97,403.43,1
2023-04-06,P007,27,492.55,492.4,0
2023-04-07,P007,34,431.19,430.97,0
2023-04-08,P007,40,423.07,425.48,0
2023-04-09,P007,29,490.31,511.02,0
2023-04-10,P007,44,407.4,410.38,1
2023-04-11,P007,32,427.38,460.68,0
2023-04-12,P007,26,491.49,537.79,0
2023-04-13,P007,28,475.49,519.57,0
2023-04-14,P007,42,349.51,383.31,0
2023-04-15,P007,40,417.95,393.88,0
2023-04-16,P007,47,445.37,464.5,1
2023-04-17,P007,19,565.02,609.88,0
2023-04-18,P007,36,384.7,376.59,0
2023-04-19,P007,42,334.24,351.75,0
2023-04-20,P007,36,404.16,395.23,0
2023-04-21,P007,33,444.57,428.98,0
2023-04-22,P007,34,472.05,450.84,0
2023-04-23,P007,70,312.43,315.72,1
2023-04-24,P007,28,460.38,496.6,0
2023-04-25,P007,28,469.08,433.03,0
2023-04-26,P007,30,442.57,452.03,0
2023-04-27,P007,22,521.02,546.97,0
2023-04-28,P007,51,361.32,393.59,1
2023-04-29,P007,53,326.71,325.81,0
2023-04-30,P007,35,465.31,477.12,0
2023-05-01,P007,44,312.56,319.33,0
2023-05-02,P007,31,437.44,441.03,0
2023-05-03,P007,37,391.28,412.84,0
2023-05-04,P007,20,553.21,553.03,0
2023-05-05,P007,33,412.4,448.56,0
2023-05-06,P007,39,442.43,421.3,0
2023-05-07,P007,56,393.46,427.46,1
2023-05-08,P007,25,486.78,491.04,0
2023-05-09,P007,18,564.04,543.59,0
2023-05-10,P007,38,350.11,326.27,0
2023-05-11,P007,20,542.19,595.4,0
2023-05-12,P007,29,457.78,476.18,0
2023-05-13,P007,53,319.43,297.56,0
2023-05-14,P007,50,326.51,298.08,0
2023-05-15,P007,29,447.56,427.27,0
2023-05-16,P007,23,517.78,487.65,0
2023-05-17,P007,17,570.16,601.35,0
2023-05-18,P007,25,499.46,514.84,0
2023-05-19,P007,25,471.43,490.76,0
2023-05-20,P007,50,329.51,313.73,0
2023-05-21,P007,45,353.32,327.81,0
2023-05-22,P007,44,404.43,440.54,1
2023-05-23,P007,23,509.66,533.19,0
2023-05-24,P007,40,353.38,387.48,0
2023-05-25,P007,33,505.02,512.67,1
2023-05-26,P007,20,532.23,491.29,0
2023-05-27,P007,37,504.23,481.09,1
2023-05-28,P007,41,473.62,446.83,1
2023-05-29,P007,41,335.89,311.07,0
2023-05-30,P007,42,324.19,312.58,0
2023-05-31,P007,23,494.18,530.77,0
2023-06-01,P007,21,514.81,536.41,0
2023-06-02,P007,33,403.5,370.06,0
2023-06-03,P007,23,530.03,569.41,0
2023-06-04,P007,29,545.77,528.19,1
2023-06-05,P007,35,401.38,366.31,0
2023-06-06,P007,36,464.31,506.36,1
2023-06-07,P007,37,376.92,357.23,0
2023-06-08,P007,22,502.37,532.25,0
2023-06-09,P007,37,372.99,362.44,0
2023-06-10,P007,46,352.02,323.29,0
2023-06-11,P007,34,459.57,439.31,0
2023-06-12,P007,35,350.8,349.54,0
2023-06-13,P007,40,430.06,439.0,1
2023-06-14,P007,26,467.59,432.8,0
2023-06-15,P007,16,570.66,560.88,0
2023-06-16,P007,29,440.25,442.19,0
2023-06-17,P007,45,358.98,334.84,0
2023-06-18,P007,48,330.55,346.3,0
2023-06-19,P007,36,379.85,366.32,0
2023-06-20,P007,21,522.82,528.05,0
2023-06-21,P007,19,537.03,485.49,0
2023-06-22,P007,35,372.02,341.51,0
2023-06-23,P007,30,424.4,454.08,0
2023-06-24,P007,40,394.09,381.45,0
2023-06-25,P007,23,544.04,515.38,0
2023-06-26,P007,16,558.08,566.4,0
2023-06-27,P007,21,508.1,548.85,0
2023-06-28,P007,17,539.15,490.28,0
2023-06-29,P007,31,387.9,405.74,0
2023-06-30,P007,35,356.45,345.52,0
2023-07-01,P007,39,482.76,527.29,1
2023-07-02,P007,45,338.53,352.72,0
2023-07-03,P007,44,368.55,341.71,1
2023-07-04,P007,32,392.14,379.75,0
2023-07-05,P007,16,545.1,526.31,0
2023-07-06,P007,32,392.15,378.54,0
2023-07-07,P007,21,485.31,451.25,0
2023-07-08,P007,47,313.62,295.98,0
2023-07-09,P007,44,336.13,351.2,0
2023-07-10,P007,30,409.52,374.58,0
2023-07-11,P007,18,522.19,563.41,0
2023-07-12,P007,38,319.72,300.65,0
2023-07-13,P007,20,506.18,461.84,0
2023-07-14,P007,24,534.15,514.25,1
2023-07-15,P007,42,359.41,326.6,0
2023-07-16,P007,24,509.81,517.2,0
2023-07-17,P007,28,420.02,454.7,0
2023-07-18,P007,22,484.26,478.25,0
2023-07-19,P007,25,459.01,497.56,0
2023-07-20,P007,29,420.38,403.01,0
2023-07-21,P007,25,476.53,468.9,0
2023-07-22,P007,40,348.14,346.01,0
2023-07-23,P007,26,490.05,457.24,0
2023-07-24,P007,29,417.18,441.07,0
2023-07-25,P007,28,416.7,395.13,0
2023-07-26,P007,21,517.81,474.75,0
2023-07-27,P007,25,446.25,464.72,0
2023-07-28,P007,31,504.25,527.22,1
2023-07-29,P007,35,415.82,409.3,0
2023-07-30,P007,30,465.33,506.95,0
2023-07-31,P007,32,358.67,367.73,0
2023-08-01,P007,33,342.4,368.58,0
2023-08-02,P007,17,526.36,571.94,0
2023-08-03,P007,20,526.94,526.87,0
2023-08-04,P007,23,492.94,476.28,0
2023-08-05,P007,33,429.68,393.43,0
2023-08-06,P007,34,402.05,439.28,0
2023-08-07,P007,31,454.38,464.07,1
2023-08-08,P007,32,356.77,341.41,0
2023-08-09,P007,21,484.1,465.73,0
2023-08-10,P007,35,320.93,292.89,0
2023-08-11,P007,35,327.51,311.25,0
2023-08-12,P007,38,354.74,376.36,0
2023-08-13,P007,40,353.64,353.14,0
2023-08-14,P007,28,489.29,530.86,1
2023-08-15,P007,32,368.07,367.61,0
2023-08-16,P007,17,540.99,515.01,0
2023-08-17,P007,30,357.97,355.02,0
2023-08-18,P007,21,469.65,480.32,0
2023-08-19,P007,16,557.27,576.75,0
2023-08-20,P007,20,514.32,509.62,0
2023-08-21,P007,17,520.71,516.16,0
2023-08-22,P007,16,531.15,570.53,0
2023-08-23,P007,35,313.89,302.33,0
2023-08-24,P007,31,356.5,385.88,0
2023-08-25,P007,14,564.29,563.96,0
2023-08-26,P007,46,369.59,385.01,1
2023-08-27,P007,41,318.45,289.88,0
