data/synthetic/sales_history.csv
date,product_id,units_sold,price_charged,competitor_price,promo_flag
2023-08-28,P007,23,468.21,456.21,0
2023-08-29,P007,18,520.4,523.9,0
2023-08-30,P007,32,335.6,334.76,0
2023-08-31,P007,31,346.42,371.9,0
2023-09-01,P007,38,382.74,390.25,1
2023-09-02,P007,38,358.47,338.45,0
2023-09-03,P007,40,320.27,341.61,0
2023-09-04,P007,25,404.44,425.04,0
2023-09-05,P007,26,423.71,434.03,0
2023-09-06,P007,16,523.39,539.26,0
2023-09-07,P007,33,419.62,439.6,1
2023-09-08,P007,27,394.14,419.93,0
2023-09-09,P007,28,510.64,488.7,1
2023-09-10,P007,22,516.94,562.2,0
2023-09-11,P007,16,513.32,515.96,0
2023-09-12,P007,30,369.38,392.13,0
2023-09-13,P007,26,409.86,436.43,0
2023-09-14,P007,36,395.71,390.97,1
2023-09-15,P007,21,470.15,502.06,0
2023-09-16,P007,22,536.18,538.57,0
2023-09-17,P007,15,552.4,548.45,0
2023-09-18,P007,28,394.33,386.82,0
2023-09-19,P007,21,524.8,500.07,1
2023-09-20,P007,28,396.39,423.6,0
2023-09-21,P007,34,314.98,323.79,0
2023-09-22,P007,29,367.62,346.97,0
2023-09-23,P007,18,535.35,526.84,0
2023-09-24,P007,20,527.95,556.57,0
2023-09-25,P007,17,522.5,504.31,0
2023-09-26,P007,31,349.11,363.68,0
2023-09-27,P007,22,450.07,464.01,0
2023-09-28,P007,34,318.37,325.35,0
2023-09-29,P007,17,497.0,500.74,0
2023-09-30,P007,19,527.58,508.96,0
2023-10-01,P007,35,374.38,346.57,0
2023-10-02,P007,14,567.61,579.88,0
2023-10-03,P007,24,439.89,417.36,0
2023-10-04,P007,28,383.17,354.23,0
2023-10-05,P007,19,508.04,479.43,0
2023-10-06,P007,22,479.56,505.02,0
2023-10-07,P007,31,402.19,422.95,0
2023-10-08,P007,41,316.68,319.92,0
2023-10-09,P007,13,563.55,605.63,0
2023-10-10,P007,22,457.77,447.25,0
2023-10-11,P007,32,337.53,322.88,0
2023-10-12,P007,27,400.17,381.82,0
2023-10-13,P007,22,466.54,459.37,0
2023-10-14,P007,34,374.34,410.53,0
2023-10-15,P007,34,387.95,421.76,0
2023-10-16,P007,23,442.8,398.74,0
2023-10-17,P007,26,406.72,430.31,0
2023-10-18,P007,24,423.52,417.75,0
2023-10-19,P007,23,454.67,437.24,0
2023-10-20,P007,17,524.54,531.46,0
2023-10-21,P007,33,387.06,396.56,0
2023-10-22,P007,34,368.67,399.66,0
2023-10-23,P007,23,459.45,416.87,0
2023-10-24,P007,25,422.84,390.5,0
2023-10-25,P007,26,417.75,437.53,0
2023-10-26,P007,28,399.88,435.42,0
2023-10-27,P007,17,494.89,536.33,0
2023-10-28,P007,25,459.84,478.82,0
2023-10-29,P007,32,417.8,426.81,0
2023-10-30,P007,23,440.04,450.95,0
2023-10-31,P007,30,362.73,355.91,0
2023-11-01,P007,18,521.04,530.95,0
2023-11-02,P007,23,452.32,453.67,0
2023-11-03,P007,35,318.86,291.4,0
2023-11-04,P007,42,309.74,307.79,0
2023-11-05,P007,21,530.8,542.4,0
2023-11-06,P007,22,468.57,437.25,0
2023-11-07,P007,33,321.8,301.95,0
2023-11-08,P007,30,378.41,357.05,0
2023-11-09,P007,19,486.29,446.52,0
2023-11-10,P007,33,346.61,371.54,0
2023-11-11,P007,17,563.35,580.3,0
2023-11-12,P007,26,486.07,451.77,0
2023-11-13,P007,25,451.22,440.94,0
2023-11-14,P007,25,424.52,412.59,0
2023-11-15,P007,34,324.52,355.65,0
2023-11-16,P007,34,339.05,337.88,0
2023-11-17,P007,32,343.56,335.61,0
2023-11-18,P007,41,338.35,344.17,0
2023-11-19,P007,27,467.74,439.73,0
2023-11-20,P007,28,398.5,425.37,0
2023-11-21,P007,30,391.67,379.05,0
2023-11-22,P007,18,506.06,553.92,0
2023-11-23,P007,35,330.07,301.59,0
2023-11-24,P007,22,464.88,474.45,0
2023-11-25,P007,36,384.2,379.05,0
2023-11-26,P007,40,436.64,430.21,1
2023-11-27,P007,19,495.76,510.2,0
2023-11-28,P007,32,356.64,333.74,0
2023-11-29,P007,21,481.16,528.74,0
2023-11-30,P007,20,479.81,461.82,0
2023-12-01,P007,18,548.13,599.54,0
2023-12-02,P007,32,438.83,406.57,0
2023-12-03,P007,30,509.75,542.27,1
2023-12-04,P007,34,340.73,323.43,0
2023-12-05,P007,32,461.32,453.93,1
2023-12-06,P007,34,362.11,331.03,0
2023-12-07,P007,29,395.74,357.57,0
2023-12-08,P007,19,505.5,552.48,0
2023-12-09,P007,45,313.75,319.4,0
2023-12-10,P007,23,512.59,465.93,0
2023-12-11,P007,35,456.03,447.76,1
2023-12-12,P007,21,511.65,470.86,0
2023-12-13,P007,34,342.85,318.14,0
2023-12-14,P007,39,319.79,326.85,0
2023-12-15,P007,25,459.46,476.06,0
2023-12-16,P007,35,397.38,414.24,0
2023-12-17,P007,41,350.42,316.29,0
2023-12-18,P007,24,465.06,491.38,0
2023-12-19,P007,23,485.27,485.02,0
2023-12-20,P007,21,497.3,481.0,0
2023-12-21,P007,34,366.8,363.29,0
2023-12-22,P007,16,541.27,580.28,0
2023-12-23,P007,30,443.74,446.89,0
2023-12-24,P007,24,534.87,490.54,0
2023-12-25,P007,45,354.9,348.11,1
2023-12-26,P007,35,438.32,479.0,1
2023-12-27,P007,23,489.63,479.15,0
2023-12-28,P007,29,492.89,479.5,1
2023-12-29,P007,28,439.86,475.5,0
2023-12-30,P007,28,474.4,454.83,0
2023-12-31,P007,18,565.88,558.79,0
2024-01-01,P007,38,432.25,441.23,1
2024-01-02,P007,23,490.78,479.93,0
2024-01-03,P007,40,315.45,337.19,0
2024-01-04,P007,26,466.21,432.12,0
2024-01-05,P007,30,410.99,441.22,0
2024-01-06,P007,46,332.37,321.35,0
2024-01-07,P007,39,400.36,365.4,0
2024-01-08,P007,33,386.58,348.71,0
2024-01-09,P007,25,491.29,478.95,0
2024-01-10,P007,37,362.72,378.7,0
2024-01-11,P007,20,521.76,495.54,0
2024-01-12,P007,36,352.13,368.63,0
2024-01-13,P007,32,449.73,491.7,0
2024-01-14,P007,22,531.67,572.07,0
2024-01-15,P007,28,429.13,392.89,0
2024-01-16,P007,33,413.59,421.36,0
2024-01-17,P007,34,383.53,373.34,0
2024-01-18,P007,50,340.73,334.24,1
2024-01-19,P007,40,318.24,316.85,0
2024-01-20,P007,32,451.21,430.9,0
2024-01-21,P007,32,445.76,475.2,0
2024-01-22,P007,28,451.72,436.57,0
2024-01-23,P007,16,557.7,533.26,0
2024-01-24,P007,26,482.77,529.19,0
2024-01-25,P007,25,473.11,464.31,0
2024-01-26,P007,25,546.86,574.95,1
2024-01-27,P007,19,566.69,570.21,0
2024-01-28,P007,24,545.34,550.97,0
2024-01-29,P007,37,375.16,344.9,0
2024-01-30,P007,20,503.99,464.61,0
2024-01-31,P007,32,414.6,442.96,0
2024-02-01,P007,35,397.97,434.4,0
2024-02-02,P007,37,363.04,398.24,0
2024-02-03,P007,36,440.29,480.01,0
2024-02-04,P007,33,441.01,426.45,0
2024-02-05,P007,28,448.57,444.31,0
2024-02-06,P007,42,317.47,340.8,0
2024-02-07,P007,27,465.77,490.33,0
2024-02-08,P007,17,560.2,549.37,0
2024-02-09,P007,30,431.98,466.14,0
2024-02-10,P007,35,455.5,456.03,0
2024-02-11,P007,61,350.55,355.94,1
2024-02-12,P007,19,548.21,534.73,0
2024-02-13,P007,43,330.72,328.71,0
2024-02-14,P007,22,506.19,549.86,0
2024-02-15,P007,21,524.51,539.02,0
2024-02-16,P007,40,343.86,367.42,0
2024-02-17,P007,20,569.73,554.5,0
2024-02-18,P007,39,427.46,461.15,0
2024-02-19,P007,56,322.97,301.59,1
2024-02-20,P007,23,506.85,507.06,0
2024-02-21,P007,23,513.77,484.87,0
2024-02-22,P007,19,537.63,561.39,0
2024-02-23,P007,24,514.18,558.8,0
2024-02-24,P007,43,404.8,406.84,0
2024-02-25,P007,26,542.68,488.76,0
2024-02-26,P007,36,382.2,413.38,0
2024-02-27,P007,27,478.62,476.5,0
2024-02-28,P007,24,522.71,470.73,0
2024-02-29,P007,33,404.25,375.05,0
2024-03-01,P007,24,489.73,486.58,0
2024-03-02,P007,47,363.08,393.95,0
2024-03-03,P007,53,322.02,329.68,0
2024-03-04,P007,38,387.61,423.79,0
2024-03-05,P007,49,382.13,419.61,1
2024-03-06,P007,27,492.81,464.1,0
2024-03-07,P007,33,414.78,436.39,0
2024-03-08,P007,36,461.91,419.24,1
2024-03-09,P007,24,539.26,542.78,0
2024-03-10,P007,62,366.95,349.31,1
2024-03-11,P007,28,468.95,470.4,0
2024-03-12,P007,33,430.75,463.68,0
2024-03-13,P007,26,489.44,482.49,0
2024-03-14,P007,17,560.86,524.44,0
2024-03-15,P007,43,331.41,342.0,0
2024-03-16,P007,37,456.4,417.1,0
2024-03-17,P007,34,464.97,505.87,0
2024-03-18,P007,39,373.77,359.91,0
2024-03-19,P007,28,473.56,509.75,0
2024-03-20,P007,60,318.39,345.27,1
2024-03-21,P007,40,359.57,383.5,0
2024-03-22,P007,36,484.97,453.54,1
2024-03-23,P007,23,549.97,584.53,0
2024-03-24,P007,51,335.71,317.05,0
2024-03-25,P007,31,440.65,444.85,0
2024-03-26,P007,26,495.41,531.14,0
2024-03-27,P007,20,554.59,547.23,0
2024-03-28,P007,44,337.35,351.5,0
2024-03-29,P007,20,569.67,591.28,0
2024-03-30,P007,30,497.65,503.43,0
2024-03-31,P007,62,366.7,347.4,1
2024-04-01,P007,37,392.81,425.96,0
2024-04-02,P007,20,541.91,492.98,0
2024-04-03,P007,38,382.68,392.56,0
2024-04-04,P007,31,461.9,417.47,0
2024-04-05,P007,57,335.5,326.07,1
2024-04-06,P007,50,348.63,370.62,0
2024-04-07,P007,29,506.33,538.44,0
2024-04-08,P007,26,483.44,531.11,0
2024-04-09,P007,42,356.1,335.77,0
2024-04-10,P007,38,384.0,385.54,0
2024-04-11,P007,19,563.84,585.9,0
2024-04-12,P007,18,557.01,596.53,0
2024-04-13,P007,49,347.31,378.29,0
2024-04-14,P007,38,441.66,460.74,0
2024-04-15,P007,33,435.17,446.21,0
2024-04-16,P007,32,440.84,422.68,0
2024-04-17,P007,35,405.81,373.52,0
2024-04-18,P007,19,545.2,591.03,0
2024-04-19,P007,22,520.29,482.94,0
2024-04-20,P007,29,510.73,528.01,0
2024-04-21,P007,39,437.8,455.12,0
2024-04-22,P007,57,316.77,337.27,1
2024-04-23,P007,37,390.53,386.94,0
2024-04-24,P007,33,420.89,445.21,0
2024-04-25,P007,45,327.17,306.99,0
2024-04-26,P007,29,453.28,482.79,0
2024-04-27,P007,54,326.76,306.92,0
2024-04-28,P007,46,386.93,357.85,0
2024-04-29,P007,20,556.76,539.06,0
2024-04-30,P007,24,495.92,530.26,0
2024-05-01,P007,22,523.64,512.76,0
2024-05-02,P007,29,463.06,445.37,0
2024-05-03,P007,27,530.46,500.48,1
2024-05-04,P007,69,311.68,312.2,1
2024-05-05,P007,61,361.52,380.55,1
2024-05-06,P007,39,371.45,407.57,0
2024-05-07,P007,18,571.56,613.8,0
2024-05-08,P007,25,508.27,554.69,0
2024-05-09,P007,44,313.95,316.33,0
2024-05-10,P007,37,365.29,370.83,0
2024-05-11,P007,38,453.13,494.83,0
2024-05-12,P007,45,453.45,447.84,1
2024-05-13,P007,32,431.88,412.77,0
2024-05-14,P007,35,407.97,419.1,0
2024-05-15,P007,37,400.59,385.83,0
2024-05-16,P007,35,469.13,426.17,1
2024-05-17,P007,42,326.93,310.15,0
2024-05-18,P007,53,312.93,285.46,0
2024-05-19,P007,37,422.99,457.94,0
2024-05-20,P007,23,516.53,498.93,0
2024-05-21,P007,42,326.91,359.21,0
2024-05-22,P007,22,537.3,555.7,0
2024-05-23,P007,38,359.09,337.55,0
2024-05-24,P007,33,431.66,447.78,0
2024-05-25,P007,50,323.21,317.95,0
2024-05-26,P007,34,461.8,430.57,0
2024-05-27,P007,40,448.98,486.04,1
2024-05-28,P007,56,311.89,281.1,1
2024-05-29,P007,40,347.52,342.16,0
2024-05-30,P007,29,519.45,510.22,1
2024-05-31,P007,35,369.6,370.65,0
2024-06-01,P007,26,518.16,501.43,0
2024-06-02,P007,26,517.1,487.33,0
2024-06-03,P007,25,502.58,522.86,0
2024-06-04,P007,37,354.23,387.68,0
2024-06-05,P007,26,470.09,479.82,0
2024-06-06,P007,23,488.99,478.58,0
2024-06-07,P007,22,511.94,531.01,0
2024-06-08,P007,29,487.46,460.53,0
2024-06-09,P007,36,448.95,493.56,0
2024-06-10,P007,42,316.65,289.12,0
2024-06-11,P007,52,328.34,336.38,1
2024-06-12,P007,34,393.43,390.07,0
2024-06-13,P007,48,364.67,397.09,1
2024-06-14,P007,28,459.36,424.81,0
2024-06-15,P007,45,352.86,346.66,0
2024-06-16,P007,40,388.82,361.92,0
2024-06-17,P007,19,529.35,508.85,0
2024-06-18,P007,37,350.23,350.8,0
2024-06-19,P007,41,310.87,299.09,0
2024-06-20,P007,32,402.87,400.71,0
2024-06-21,P007,26,455.96,489.86,0
2024-06-22,P007,26,507.63,530.23,0
2024-06-23,P007,47,330.68,354.7,0
2024-06-24,P007,26,461.96,435.47,0
2024-06-25,P007,40,331.66,309.94,0
2024-06-26,P007,41,315.22,309.44,0
2024-06-27,P007,27,461.51,471.71,0
2024-06-28,P007,50,337.03,349.34,1
2024-06-29,P007,25,567.41,607.25,1
2024-06-30,P007,27,486.73,462.45,0
2024-07-01,P007,15,559.41,515.75,0
2024-07-02,P007,24,478.6,472.64,0
2024-07-03,P007,38,332.7,347.7,0
2024-07-04,P007,46,361.14,374.85,1
2024-07-05,P007,51,310.61,331.44,1
2024-07-06,P007,34,410.77,370.62,0
2024-07-07,P007,38,400.73,436.08,0
2024-07-08,P007,46,355.5,333.11,1
2024-07-09,P007,35,350.88,333.16,0
2024-07-10,P007,36,332.14,322.83,0
2024-07-11,P007,33,380.12,351.56,0
2024-07-12,P007,30,406.11,441.2,0
2024-07-13,P007,23,539.11,494.67,0
2024-07-14,P007,25,495.75,542.63,0
2024-07-15,P007,24,449.57,461.6,0
2024-07-16,P007,24,463.54,477.63,0
2024-07-17,P007,40,314.66,296.25,0
2024-07-18,P007,34,362.74,346.51,0
2024-07-19,P007,22,495.54,475.29,0
2024-07-20,P007,20,548.39,575.12,0
2024-07-21,P007,45,411.99,449.63,1
2024-07-22,P007,30,389.66,376.4,0
2024-07-23,P007,33,357.79,345.64,0
2024-07-24,P007,37,417.09,411.56,1
2024-07-25,P007,29,416.29,442.87,0
2024-07-26,P007,19,518.38,477.03,0
2024-07-27,P007,24,518.74,569.51,0
2024-07-28,P007,28,468.87,479.46,0
2024-07-29,P007,19,506.8,533.11,0
2024-07-30,P007,29,398.77,369.67,0
2024-07-31,P007,39,390.85,406.32,1
2024-08-01,P007,25,447.82,489.81,0
2024-08-02,P007,17,546.04,535.59,0
2024-08-03,P007,38,368.57,348.86,0
2024-08-04,P007,28,482.5,500.46,0
2024-08-05,P007,47,313.67,285.69,1
2024-08-06,P007,25,448.3,452.98,0
2024-08-07,P007,22,462.31,444.04,0
2024-08-08,P007,22,476.58,447.36,0
2024-08-09,P007,22,487.55,530.23,0
2024-08-10,P007,49,363.67,380.89,1
2024-08-11,P007,32,415.03,378.73,0
2024-08-12,P007,14,538.6,521.79,0
2024-08-13,P007,30,384.35,380.93,0
2024-08-14,P007,30,396.69,410.53,0
2024-08-15,P007,29,385.46,387.68,0
2024-08-16,P007,19,529.41,498.85,0
2024-08-17,P007,24,504.38,519.13,0
2024-08-18,P007,19,551.35,505.44,0
2024-08-19,P007,22,456.91,461.65,0
2024-08-20,P007,34,410.24,430.22,1
2024-08-21,P007,35,319.14,340.3,0
2024-08-22,P007,16,528.88,542.67,0
2024-08-23,P007,46,311.57,333.25,1
2024-08-24,P007,25,498.51,458.06,0
2024-08-25,P007,29,447.24,428.57,0
2024-08-26,P007,14,564.37,613.33,0
2024-08-27,P007,28,399.28,431.29,0
2024-08-28,P007,29,393.58,355.67,0
2024-08-29,P007,28,403.03,364.29,0
2024-08-30,P007,13,570.82,603.99,0
2024-08-31,P007,47,360.87,359.79,1
2024-09-01,P007,26,468.02,449.24,0
2024-09-02,P007,30,363.45,367.69,0
2024-09-03,P007,23,416.02,401.5,0
2024-09-04,P007,29,378.36,381.73,0
2024-09-05,P007,16,520.14,517.59,0
2024-09-06,P007,32,325.99,339.11,0
2024-09-07,P007,26,444.53,480.51,0
2024-09-08,P007,39,331.65,356.18,0
2024-09-09,P007,27,407.16,374.93,0
2024-09-10,P007,17,527.15,546.36,0
2024-09-11,P007,34,316.3,326.59,0
2024-09-12,P007,17,504.75,526.98,0
2024-09-13,P007,27,481.77,458.72,1
2024-09-14,P007,19,548.47,495.62,0
2024-09-15,P007,41,404.48,366.04,1
2024-09-16,P007,44,325.19,334.86,1
2024-09-17,P007,18,562.32,541.89,1
2024-09-18,P007,32,375.5,339.53,0
2024-09-19,P007,36,379.79,348.45,1
2024-09-20,P007,18,497.12,536.35,0
2024-09-21,P007,16,554.91,581.64,0
2024-09-22,P007,38,336.82,348.25,0
2024-09-23,P007,24,513.38,488.92,1
2024-09-24,P007,15,551.74,516.38,0
2024-09-25,P007,14,546.5,582.21,0
2024-09-26,P007,34,308.44,328.93,0
2024-09-27,P007,29,376.98,389.51,0
2024-09-28,P007,32,404.15,368.54,0
2024-09-29,P007,19,526.76,537.33,0
2024-09-30,P007,23,435.0,408.78,0
2024-10-01,P007,40,344.87,350.18,1
2024-10-02,P007,32,328.88,335.62,0
2024-10-03,P007,20,532.18,497.71,1
2024-10-04,P007,14,550.16,507.31,0
2024-10-05,P007,18,536.45,532.64,0
2024-10-06,P007,20,523.43,547.11,0
2024-10-07,P007,24,436.72,440.55,0
2024-10-08,P007,20,485.89,491.78,0
2024-10-09,P007,25,401.54,396.74,0
2024-10-10,P007,29,381.85,353.05,0
2024-10-11,P007,27,392.69,412.17,0
2024-10-12,P007,38,354.0,348.65,0
2024-10-13,P007,38,338.08,345.35,0
2024-10-14,P007,29,364.07,362.21,0
2024-10-15,P007,15,535.53,586.93,0
2024-10-16,P007,21,468.6,465.83,0
2024-10-17,P007,32,421.22,457.45,1
2024-10-18,P007,21,472.83,442.95,0
2024-10-19,P007,28,456.19,463.83,0
2024-10-20,P007,38,356.18,363.55,0
2024-10-21,P007,34,322.69,332.71,0
2024-10-22,P007,17,544.01,582.13,0
2024-10-23,P007,13,566.49,515.4,0
2024-10-24,P007,16,528.75,527.66,0
2024-10-25,P007,16,522.68,543.61,0
2024-10-26,P007,16,549.25,503.97,0
2024-10-27,P007,18,535.05,519.56,0
2024-10-28,P007,35,320.04,289.04,0
2024-10-29,P007,25,433.62,445.21,0
2024-10-30,P007,32,357.24,380.72,0
2024-10-31,P007,17,536.76,573.78,0
2024-11-01,P007,19,500.71,524.15,0
2024-11-02,P007,39,335.58,302.6,0
2024-11-03,P007,49,349.54,376.14,1
2024-11-04,P007,30,371.06,351.56,0
2024-11-05,P007,25,438.93,414.27,0
2024-11-06,P007,13,567.36,519.97,0
2024-11-07,P007,20,484.7,498.94,0
2024-11-08,P007,30,365.5,364.73,0
2024-11-09,P007,42,310.4,339.5,0
2024-11-10,P007,22,506.05,471.7,0
2024-11-11,P007,17,510.02,465.03,0
2024-11-12,P007,17,529.49,499.09,0
2024-11-13,P007,28,402.77,400.94,0
2024-11-14,P007,23,467.29,453.39,0
2024-11-15,P007,18,542.81,497.37,0
2024-11-16,P007,31,430.78,444.64,0
2024-11-17,P007,43,311.19,291.28,0
2024-11-18,P007,27,398.03,432.24,0
2024-11-19,P007,26,503.16,481.48,1
2024-11-20,P007,28,407.73,395.21,0
2024-11-21,P007,17,534.88,487.16,0
2024-11-22,P007,14,566.86,598.01,0
2024-11-23,P007,24,506.23,546.86,0
2024-11-24,P007,37,388.84,410.5,0
2024-11-25,P007,27,411.58,440.04,0
2024-11-26,P007,35,320.17,306.47,0
2024-11-27,P007,26,437.89,433.49,0
2024-11-28,P007,23,445.11,416.2,0
2024-11-29,P007,20,510.51,500.3,0
2024-11-30,P007,31,441.22,459.54,0
2024-12-01,P007,57,319.77,341.42,1
2024-12-02,P007,15,568.78,574.16,0
2024-12-03,P007,26,429.03,414.56,0
2024-12-04,P007,22,481.25,435.75,0
2024-12-05,P007,30,384.91,376.89,0
2024-12-06,P007,24,453.42,417.44,0
2024-12-07,P007,36,376.53,342.52,0
2024-12-08,P007,29,455.38,443.35,0
2024-12-09,P007,38,312.16,333.36,0
2024-12-10,P007,19,513.54,560.3,0
2024-12-11,P007,28,411.2,413.36,0
2024-12-12,P007,30,401.5,441.45,0
2024-12-13,P007,20,512.16,502.36,0
2024-12-14,P007,31,438.22,395.46,0
2024-12-15,P007,33,445.09,488.17,0
2024-12-16,P007,27,445.77,490.04,0
2024-12-17,P007,15,557.18,582.75,0
2024-12-18,P007,26,455.02,473.86,0
2024-12-19,P007,31,418.28,432.43,0
2024-12-20,P007,37,339.86,367.3,0
2024-12-21,P007,31,449.97,407.82,0
2024-12-22,P007,19,552.32,563.19,0
2024-12-23,P007,30,421.16,418.24,0
2024-12-24,P007,22,541.73,488.77,1
2024-12-25,P007,33,367.72,355.42,0
2024-12-26,P007,40,316.11,290.63,0
2024-12-27,P007,34,464.75,511.1,1
2024-12-28,P007,19,556.94,534.21,0
2024-12-29,P007,38,392.66,394.49,0
2024-12-30,P007,23,482.18,464.99,0
2024-12-31,P007,33,389.13,378.45,0
2023-01-01,P008,49,178.24,195.5,0
2023-01-02,P008,31,217.25,209.51,0
2023-01-03,P008,40,190.96,198.55,0
2023-01-04,P008,37,208.53,219.74,0
2023-01-05,P008,47,159.8,168.65,0
2023-01-06,P008,31,219.91,215.92,0
2023-01-07,P008,52,177.7,194.73,0
2023-01-08,P008,41,211.5,199.65,0
2023-01-09,P008,34,212.82,193.22,0
2023-01-10,P008,22,263.33,269.11,0
2023-01-11,P008,33,222.02,244.08,0
2023-01-12,P008,42,183.65,201.13,0
2023-01-13,P008,26,253.55,278.83,0
2023-01-14,P008,38,223.1,232.52,0
2023-01-15,P008,30,246.75,222.1,0
2023-01-16,P008,35,212.52,197.77,0
2023-01-17,P008,29,233.04,222.14,0
2023-01-18,P008,42,193.64,186.95,0
2023-01-19,P008,29,236.06,215.34,0
2023-01-20,P008,23,257.3,252.12,0
2023-01-21,P008,33,243.14,225.35,0
2023-01-22,P008,50,188.23,190.19,0
