data/synthetic/sales_history.csv
date,product_id,units_sold,price_charged,competitor_price,promo_flag
2023-01-23,P008,44,175.16,158.58,0
2023-01-24,P008,29,239.76,236.63,0
2023-01-25,P008,64,155.9,155.03,1
2023-01-26,P008,36,214.01,196.0,0
2023-01-27,P008,60,174.9,168.32,1
2023-01-28,P008,58,163.11,163.59,0
2023-01-29,P008,34,242.63,251.51,0
2023-01-30,P008,25,256.36,275.91,0
2023-01-31,P008,46,170.12,164.91,0
2023-02-01,P008,20,271.64,275.11,0
2023-02-02,P008,40,199.71,199.31,0
2023-02-03,P008,42,193.46,204.24,0
2023-02-04,P008,28,259.42,241.54,0
2023-02-05,P008,30,252.92,273.23,0
2023-02-06,P008,36,206.09,193.6,0
2023-02-07,P008,49,168.64,185.41,0
2023-02-08,P008,27,248.41,267.14,0
2023-02-09,P008,37,243.38,263.9,1
2023-02-10,P008,52,157.94,164.74,0
2023-02-11,P008,36,241.84,235.39,0
2023-02-12,P008,55,173.23,164.52,0
2023-02-13,P008,61,176.54,191.11,1
2023-02-14,P008,52,155.28,142.23,0
2023-02-15,P008,45,179.47,175.47,0
2023-02-16,P008,34,223.03,226.52,0
2023-02-17,P008,37,217.4,231.6,0
2023-02-18,P008,50,192.33,176.39,0
2023-02-19,P008,53,185.98,173.18,0
2023-02-20,P008,38,207.15,195.59,0
2023-02-21,P008,38,242.22,226.21,1
2023-02-22,P008,54,148.44,159.4,0
2023-02-23,P008,42,233.68,238.9,1
2023-02-24,P008,38,208.49,205.12,0
2023-02-25,P008,29,261.08,252.16,0
2023-02-26,P008,33,246.35,266.87,0
2023-02-27,P008,27,256.34,281.09,0
2023-02-28,P008,56,149.2,153.2,0
2023-03-01,P008,29,242.26,218.57,0
2023-03-02,P008,36,217.55,214.73,0
2023-03-03,P008,40,205.68,199.89,0
2023-03-04,P008,31,257.16,277.88,0
2023-03-05,P008,47,211.81,220.62,0
2023-03-06,P008,44,190.08,174.97,0
2023-03-07,P008,46,181.98,173.31,0
2023-03-08,P008,33,229.38,250.23,0
2023-03-09,P008,31,235.49,227.24,0
2023-03-10,P008,28,255.9,276.65,0
2023-03-11,P008,48,205.76,213.38,0
2023-03-12,P008,30,264.59,266.77,0
2023-03-13,P008,37,212.28,224.87,0
2023-03-14,P008,39,205.4,191.58,0
2023-03-15,P008,50,160.33,165.25,0
2023-03-16,P008,37,208.2,193.35,0
2023-03-17,P008,39,212.87,223.45,0
2023-03-18,P008,63,167.46,182.25,0
2023-03-19,P008,41,227.25,238.13,0
2023-03-20,P008,38,247.6,242.52,1
2023-03-21,P008,42,197.12,206.41,0
2023-03-22,P008,55,153.77,144.25,0
2023-03-23,P008,33,232.74,247.59,0
2023-03-24,P008,26,261.15,248.59,0
2023-03-25,P008,31,256.3,259.29,0
2023-03-26,P008,36,239.07,216.6,0
2023-03-27,P008,44,185.24,195.43,0
2023-03-28,P008,34,231.15,218.87,0
2023-03-29,P008,50,166.86,155.81,0
2023-03-30,P008,60,189.8,182.32,1
2023-03-31,P008,54,162.06,164.51,0
2023-04-01,P008,33,253.36,234.49,0
2023-04-02,P008,51,203.69,211.67,0
2023-04-03,P008,32,240.98,248.28,0
2023-04-04,P008,54,160.29,176.11,0
2023-04-05,P008,33,236.46,245.3,0
2023-04-06,P008,39,213.76,195.76,0
2023-04-07,P008,32,240.7,250.74,0
2023-04-08,P008,35,246.91,236.82,0
2023-04-09,P008,35,244.96,232.24,0
2023-04-10,P008,31,235.26,242.75,0
2023-04-11,P008,24,265.98,290.94,0
2023-04-12,P008,47,178.31,192.59,0
2023-04-13,P008,30,248.42,227.25,0
2023-04-14,P008,43,200.07,196.48,0
2023-04-15,P008,38,235.34,240.16,0
2023-04-16,P008,26,272.34,284.52,0
2023-04-17,P008,28,253.76,274.0,0
2023-04-18,P008,69,156.97,154.91,1
2023-04-19,P008,49,169.83,169.7,0
2023-04-20,P008,35,232.62,212.45,0
2023-04-21,P008,25,259.67,282.47,0
2023-04-22,P008,41,226.87,222.7,0
2023-04-23,P008,54,189.48,192.72,0
2023-04-24,P008,44,186.64,200.11,0
2023-04-25,P008,45,228.9,215.87,1
2023-04-26,P008,44,191.04,192.41,0
2023-04-27,P008,34,230.81,223.78,0
2023-04-28,P008,58,185.69,177.68,1
2023-04-29,P008,64,156.2,150.08,0
2023-04-30,P008,53,189.08,199.95,0
2023-05-01,P008,70,154.08,141.96,1
2023-05-02,P008,26,251.86,247.06,0
2023-05-03,P008,37,216.79,231.69,0
2023-05-04,P008,55,155.99,170.9,0
2023-05-05,P008,28,250.92,239.69,0
2023-05-06,P008,38,238.52,253.79,0
2023-05-07,P008,38,263.2,242.06,1
2023-05-08,P008,51,161.63,147.36,0
2023-05-09,P008,42,199.32,212.07,0
2023-05-10,P008,65,164.4,150.71,1
2023-05-11,P008,25,255.85,274.48,0
2023-05-12,P008,29,244.37,228.94,0
2023-05-13,P008,52,184.07,184.66,0
2023-05-14,P008,46,241.75,262.38,1
2023-05-15,P008,51,202.87,220.68,1
2023-05-16,P008,19,274.35,290.3,0
2023-05-17,P008,49,168.57,160.21,0
2023-05-18,P008,26,248.09,255.59,0
2023-05-19,P008,29,241.47,223.36,0
2023-05-20,P008,69,183.52,193.19,1
2023-05-21,P008,34,239.04,246.81,0
2023-05-22,P008,53,149.11,142.31,0
2023-05-23,P008,48,166.93,163.94,0
2023-05-24,P008,52,157.87,160.21,0
2023-05-25,P008,51,159.72,172.18,0
2023-05-26,P008,22,271.07,289.61,0
2023-05-27,P008,54,216.94,209.27,1
2023-05-28,P008,56,209.15,227.13,1
2023-05-29,P008,29,242.88,230.31,0
2023-05-30,P008,33,222.75,216.44,0
2023-05-31,P008,23,263.43,266.97,0
2023-06-01,P008,46,175.9,177.58,0
2023-06-02,P008,40,190.83,195.81,0
2023-06-03,P008,60,157.04,143.28,0
2023-06-04,P008,27,260.3,241.67,0
2023-06-05,P008,29,233.99,246.39,0
2023-06-06,P008,34,211.81,221.37,0
2023-06-07,P008,37,212.54,217.1,0
2023-06-08,P008,32,226.57,239.68,0
2023-06-09,P008,22,268.97,246.71,0
2023-06-10,P008,46,193.93,190.52,0
2023-06-11,P008,31,254.49,230.01,0
2023-06-12,P008,37,207.36,224.0,0
2023-06-13,P008,44,176.83,184.06,0
2023-06-14,P008,36,206.09,204.44,0
2023-06-15,P008,30,233.46,217.26,0
2023-06-16,P008,37,198.62,204.82,0
2023-06-17,P008,30,253.62,246.47,0
2023-06-18,P008,74,163.86,154.58,1
2023-06-19,P008,23,258.26,265.94,0
2023-06-20,P008,27,238.66,245.53,0
2023-06-21,P008,33,246.2,231.65,1
2023-06-22,P008,49,149.84,145.35,0
2023-06-23,P008,48,159.98,172.6,0
2023-06-24,P008,27,255.05,242.43,0
2023-06-25,P008,53,165.36,176.63,0
2023-06-26,P008,38,198.55,214.4,0
2023-06-27,P008,42,181.45,195.7,0
2023-06-28,P008,20,258.75,262.6,0
2023-06-29,P008,56,176.51,180.31,1
2023-06-30,P008,25,247.61,245.13,0
2023-07-01,P008,41,215.94,231.12,0
2023-07-02,P008,39,212.81,212.0,0
2023-07-03,P008,39,191.57,199.82,0
2023-07-04,P008,24,248.86,270.6,0
2023-07-05,P008,31,227.56,217.17,0
2023-07-06,P008,26,242.48,255.99,0
2023-07-07,P008,24,253.98,244.04,0
2023-07-08,P008,30,242.26,240.47,0
2023-07-09,P008,35,224.28,209.84,0
2023-07-10,P008,59,158.17,161.91,1
2023-07-11,P008,24,256.2,238.66,0
2023-07-12,P008,39,182.85,173.05,0
2023-07-13,P008,35,199.04,208.14,0
2023-07-14,P008,37,225.99,207.06,1
2023-07-15,P008,45,229.39,219.72,1
2023-07-16,P008,31,240.63,251.74,0
2023-07-17,P008,40,176.47,182.78,0
2023-07-18,P008,43,166.86,158.78,0
2023-07-19,P008,30,222.82,217.21,0
2023-07-20,P008,26,229.74,229.15,0
2023-07-21,P008,45,148.9,144.19,0
2023-07-22,P008,54,160.28,151.32,0
2023-07-23,P008,48,176.76,160.57,0
2023-07-24,P008,43,165.96,151.99,0
2023-07-25,P008,29,223.17,217.37,0
2023-07-26,P008,21,250.51,241.52,0
2023-07-27,P008,32,206.57,218.68,0
2023-07-28,P008,28,232.43,228.27,0
2023-07-29,P008,38,212.38,229.58,0
2023-07-30,P008,49,171.04,170.47,0
2023-07-31,P008,19,263.83,283.86,0
2023-08-01,P008,38,180.34,163.11,0
2023-08-02,P008,41,165.58,155.0,0
2023-08-03,P008,30,243.03,224.47,1
2023-08-04,P008,38,178.8,192.15,0
2023-08-05,P008,35,213.29,194.45,0
2023-08-06,P008,34,219.93,201.14,0
2023-08-07,P008,52,172.19,180.66,1
2023-08-08,P008,26,223.53,216.03,0
2023-08-09,P008,18,271.1,257.04,0
2023-08-10,P008,18,262.94,261.22,0
2023-08-11,P008,18,268.9,264.52,0
2023-08-12,P008,25,258.07,275.82,0
2023-08-13,P008,21,265.36,264.61,0
2023-08-14,P008,26,229.63,219.51,0
2023-08-15,P008,35,189.14,206.87,0
2023-08-16,P008,26,233.31,217.13,0
2023-08-17,P008,31,208.83,214.97,0
2023-08-18,P008,54,155.38,144.2,1
2023-08-19,P008,47,168.61,183.07,0
2023-08-20,P008,30,235.17,225.42,0
2023-08-21,P008,28,227.24,223.16,0
2023-08-22,P008,38,166.8,156.48,0
2023-08-23,P008,21,252.26,260.34,0
2023-08-24,P008,24,228.53,237.23,0
2023-08-25,P008,22,242.39,242.89,0
2023-08-26,P008,20,271.53,288.94,0
2023-08-27,P008,34,217.38,217.89,0
2023-08-28,P008,42,155.3,164.0,0
2023-08-29,P008,22,248.27,231.38,0
2023-08-30,P008,32,193.88,196.96,0
2023-08-31,P008,32,194.69,197.05,0
2023-09-01,P008,30,204.06,220.05,0
2023-09-02,P008,50,149.76,134.83,0
2023-09-03,P008,23,253.42,228.81,0
2023-09-04,P008,42,150.97,154.35,0
2023-09-05,P008,41,151.09,152.3,0
2023-09-06,P008,53,158.56,167.02,1
2023-09-07,P008,27,222.67,241.22,0
2023-09-08,P008,18,265.33,242.92,0
2023-09-09,P008,47,163.69,155.12,0
2023-09-10,P008,26,246.16,234.56,0
2023-09-11,P008,23,240.76,229.88,0
2023-09-12,P008,32,199.37,195.91,0
2023-09-13,P008,29,210.77,211.22,0
2023-09-14,P008,27,215.91,229.72,0
2023-09-15,P008,29,214.08,226.81,0
2023-09-16,P008,39,188.91,194.4,0
2023-09-17,P008,46,166.99,180.73,0
2023-09-18,P008,26,221.45,230.41,0
2023-09-19,P008,19,256.88,260.04,0
2023-09-20,P008,31,201.15,183.93,0
2023-09-21,P008,31,202.06,217.92,0
2023-09-22,P008,41,154.86,155.7,0
2023-09-23,P008,47,161.97,161.87,0
2023-09-24,P008,26,244.74,223.42,0
2023-09-25,P008,30,201.3,194.29,0
2023-09-26,P008,40,156.52,161.26,0
2023-09-27,P008,16,271.74,275.93,0
2023-09-28,P008,28,214.2,210.18,0
2023-09-29,P008,21,252.31,268.35,0
2023-09-30,P008,54,179.5,189.23,1
2023-10-01,P008,24,250.57,228.78,0
2023-10-02,P008,22,240.61,234.83,0
2023-10-03,P008,24,260.74,267.99,1
2023-10-04,P008,23,259.86,261.14,1
2023-10-05,P008,31,195.8,179.33,0
2023-10-06,P008,31,204.89,216.57,0
2023-10-07,P008,65,152.23,165.28,1
2023-10-08,P008,42,184.73,176.56,0
2023-10-09,P008,31,204.31,210.1,0
2023-10-10,P008,21,244.79,260.46,0
2023-10-11,P008,23,265.65,250.54,1
2023-10-12,P008,23,239.13,240.76,0
2023-10-13,P008,22,252.16,273.85,0
2023-10-14,P008,27,241.41,254.74,0
2023-10-15,P008,48,156.85,152.68,0
2023-10-16,P008,55,153.96,149.93,1
2023-10-17,P008,28,211.74,212.1,0
2023-10-18,P008,26,222.8,211.21,0
2023-10-19,P008,26,222.99,238.93,0
2023-10-20,P008,18,266.19,244.49,0
2023-10-21,P008,50,160.49,158.11,0
2023-10-22,P008,39,189.81,195.16,0
2023-10-23,P008,41,148.58,163.32,0
2023-10-24,P008,41,148.9,153.06,0
2023-10-25,P008,18,258.87,282.6,0
2023-10-26,P008,20,261.9,258.44,0
2023-10-27,P008,28,221.2,212.44,0
2023-10-28,P008,51,195.58,182.47,1
2023-10-29,P008,44,174.91,165.5,0
2023-10-30,P008,34,199.53,194.47,0
2023-10-31,P008,16,273.83,296.5,0
2023-11-01,P008,34,191.87,198.31,0
2023-11-02,P008,23,271.2,260.13,1
2023-11-03,P008,34,182.17,184.87,0
2023-11-04,P008,20,272.8,295.41,0
2023-11-05,P008,43,180.57,177.02,0
2023-11-06,P008,25,230.09,252.81,0
2023-11-07,P008,23,243.99,240.95,0
2023-11-08,P008,26,226.9,246.45,0
2023-11-09,P008,18,262.29,253.76,0
2023-11-10,P008,36,215.86,197.07,1
2023-11-11,P008,37,212.57,216.89,0
2023-11-12,P008,67,149.06,144.53,1
2023-11-13,P008,29,217.09,208.14,0
2023-11-14,P008,36,183.42,188.01,0
2023-11-15,P008,24,239.49,236.2,0
2023-11-16,P008,44,150.85,139.1,0
2023-11-17,P008,32,207.07,224.27,0
2023-11-18,P008,44,174.38,185.22,0
2023-11-19,P008,23,253.14,266.27,0
2023-11-20,P008,34,194.77,201.77,0
2023-11-21,P008,24,237.65,259.75,0
2023-11-22,P008,32,205.98,191.59,0
2023-11-23,P008,43,206.94,208.8,1
2023-11-24,P008,18,269.18,271.46,0
2023-11-25,P008,45,179.14,168.09,0
2023-11-26,P008,48,166.33,164.5,0
2023-11-27,P008,17,273.96,283.28,0
2023-11-28,P008,23,244.9,234.43,0
2023-11-29,P008,19,261.98,245.28,0
2023-11-30,P008,32,206.63,220.28,0
2023-12-01,P008,41,177.74,173.38,0
2023-12-02,P008,25,249.01,225.58,0
2023-12-03,P008,29,244.09,267.14,0
2023-12-04,P008,28,227.17,214.98,0
2023-12-05,P008,46,150.15,154.76,0
2023-12-06,P008,32,211.0,231.59,0
2023-12-07,P008,32,213.19,210.08,0
2023-12-08,P008,50,184.77,167.86,1
2023-12-09,P008,21,272.63,299.53,0
2023-12-10,P008,34,224.31,214.28,0
2023-12-11,P008,44,154.68,153.91,0
2023-12-12,P008,44,155.6,146.24,0
2023-12-13,P008,32,217.58,238.2,0
2023-12-14,P008,28,236.68,247.92,0
2023-12-15,P008,21,261.68,246.22,0
2023-12-16,P008,34,257.5,246.22,1
2023-12-17,P008,24,266.14,290.83,0
2023-12-18,P008,42,166.81,183.28,0
2023-12-19,P008,31,210.42,212.54,0
2023-12-20,P008,26,236.59,217.55,0
2023-12-21,P008,27,230.24,215.54,0
2023-12-22,P008,40,181.04,183.45,0
2023-12-23,P008,44,198.85,181.91,0
2023-12-24,P008,45,194.44,187.61,0
2023-12-25,P008,36,196.52,207.64,0
2023-12-26,P008,25,244.8,260.54,0
2023-12-27,P008,34,212.98,203.51,0
2023-12-28,P008,39,186.82,175.03,0
2023-12-29,P008,46,156.34,168.49,0
2023-12-30,P008,25,266.67,249.79,0
2023-12-31,P008,26,262.94,263.27,0
2024-01-01,P008,46,156.85,142.53,0
2024-01-02,P008,39,187.63,171.12,0
2024-01-03,P008,41,178.32,184.98,0
2024-01-04,P008,22,257.56,251.74,0
2024-01-05,P008,21,259.63,250.78,0
2024-01-06,P008,36,225.78,219.78,0
2024-01-07,P008,35,233.86,226.72,0
2024-01-08,P008,34,206.27,208.65,0
2024-01-09,P008,29,235.55,246.0,0
2024-01-10,P008,42,178.07,194.99,0
2024-01-11,P008,28,232.83,234.38,0
2024-01-12,P008,58,169.26,166.87,1
2024-01-13,P008,44,200.27,213.16,0
2024-01-14,P008,49,189.77,187.64,0
2024-01-15,P008,25,246.5,240.89,0
2024-01-16,P008,54,187.19,190.74,1
2024-01-17,P008,41,190.6,177.09,0
2024-01-18,P008,43,187.76,177.3,0
2024-01-19,P008,40,197.93,208.01,0
2024-01-20,P008,58,172.36,187.75,0
2024-01-21,P008,49,191.9,203.63,0
2024-01-22,P008,38,196.43,206.13,0
2024-01-23,P008,24,260.66,269.49,0
2024-01-24,P008,28,244.93,268.42,0
2024-01-25,P008,38,203.12,184.69,0
2024-01-26,P008,42,185.72,188.95,0
2024-01-27,P008,51,187.67,184.68,0
2024-01-28,P008,28,262.74,240.66,0
2024-01-29,P008,24,255.11,244.84,0
2024-01-30,P008,43,187.1,198.75,0
2024-01-31,P008,26,254.04,235.69,0
2024-02-01,P008,35,207.91,228.65,0
2024-02-02,P008,48,168.51,157.66,0
2024-02-03,P008,43,248.89,238.89,1
2024-02-04,P008,57,165.47,157.63,0
2024-02-05,P008,41,195.52,209.28,0
2024-02-06,P008,28,249.07,252.49,0
2024-02-07,P008,41,191.64,200.3,0
2024-02-08,P008,41,235.2,243.81,1
2024-02-09,P008,42,197.2,211.76,0
2024-02-10,P008,57,168.95,156.28,0
2024-02-11,P008,41,224.59,219.02,0
2024-02-12,P008,28,251.98,242.32,0
2024-02-13,P008,46,174.94,171.02,0
2024-02-14,P008,34,225.45,247.46,0
2024-02-15,P008,32,236.17,256.55,0
2024-02-16,P008,65,163.31,151.44,1
2024-02-17,P008,43,215.16,215.98,0
2024-02-18,P008,41,221.42,207.11,0
2024-02-19,P008,35,217.56,219.88,0
2024-02-20,P008,48,177.2,160.22,0
2024-02-21,P008,42,198.62,214.12,0
2024-02-22,P008,36,214.46,203.45,0
2024-02-23,P008,50,161.0,171.21,0
2024-02-24,P008,62,159.33,168.3,0
2024-02-25,P008,64,153.31,147.43,0
2024-02-26,P008,34,221.19,211.24,0
2024-02-27,P008,27,249.73,273.4,0
2024-02-28,P008,43,192.56,203.48,0
2024-02-29,P008,33,236.98,256.29,0
2024-03-01,P008,24,260.92,250.91,0
2024-03-02,P008,47,212.77,212.86,0
2024-03-03,P008,42,225.89,223.93,0
2024-03-04,P008,33,227.16,215.33,0
2024-03-05,P008,41,203.54,203.05,0
2024-03-06,P008,47,176.91,160.68,0
2024-03-07,P008,40,234.22,241.61,1
2024-03-08,P008,46,183.3,195.04,0
2024-03-09,P008,54,187.5,200.42,0
2024-03-10,P008,83,157.57,152.79,1
2024-03-11,P008,38,242.07,235.11,1
2024-03-12,P008,47,181.8,185.92,0
2024-03-13,P008,43,192.12,188.62,0
2024-03-14,P008,63,173.17,189.19,1
2024-03-15,P008,50,167.95,163.85,0
2024-03-16,P008,58,177.72,182.55,0
2024-03-17,P008,38,235.46,255.17,0
2024-03-18,P008,22,272.94,269.18,0
2024-03-19,P008,33,226.33,207.2,0
2024-03-20,P008,39,206.29,219.43,0
2024-03-21,P008,56,150.48,141.98,0
2024-03-22,P008,50,171.61,180.96,0
2024-03-23,P008,56,180.74,176.85,0
2024-03-24,P008,29,259.43,265.58,0
2024-03-25,P008,42,199.92,184.45,0
2024-03-26,P008,49,174.72,190.88,0
2024-03-27,P008,22,270.01,265.75,0
2024-03-28,P008,54,154.63,159.42,0
2024-03-29,P008,53,158.16,172.64,0
2024-03-30,P008,49,202.57,196.76,0
2024-03-31,P008,23,275.18,268.9,0
2024-04-01,P008,50,173.1,173.52,0
2024-04-02,P008,40,204.1,196.39,0
2024-04-03,P008,38,212.98,194.17,0
2024-04-04,P008,51,167.86,153.2,0
2024-04-05,P008,32,236.42,215.7,0
2024-04-06,P008,37,242.24,253.49,0
2024-04-07,P008,65,159.5,166.73,0
2024-04-08,P008,52,165.69,165.79,0
2024-04-09,P008,22,271.3,248.99,0
2024-04-10,P008,40,209.02,191.41,0
2024-04-11,P008,49,170.61,162.38,0
2024-04-12,P008,30,243.5,225.57,0
2024-04-13,P008,66,152.79,149.58,0
2024-04-14,P008,33,272.83,284.69,1
2024-04-15,P008,50,173.74,172.35,0
2024-04-16,P008,48,182.04,191.58,0
2024-04-17,P008,38,213.88,232.2,0
2024-04-18,P008,47,181.85,186.26,0
2024-04-19,P008,53,154.23,157.55,0
2024-04-20,P008,68,195.91,197.95,1
2024-04-21,P008,68,148.53,152.58,0
2024-04-22,P008,29,243.52,266.2,0
2024-04-23,P008,44,186.21,175.9,0
2024-04-24,P008,49,175.12,178.93,0
2024-04-25,P008,45,186.87,192.05,0
2024-04-26,P008,33,227.75,233.88,0
2024-04-27,P008,64,203.0,183.45,1
2024-04-28,P008,44,216.93,207.11,0
2024-04-29,P008,36,220.88,224.98,0
2024-04-30,P008,30,246.86,267.22,0
2024-05-01,P008,41,205.79,194.48,0
2024-05-02,P008,51,168.88,153.43,0
2024-05-03,P008,50,164.72,151.74,0
2024-05-04,P008,41,222.71,226.84,0
2024-05-05,P008,45,245.1,236.87,1
2024-05-06,P008,35,221.82,203.49,0
2024-05-07,P008,24,262.11,277.29,0
2024-05-08,P008,22,271.92,272.95,0
2024-05-09,P008,44,197.44,196.2,0
2024-05-10,P008,43,229.09,245.45,1
2024-05-11,P008,40,257.99,258.96,1
2024-05-12,P008,50,192.49,176.38,0
2024-05-13,P008,44,196.34,215.74,0
2024-05-14,P008,69,154.48,159.08,1
2024-05-15,P008,35,220.74,229.9,0
2024-05-16,P008,41,202.89,204.16,0
2024-05-17,P008,51,155.26,169.32,0
2024-05-18,P008,32,249.06,254.61,0
2024-05-19,P008,62,161.88,163.84,0
2024-05-20,P008,53,157.68,169.49,0
2024-05-21,P008,31,240.49,228.44,0
2024-05-22,P008,26,261.25,243.95,0
2024-05-23,P008,26,257.36,279.54,0
2024-05-24,P008,27,246.83,264.66,0
2024-05-25,P008,45,210.46,196.31,0
2024-05-26,P008,36,233.33,211.28,0
2024-05-27,P008,61,173.72,170.24,1
2024-05-28,P008,47,169.61,185.27,0
2024-05-29,P008,35,245.47,236.62,1
2024-05-30,P008,21,269.29,267.58,0
2024-05-31,P008,41,200.53,189.82,0
2024-06-01,P008,50,197.46,207.8,0
2024-06-02,P008,51,193.93,202.34,0
2024-06-03,P008,43,221.8,239.6,1
2024-06-04,P008,26,252.64,259.6,0
2024-06-05,P008,31,231.52,223.65,0
2024-06-06,P008,37,202.96,207.43,0
2024-06-07,P008,29,263.85,268.75,1
2024-06-08,P008,56,168.72,158.26,0
2024-06-09,P008,34,239.35,222.51,0
2024-06-10,P008,37,203.39,213.56,0
2024-06-11,P008,36,206.64,201.17,0
2024-06-12,P008,48,157.16,159.81,0
2024-06-13,P008,32,225.55,221.67,0
2024-06-14,P008,40,190.75,192.95,0
2024-06-15,P008,49,192.29,179.3,0
2024-06-16,P008,48,227.02,227.27,1
2024-06-17,P008,41,187.1,186.25,0
2024-06-18,P008,31,233.19,247.29,0
2024-06-19,P008,21,271.96,244.82,0
