data/synthetic/sales_history.csv
date,product_id,units_sold,price_charged,competitor_price,promo_flag
2024-06-20,P008,34,215.72,203.41,0
2024-06-21,P008,49,160.29,157.48,0
2024-06-22,P008,35,233.5,233.02,0
2024-06-23,P008,43,203.88,197.76,0
2024-06-24,P008,28,230.46,212.76,0
2024-06-25,P008,47,160.09,157.86,0
2024-06-26,P008,47,167.69,164.71,0
2024-06-27,P008,25,248.71,226.82,0
2024-06-28,P008,38,233.54,221.44,1
2024-06-29,P008,48,188.39,193.99,0
2024-06-30,P008,36,226.09,233.69,0
2024-07-01,P008,44,178.41,183.28,0
2024-07-02,P008,24,248.98,238.38,0
2024-07-03,P008,35,246.24,244.06,1
2024-07-04,P008,19,268.91,251.66,0
2024-07-05,P008,27,234.12,213.8,0
2024-07-06,P008,29,249.9,232.78,0
2024-07-07,P008,52,172.02,173.19,0
2024-07-08,P008,21,255.67,267.4,0
2024-07-09,P008,23,254.05,230.69,0
2024-07-10,P008,44,157.08,163.79,0
2024-07-11,P008,48,151.42,147.78,0
2024-07-12,P008,46,154.01,160.6,0
2024-07-13,P008,32,266.5,252.11,1
2024-07-14,P008,58,150.27,156.12,0
2024-07-15,P008,40,177.68,178.77,0
2024-07-16,P008,26,244.16,257.81,0
2024-07-17,P008,29,230.01,211.78,0
2024-07-18,P008,40,182.83,164.75,0
2024-07-19,P008,41,165.78,179.1,0
2024-07-20,P008,27,250.74,229.26,0
2024-07-21,P008,48,179.96,195.99,0
2024-07-22,P008,18,275.13,301.34,0
2024-07-23,P008,35,200.45,192.4,0
2024-07-24,P008,22,250.83,252.53,0
2024-07-25,P008,23,249.24,252.43,0
2024-07-26,P008,17,268.21,255.69,0
2024-07-27,P008,23,267.39,282.73,0
2024-07-28,P008,35,225.28,213.75,0
2024-07-29,P008,53,172.4,162.51,1
2024-07-30,P008,28,226.51,224.13,0
2024-07-31,P008,51,168.48,154.88,1
2024-08-01,P008,32,207.68,211.42,0
2024-08-02,P008,42,154.28,139.8,0
2024-08-03,P008,49,164.29,152.43,0
2024-08-04,P008,47,171.56,159.45,0
2024-08-05,P008,56,161.06,154.55,1
2024-08-06,P008,21,249.76,244.97,0
2024-08-07,P008,29,218.91,198.31,0
2024-08-08,P008,28,228.1,233.98,0
2024-08-09,P008,36,191.78,192.92,0
2024-08-10,P008,41,197.53,181.01,0
2024-08-11,P008,33,230.07,238.69,0
2024-08-12,P008,35,195.44,207.72,0
2024-08-13,P008,30,212.53,208.24,0
2024-08-14,P008,18,264.69,257.36,0
2024-08-15,P008,19,257.57,280.17,0
2024-08-16,P008,37,176.29,192.88,0
2024-08-17,P008,33,224.26,202.15,0
2024-08-18,P008,51,152.65,160.82,0
2024-08-19,P008,48,176.63,193.2,1
2024-08-20,P008,25,229.18,247.18,0
2024-08-21,P008,33,233.21,250.21,1
2024-08-22,P008,18,269.91,274.43,0
2024-08-23,P008,33,194.84,200.79,0
2024-08-24,P008,42,187.17,176.54,0
2024-08-25,P008,34,209.8,228.96,0
2024-08-26,P008,21,255.07,276.64,0
2024-08-27,P008,17,268.71,278.56,0
2024-08-28,P008,48,175.18,187.62,1
2024-08-29,P008,31,207.43,214.1,0
2024-08-30,P008,41,151.38,155.33,0
2024-08-31,P008,44,170.12,179.12,0
2024-09-01,P008,50,194.64,206.14,1
2024-09-02,P008,33,199.44,206.04,0
2024-09-03,P008,18,267.09,256.03,0
2024-09-04,P008,30,211.16,191.82,0
2024-09-05,P008,38,172.78,172.08,0
2024-09-06,P008,26,222.85,239.51,0
2024-09-07,P008,42,187.57,176.41,0
2024-09-08,P008,40,193.63,212.21,0
2024-09-09,P008,15,273.31,270.09,0
2024-09-10,P008,32,226.98,245.12,1
2024-09-11,P008,33,190.31,173.55,0
2024-09-12,P008,40,198.21,213.94,1
2024-09-13,P008,34,179.01,162.72,0
2024-09-14,P008,34,219.08,233.75,0
2024-09-15,P008,38,200.37,211.98,0
2024-09-16,P008,37,172.96,181.03,0
2024-09-17,P008,37,212.12,196.34,1
2024-09-18,P008,28,220.76,220.41,0
2024-09-19,P008,26,214.15,214.8,0
2024-09-20,P008,34,214.37,233.68,1
2024-09-21,P008,30,230.87,236.74,0
2024-09-22,P008,28,229.64,233.56,0
2024-09-23,P008,37,170.91,168.43,0
2024-09-24,P008,40,156.17,166.01,0
2024-09-25,P008,32,192.05,180.11,0
2024-09-26,P008,16,267.48,241.28,0
2024-09-27,P008,31,200.77,184.43,0
2024-09-28,P008,41,186.82,186.75,0
2024-09-29,P008,45,171.85,184.66,0
2024-09-30,P008,40,154.58,144.1,0
2024-10-01,P008,33,183.31,195.92,0
2024-10-02,P008,24,239.42,220.29,0
2024-10-03,P008,25,227.71,213.04,0
2024-10-04,P008,36,170.31,174.27,0
2024-10-05,P008,31,219.96,203.27,0
2024-10-06,P008,31,222.54,243.86,0
2024-10-07,P008,26,221.02,218.18,0
2024-10-08,P008,29,211.88,220.25,0
2024-10-09,P008,42,195.05,199.23,1
2024-10-10,P008,31,183.41,180.75,0
2024-10-11,P008,30,209.91,219.89,0
2024-10-12,P008,52,191.74,210.89,1
2024-10-13,P008,23,256.2,246.67,0
2024-10-14,P008,29,205.82,220.26,0
2024-10-15,P008,21,247.26,251.88,0
2024-10-16,P008,35,184.32,169.91,0
2024-10-17,P008,24,235.29,242.25,0
2024-10-18,P008,20,251.32,233.2,0
2024-10-19,P008,26,247.91,244.03,0
2024-10-20,P008,37,241.18,251.99,1
2024-10-21,P008,33,228.59,211.27,1
2024-10-22,P008,29,219.39,209.08,0
2024-10-23,P008,32,197.18,209.36,0
2024-10-24,P008,28,217.31,196.0,0
2024-10-25,P008,29,208.04,204.07,0
2024-10-26,P008,19,266.79,242.31,0
2024-10-27,P008,29,235.21,213.74,0
2024-10-28,P008,28,211.77,195.91,0
2024-10-29,P008,20,254.83,255.91,0
2024-10-30,P008,15,271.83,280.26,0
2024-10-31,P008,34,184.91,194.4,0
2024-11-01,P008,24,236.13,241.32,0
2024-11-02,P008,50,153.51,167.75,0
2024-11-03,P008,34,222.96,214.22,0
2024-11-04,P008,43,196.81,204.99,1
2024-11-05,P008,37,173.82,161.95,0
2024-11-06,P008,41,158.1,153.17,0
2024-11-07,P008,36,183.97,180.79,0
2024-11-08,P008,23,239.09,248.0,0
2024-11-09,P008,41,193.13,211.69,0
2024-11-10,P008,42,186.31,173.3,0
2024-11-11,P008,42,153.97,160.08,0
2024-11-12,P008,25,241.4,243.25,0
2024-11-13,P008,26,228.38,232.8,0
2024-11-14,P008,25,232.96,230.16,0
2024-11-15,P008,31,205.03,216.28,0
2024-11-16,P008,40,195.02,183.89,0
2024-11-17,P008,28,241.33,239.9,0
2024-11-18,P008,25,238.4,261.45,0
2024-11-19,P008,25,233.47,250.46,0
2024-11-20,P008,30,212.88,202.62,0
2024-11-21,P008,36,193.41,208.65,0
2024-11-22,P008,41,155.43,151.91,0
2024-11-23,P008,25,260.76,279.21,0
2024-11-24,P008,43,224.44,220.32,1
2024-11-25,P008,33,193.27,177.92,0
2024-11-26,P008,30,217.36,209.5,0
2024-11-27,P008,31,203.13,184.94,0
2024-11-28,P008,16,274.49,276.75,0
2024-11-29,P008,20,258.96,273.08,0
2024-11-30,P008,40,237.42,250.06,1
2024-12-01,P008,34,221.08,238.45,0
2024-12-02,P008,38,183.53,188.13,0
2024-12-03,P008,45,148.5,144.14,0
2024-12-04,P008,21,257.37,278.04,0
2024-12-05,P008,31,214.26,216.54,0
2024-12-06,P008,37,190.52,175.52,0
2024-12-07,P008,38,210.27,215.92,0
2024-12-08,P008,70,161.49,169.32,1
2024-12-09,P008,40,178.17,170.81,0
2024-12-10,P008,29,220.71,215.04,0
2024-12-11,P008,18,273.06,251.5,0
2024-12-12,P008,30,219.81,212.64,0
2024-12-13,P008,24,246.33,226.95,0
2024-12-14,P008,50,177.53,182.91,0
2024-12-15,P008,52,166.67,169.83,0
2024-12-16,P008,44,165.02,166.96,0
2024-12-17,P008,42,163.45,148.23,0
2024-12-18,P008,23,249.79,231.18,0
2024-12-19,P008,21,261.78,275.87,0
2024-12-20,P008,18,274.95,260.46,0
2024-12-21,P008,33,227.49,209.99,0
2024-12-22,P008,53,164.49,164.29,0
2024-12-23,P008,29,226.84,244.05,0
2024-12-24,P008,26,242.43,240.31,0
2024-12-25,P008,45,162.61,178.63,0
2024-12-26,P008,46,151.21,151.32,0
2024-12-27,P008,32,219.34,207.94,0
2024-12-28,P008,37,219.1,213.99,0
2024-12-29,P008,49,182.41,194.1,0
2024-12-30,P008,26,240.48,219.97,0
2024-12-31,P008,45,163.49,152.41,0
2023-01-01,P009,40,95.27,90.14,0
2023-01-02,P009,84,58.4,54.39,1
2023-01-03,P009,55,69.89,67.48,0
2023-01-04,P009,64,76.45,69.58,1
2023-01-05,P009,53,74.02,79.28,0
2023-01-06,P009,61,80.03,76.44,1
2023-01-07,P009,73,65.37,67.91,0
2023-01-08,P009,73,81.86,85.56,1
2023-01-09,P009,68,58.16,61.68,0
2023-01-10,P009,47,81.68,83.52,0
2023-01-11,P009,61,63.26,62.22,0
2023-01-12,P009,54,72.21,67.3,0
2023-01-13,P009,62,63.85,62.23,0
2023-01-14,P009,48,99.07,95.34,1
2023-01-15,P009,41,93.92,85.47,0
2023-01-16,P009,61,65.52,62.53,0
2023-01-17,P009,63,64.14,59.32,0
2023-01-18,P009,38,94.39,91.2,0
2023-01-19,P009,46,82.69,78.68,0
2023-01-20,P009,56,70.88,72.54,0
2023-01-21,P009,40,97.04,89.67,0
2023-01-22,P009,37,99.21,101.4,0
2023-01-23,P009,46,82.96,76.26,0
2023-01-24,P009,36,94.48,102.72,0
2023-01-25,P009,65,64.54,68.31,0
2023-01-26,P009,70,58.95,57.42,0
2023-01-27,P009,64,65.23,69.36,0
2023-01-28,P009,53,85.07,90.63,0
2023-01-29,P009,67,72.37,66.43,0
2023-01-30,P009,30,99.88,93.98,0
2023-01-31,P009,31,99.21,93.6,0
2023-02-01,P009,44,86.68,89.42,0
2023-02-02,P009,57,73.98,76.87,0
2023-02-03,P009,61,68.3,72.71,0
2023-02-04,P009,76,65.97,70.8,0
2023-02-05,P009,62,80.0,77.46,0
2023-02-06,P009,56,72.77,76.17,0
2023-02-07,P009,60,70.97,75.3,0
2023-02-08,P009,50,79.99,80.42,0
2023-02-09,P009,39,89.53,98.39,0
2023-02-10,P009,68,63.17,64.34,0
2023-02-11,P009,41,98.65,95.42,0
2023-02-12,P009,75,69.15,74.01,0
2023-02-13,P009,55,75.02,78.86,0
2023-02-14,P009,50,82.46,78.64,0
2023-02-15,P009,68,79.84,75.37,1
2023-02-16,P009,42,92.27,88.64,0
2023-02-17,P009,64,69.38,75.33,0
2023-02-18,P009,107,62.87,61.57,1
2023-02-19,P009,86,59.3,61.75,0
2023-02-20,P009,62,71.56,76.49,0
2023-02-21,P009,52,81.78,83.42,0
2023-02-22,P009,75,57.19,62.59,0
2023-02-23,P009,80,70.41,71.0,1
2023-02-24,P009,38,92.91,90.93,0
2023-02-25,P009,84,77.22,83.62,1
2023-02-26,P009,44,96.99,96.12,0
2023-02-27,P009,76,56.08,52.49,0
2023-02-28,P009,38,94.67,96.18,0
2023-03-01,P009,40,102.03,111.77,1
2023-03-02,P009,35,95.8,100.18,0
2023-03-03,P009,67,65.16,65.56,0
2023-03-04,P009,58,85.35,87.22,0
2023-03-05,P009,50,91.0,90.22,0
2023-03-06,P009,45,87.99,84.4,0
2023-03-07,P009,62,71.12,78.04,0
2023-03-08,P009,81,69.79,70.23,1
2023-03-09,P009,42,91.8,83.34,0
2023-03-10,P009,70,63.08,60.84,0
2023-03-11,P009,72,72.68,77.38,0
2023-03-12,P009,48,93.5,93.5,0
2023-03-13,P009,66,66.3,62.19,0
2023-03-14,P009,47,86.2,94.67,0
2023-03-15,P009,35,98.9,108.76,0
2023-03-16,P009,53,82.39,81.07,0
2023-03-17,P009,33,99.79,102.47,0
2023-03-18,P009,87,60.68,59.14,0
2023-03-19,P009,69,76.43,72.16,0
2023-03-20,P009,59,74.14,68.69,0
2023-03-21,P009,48,85.28,80.94,0
2023-03-22,P009,49,85.92,86.59,0
2023-03-23,P009,68,64.3,70.51,0
2023-03-24,P009,34,96.9,101.44,0
2023-03-25,P009,55,98.79,89.99,1
2023-03-26,P009,67,78.0,81.85,0
2023-03-27,P009,49,84.11,81.04,0
2023-03-28,P009,64,68.64,66.49,0
2023-03-29,P009,53,80.82,86.24,0
2023-03-30,P009,36,98.55,96.9,0
2023-03-31,P009,80,72.71,70.94,1
2023-04-01,P009,38,101.68,100.05,0
2023-04-02,P009,45,95.33,97.15,0
2023-04-03,P009,28,104.04,104.41,0
2023-04-04,P009,33,101.08,99.79,0
2023-04-05,P009,60,74.65,70.05,0
2023-04-06,P009,30,102.41,112.42,0
2023-04-07,P009,96,59.27,63.34,1
2023-04-08,P009,74,73.16,67.17,0
2023-04-09,P009,73,73.1,79.71,0
2023-04-10,P009,45,89.68,81.8,0
2023-04-11,P009,69,65.84,65.72,0
2023-04-12,P009,61,73.77,66.61,0
2023-04-13,P009,45,87.82,79.04,0
2023-04-14,P009,76,59.11,54.91,0
2023-04-15,P009,61,82.73,85.68,0
2023-04-16,P009,81,67.11,67.27,0
2023-04-17,P009,70,63.64,65.27,0
2023-04-18,P009,49,84.54,82.37,0
2023-04-19,P009,33,98.88,101.1,0
2023-04-20,P009,34,98.19,97.47,0
2023-04-21,P009,49,95.59,89.74,1
2023-04-22,P009,87,60.46,58.12,0
2023-04-23,P009,109,62.58,59.46,1
2023-04-24,P009,46,88.87,89.52,0
2023-04-25,P009,49,82.47,78.32,0
2023-04-26,P009,52,81.14,82.32,0
2023-04-27,P009,68,64.82,61.66,0
2023-04-28,P009,66,66.63,73.01,0
2023-04-29,P009,71,73.08,72.5,0
2023-04-30,P009,55,87.47,93.73,0
2023-05-01,P009,39,94.24,102.75,0
2023-05-02,P009,66,67.17,68.84,0
2023-05-03,P009,30,103.06,94.82,0
2023-05-04,P009,72,77.19,80.89,1
2023-05-05,P009,75,57.54,59.78,0
2023-05-06,P009,38,101.0,91.46,0
2023-05-07,P009,40,98.95,103.35,0
2023-05-08,P009,71,61.2,58.77,0
2023-05-09,P009,51,93.57,94.05,1
2023-05-10,P009,33,102.05,102.25,0
2023-05-11,P009,31,101.4,99.34,0
2023-05-12,P009,66,67.12,67.09,0
2023-05-13,P009,92,73.1,73.75,1
2023-05-14,P009,85,62.48,66.56,0
2023-05-15,P009,32,100.62,98.85,0
2023-05-16,P009,40,91.67,86.38,0
2023-05-17,P009,79,69.87,71.94,1
2023-05-18,P009,74,73.31,68.46,1
2023-05-19,P009,73,59.63,56.48,0
2023-05-20,P009,88,58.85,56.96,0
2023-05-21,P009,68,74.68,79.4,0
2023-05-22,P009,64,66.78,68.73,0
2023-05-23,P009,45,84.9,88.53,0
2023-05-24,P009,70,58.8,61.85,0
2023-05-25,P009,33,98.02,93.73,0
2023-05-26,P009,69,60.65,58.5,0
2023-05-27,P009,58,81.94,89.7,0
2023-05-28,P009,66,75.27,70.35,0
2023-05-29,P009,64,65.33,68.76,0
2023-05-30,P009,70,59.01,59.53,0
2023-05-31,P009,57,73.26,76.05,0
2023-06-01,P009,50,78.74,85.44,0
2023-06-02,P009,59,70.06,69.17,0
2023-06-03,P009,89,72.91,71.55,1
2023-06-04,P009,44,93.66,97.57,0
2023-06-05,P009,65,65.31,67.05,0
2023-06-06,P009,46,84.92,88.99,0
2023-06-07,P009,90,58.8,59.65,1
2023-06-08,P009,62,67.72,72.31,0
2023-06-09,P009,51,79.17,85.43,0
2023-06-10,P009,47,91.26,84.85,0
2023-06-11,P009,54,97.15,105.34,1
2023-06-12,P009,62,68.04,64.5,0
2023-06-13,P009,48,80.74,82.9,0
2023-06-14,P009,68,77.83,79.55,1
2023-06-15,P009,35,95.6,101.1,0
2023-06-16,P009,50,77.57,74.83,0
2023-06-17,P009,83,56.73,55.11,0
2023-06-18,P009,68,72.23,72.21,0
2023-06-19,P009,39,89.84,92.77,0
2023-06-20,P009,40,90.72,87.04,0
2023-06-21,P009,66,60.72,62.52,0
2023-06-22,P009,68,58.91,62.66,0
2023-06-23,P009,46,83.28,75.59,0
2023-06-24,P009,42,93.14,85.91,0
2023-06-25,P009,62,75.82,68.33,0
2023-06-26,P009,52,75.45,68.54,0
2023-06-27,P009,40,88.45,83.57,0
2023-06-28,P009,70,73.15,80.12,1
2023-06-29,P009,57,66.84,70.43,0
2023-06-30,P009,32,97.77,94.66,0
2023-07-01,P009,46,87.82,83.81,0
2023-07-02,P009,71,81.96,76.29,1
2023-07-03,P009,32,95.05,94.59,0
2023-07-04,P009,50,75.29,78.63,0
2023-07-05,P009,26,101.88,110.75,0
2023-07-06,P009,51,74.92,74.53,0
2023-07-07,P009,65,76.34,73.78,1
2023-07-08,P009,51,83.89,79.53,0
2023-07-09,P009,39,94.4,97.83,0
2023-07-10,P009,38,89.91,91.03,0
2023-07-11,P009,41,84.94,87.83,0
2023-07-12,P009,47,78.66,77.69,0
2023-07-13,P009,41,97.41,89.97,1
2023-07-14,P009,40,85.0,93.24,0
2023-07-15,P009,63,70.1,72.53,0
2023-07-16,P009,38,96.68,90.33,0
2023-07-17,P009,46,77.83,83.45,0
2023-07-18,P009,47,76.34,73.88,0
2023-07-19,P009,40,85.08,85.43,0
2023-07-20,P009,47,75.75,72.64,0
2023-07-21,P009,64,58.67,62.79,0
2023-07-22,P009,66,67.39,68.73,0
2023-07-23,P009,47,97.21,105.04,1
2023-07-24,P009,55,66.08,62.89,0
2023-07-25,P009,58,64.75,63.33,0
2023-07-26,P009,40,86.44,94.17,0
2023-07-27,P009,55,64.26,63.37,0
2023-07-28,P009,42,80.27,84.41,0
2023-07-29,P009,76,74.92,80.16,1
2023-07-30,P009,64,67.26,64.77,0
2023-07-31,P009,39,95.73,94.74,1
2023-08-01,P009,55,65.07,60.9,0
2023-08-02,P009,47,76.5,83.83,0
2023-08-03,P009,78,59.63,56.25,1
2023-08-04,P009,31,92.44,87.0,0
2023-08-05,P009,62,69.56,68.58,0
2023-08-06,P009,68,64.59,66.81,0
2023-08-07,P009,53,66.33,64.2,0
2023-08-08,P009,43,80.74,80.3,0
2023-08-09,P009,47,77.38,77.35,0
2023-08-10,P009,46,76.95,78.99,0
2023-08-11,P009,34,90.81,92.58,0
2023-08-12,P009,44,86.98,95.67,0
2023-08-13,P009,93,57.69,56.48,1
2023-08-14,P009,57,61.13,60.22,0
2023-08-15,P009,30,94.58,90.28,0
2023-08-16,P009,51,68.4,72.71,0
2023-08-17,P009,42,77.81,75.93,0
2023-08-18,P009,24,102.87,100.99,0
2023-08-19,P009,67,60.79,57.97,0
2023-08-20,P009,71,57.44,61.06,0
2023-08-21,P009,54,81.14,82.75,1
2023-08-22,P009,35,89.76,97.99,0
2023-08-23,P009,22,103.22,106.07,0
2023-08-24,P009,51,65.38,71.05,0
2023-08-25,P009,55,61.1,63.91,0
2023-08-26,P009,43,86.13,80.1,0
2023-08-27,P009,44,85.13,84.74,0
2023-08-28,P009,59,56.28,53.56,0
2023-08-29,P009,51,66.77,62.21,0
2023-08-30,P009,21,104.1,111.83,0
2023-08-31,P009,34,86.93,84.65,0
2023-09-01,P009,25,99.25,102.1,0
2023-09-02,P009,31,100.41,100.34,0
2023-09-03,P009,38,91.34,93.08,0
2023-09-04,P009,63,69.32,75.66,1
2023-09-05,P009,59,75.56,75.93,1
2023-09-06,P009,44,74.44,68.14,0
2023-09-07,P009,37,84.74,82.73,0
2023-09-08,P009,54,62.21,66.15,0
2023-09-09,P009,30,101.34,99.53,0
2023-09-10,P009,47,80.22,85.62,0
2023-09-11,P009,54,60.09,58.16,0
2023-09-12,P009,35,87.05,78.82,0
2023-09-13,P009,37,84.62,78.55,0
2023-09-14,P009,30,91.44,94.1,0
2023-09-15,P009,22,102.76,93.05,0
2023-09-16,P009,41,87.58,89.38,0
2023-09-17,P009,68,57.39,62.12,0
2023-09-18,P009,24,99.65,92.7,0
2023-09-19,P009,44,74.56,78.33,0
2023-09-20,P009,29,94.05,94.03,0
2023-09-21,P009,55,60.68,57.4,0
2023-09-22,P009,46,71.44,74.97,0
2023-09-23,P009,37,91.34,91.61,0
2023-09-24,P009,50,78.54,85.26,0
2023-09-25,P009,30,93.05,98.48,0
2023-09-26,P009,42,76.89,69.56,0
2023-09-27,P009,54,58.96,63.3,0
2023-09-28,P009,33,91.37,82.63,0
2023-09-29,P009,32,89.09,91.31,0
2023-09-30,P009,30,98.02,97.16,0
2023-10-01,P009,34,94.94,94.96,0
2023-10-02,P009,34,89.74,81.33,0
2023-10-03,P009,25,98.89,108.41,0
2023-10-04,P009,67,64.7,70.06,1
2023-10-05,P009,59,71.67,75.06,1
2023-10-06,P009,53,63.56,60.63,0
2023-10-07,P009,64,60.88,63.25,0
2023-10-08,P009,34,95.5,103.17,0
2023-10-09,P009,70,61.18,64.08,1
2023-10-10,P009,31,91.11,82.15,0
2023-10-11,P009,47,66.68,72.26,0
2023-10-12,P009,44,73.37,79.78,0
2023-10-13,P009,40,78.16,75.0,0
2023-10-14,P009,43,86.05,89.94,0
2023-10-15,P009,70,57.96,53.08,0
2023-10-16,P009,41,80.14,83.57,0
2023-10-17,P009,56,58.63,62.54,0
2023-10-18,P009,67,66.56,71.0,1
2023-10-19,P009,53,60.62,65.18,0
2023-10-20,P009,32,89.96,81.42,0
2023-10-21,P009,69,56.53,58.0,0
2023-10-22,P009,40,87.98,95.76,0
2023-10-23,P009,24,101.84,101.82,0
2023-10-24,P009,34,85.08,92.92,0
2023-10-25,P009,34,98.62,105.19,1
2023-10-26,P009,28,95.7,91.4,0
2023-10-27,P009,31,91.19,85.75,0
2023-10-28,P009,33,98.79,102.3,0
2023-10-29,P009,64,64.2,69.17,0
2023-10-30,P009,51,66.79,73.32,0
2023-10-31,P009,55,63.45,62.42,0
2023-11-01,P009,42,78.91,85.08,0
2023-11-02,P009,34,87.09,78.51,0
2023-11-03,P009,54,62.08,67.74,0
2023-11-04,P009,48,92.8,98.03,1
2023-11-05,P009,54,74.39,68.38,0
2023-11-06,P009,39,83.38,86.02,0
2023-11-07,P009,32,89.96,98.82,0
2023-11-08,P009,60,74.66,75.83,1
2023-11-09,P009,58,57.87,61.84,0
2023-11-10,P009,58,58.55,55.66,0
2023-11-11,P009,66,62.16,64.13,0
2023-11-12,P009,62,66.94,64.4,0
2023-11-13,P009,48,71.39,70.61,0
2023-11-14,P009,36,88.23,88.54,0
2023-11-15,P009,43,78.79,74.27,0
2023-11-16,P009,32,92.38,90.93,0
2023-11-17,P009,34,87.72,95.05,0
2023-11-18,P009,29,101.57,107.9,0
2023-11-19,P009,49,80.99,80.23,0
2023-11-20,P009,34,90.23,91.75,0
2023-11-21,P009,43,78.47,79.14,0
2023-11-22,P009,32,94.94,103.89,0
2023-11-23,P009,39,85.8,83.75,0
2023-11-24,P009,37,89.3,89.28,0
2023-11-25,P009,38,93.55,92.63,0
2023-11-26,P009,28,103.34,101.89,0
2023-11-27,P009,41,82.11,79.63,0
2023-11-28,P009,67,67.72,69.5,1
2023-11-29,P009,33,93.52,98.4,0
2023-11-30,P009,46,74.11,79.61,0
2023-12-01,P009,30,98.31,95.24,0
2023-12-02,P009,70,60.48,61.26,0
2023-12-03,P009,43,87.64,84.68,0
