data/synthetic/sales_history.csv
date,product_id,units_sold,price_charged,competitor_price,promo_flag
2023-12-04,P009,37,88.16,82.14,0
2023-12-05,P009,41,83.94,84.64,0
2023-12-06,P009,28,97.93,99.86,0
2023-12-07,P009,41,81.28,84.84,0
2023-12-08,P009,61,58.02,55.88,0
2023-12-09,P009,45,87.88,81.86,0
2023-12-10,P009,63,70.92,65.12,0
2023-12-11,P009,42,83.82,77.91,0
2023-12-12,P009,53,68.2,74.93,0
2023-12-13,P009,58,64.02,67.62,0
2023-12-14,P009,31,95.96,103.14,0
2023-12-15,P009,26,102.1,95.42,0
2023-12-16,P009,55,79.12,80.41,0
2023-12-17,P009,68,65.89,69.82,0
2023-12-18,P009,63,57.87,54.99,0
2023-12-19,P009,36,90.77,86.78,0
2023-12-20,P009,46,80.65,85.15,0
2023-12-21,P009,48,74.95,69.88,0
2023-12-22,P009,49,76.92,72.77,0
2023-12-23,P009,71,64.49,69.91,0
2023-12-24,P009,77,58.19,57.97,0
2023-12-25,P009,54,70.42,69.25,0
2023-12-26,P009,38,88.04,93.02,0
2023-12-27,P009,39,87.02,84.0,0
2023-12-28,P009,40,88.01,83.42,0
2023-12-29,P009,69,56.09,59.49,0
2023-12-30,P009,39,95.62,97.25,0
2023-12-31,P009,40,95.54,93.43,0
2024-01-01,P009,60,65.59,59.67,0
2024-01-02,P009,43,84.77,87.2,0
2024-01-03,P009,44,85.03,78.74,0
2024-01-04,P009,60,67.37,68.97,0
2024-01-05,P009,89,56.93,53.96,1
2024-01-06,P009,53,84.82,85.4,0
2024-01-07,P009,70,68.61,67.6,0
2024-01-08,P009,42,86.35,78.33,0
2024-01-09,P009,64,59.82,62.78,0
2024-01-10,P009,61,64.24,60.98,0
2024-01-11,P009,52,76.79,74.3,0
2024-01-12,P009,51,74.96,80.4,0
2024-01-13,P009,38,98.59,99.96,0
2024-01-14,P009,50,87.14,88.14,0
2024-01-15,P009,35,93.83,99.64,0
2024-01-16,P009,37,92.63,98.56,0
2024-01-17,P009,61,65.23,65.34,0
2024-01-18,P009,64,62.51,61.08,0
2024-01-19,P009,64,64.83,69.43,0
2024-01-20,P009,83,57.18,57.93,0
2024-01-21,P009,84,57.81,60.53,0
2024-01-22,P009,35,95.2,94.71,0
2024-01-23,P009,33,97.4,90.28,0
2024-01-24,P009,35,94.41,89.29,0
2024-01-25,P009,84,63.55,57.77,1
2024-01-26,P009,67,61.2,55.08,0
2024-01-27,P009,47,89.58,84.8,0
2024-01-28,P009,43,95.05,95.08,0
2024-01-29,P009,39,89.65,98.08,0
2024-01-30,P009,47,83.26,77.12,0
2024-01-31,P009,70,75.59,82.14,1
2024-02-01,P009,32,98.42,92.5,0
2024-02-02,P009,56,73.0,74.34,0
2024-02-03,P009,50,89.71,92.47,0
2024-02-04,P009,50,90.03,81.42,0
2024-02-05,P009,60,69.93,63.62,0
2024-02-06,P009,43,87.38,91.13,0
2024-02-07,P009,34,97.51,100.65,0
2024-02-08,P009,73,57.54,56.14,0
2024-02-09,P009,59,71.87,71.58,0
2024-02-10,P009,40,97.75,104.88,0
2024-02-11,P009,88,57.34,62.05,0
2024-02-12,P009,59,70.77,76.46,0
2024-02-13,P009,40,92.12,99.93,0
2024-02-14,P009,42,88.91,88.68,0
2024-02-15,P009,45,85.26,92.53,0
2024-02-16,P009,59,74.53,71.45,0
2024-02-17,P009,71,72.13,65.31,0
2024-02-18,P009,37,102.77,94.68,0
2024-02-19,P009,51,79.57,78.66,0
2024-02-20,P009,64,66.46,66.94,0
2024-02-21,P009,43,88.33,92.31,0
2024-02-22,P009,40,92.33,97.39,0
2024-02-23,P009,32,99.57,101.61,0
2024-02-24,P009,87,58.59,61.5,0
2024-02-25,P009,87,59.13,55.41,0
2024-02-26,P009,54,76.12,75.56,0
2024-02-27,P009,54,90.36,88.0,1
2024-02-28,P009,49,82.4,84.28,0
2024-02-29,P009,52,79.65,83.2,0
2024-03-01,P009,49,83.02,82.87,0
2024-03-02,P009,55,88.28,83.36,0
2024-03-03,P009,70,74.63,73.69,0
2024-03-04,P009,48,84.86,92.79,0
2024-03-05,P009,35,98.23,89.52,0
2024-03-06,P009,63,67.65,71.37,0
2024-03-07,P009,93,62.0,66.52,1
2024-03-08,P009,42,92.11,85.12,0
2024-03-09,P009,61,80.9,86.3,0
2024-03-10,P009,65,78.38,71.49,0
2024-03-11,P009,64,69.29,71.33,0
2024-03-12,P009,50,83.01,83.12,0
2024-03-13,P009,46,87.32,94.97,0
2024-03-14,P009,32,103.03,113.24,0
2024-03-15,P009,45,88.25,94.6,0
2024-03-16,P009,41,99.77,107.83,0
2024-03-17,P009,44,96.01,92.82,0
2024-03-18,P009,40,92.96,87.99,0
2024-03-19,P009,56,79.06,85.95,0
2024-03-20,P009,47,87.87,92.9,0
2024-03-21,P009,49,84.04,79.16,0
2024-03-22,P009,33,100.6,104.49,0
2024-03-23,P009,52,88.35,89.33,0
2024-03-24,P009,86,61.87,61.31,0
2024-03-25,P009,75,77.96,85.09,1
2024-03-26,P009,47,87.42,94.13,0
2024-03-27,P009,50,82.81,76.74,0
2024-03-28,P009,50,83.94,82.19,0
2024-03-29,P009,40,94.47,103.39,0
2024-03-30,P009,111,63.17,61.84,1
2024-03-31,P009,54,88.04,93.56,0
2024-04-01,P009,29,103.2,108.85,0
2024-04-02,P009,54,81.25,80.65,0
2024-04-03,P009,51,80.25,75.49,0
2024-04-04,P009,35,99.51,108.46,0
2024-04-05,P009,65,69.74,63.9,0
2024-04-06,P009,45,95.78,91.52,0
2024-04-07,P009,39,100.06,99.09,0
2024-04-08,P009,44,99.26,108.14,1
2024-04-09,P009,66,65.75,66.78,0
2024-04-10,P009,58,74.75,73.81,0
2024-04-11,P009,44,89.67,88.0,0
2024-04-12,P009,75,58.89,53.13,0
2024-04-13,P009,60,85.52,92.7,0
2024-04-14,P009,88,61.41,56.14,0
2024-04-15,P009,77,57.16,56.75,0
2024-04-16,P009,40,94.1,97.05,0
2024-04-17,P009,61,72.04,72.27,0
2024-04-18,P009,40,102.49,105.04,1
2024-04-19,P009,69,62.71,56.98,0
2024-04-20,P009,119,56.72,60.17,1
2024-04-21,P009,46,104.01,94.88,1
2024-04-22,P009,72,76.87,83.63,1
2024-04-23,P009,56,75.1,75.04,0
2024-04-24,P009,66,67.88,74.66,0
2024-04-25,P009,91,62.73,61.78,1
2024-04-26,P009,39,93.59,87.23,0
2024-04-27,P009,40,99.69,93.32,0
2024-04-28,P009,88,58.02,56.93,0
2024-04-29,P009,72,61.8,64.87,0
2024-04-30,P009,47,84.99,86.58,0
2024-05-01,P009,39,93.5,89.99,0
2024-05-02,P009,76,57.32,62.93,0
2024-05-03,P009,75,56.72,54.52,0
2024-05-04,P009,87,59.06,64.03,0
2024-05-05,P009,85,59.95,63.27,0
2024-05-06,P009,57,75.09,68.17,0
2024-05-07,P009,32,101.55,93.08,0
2024-05-08,P009,49,84.8,93.05,0
2024-05-09,P009,42,90.89,86.86,0
2024-05-10,P009,44,89.7,96.06,0
2024-05-11,P009,87,60.28,55.56,0
2024-05-12,P009,54,86.87,94.87,0
2024-05-13,P009,32,101.16,109.31,0
2024-05-14,P009,33,99.81,96.06,0
2024-05-15,P009,50,94.21,93.99,1
2024-05-16,P009,68,62.91,65.41,0
2024-05-17,P009,62,70.04,70.04,0
2024-05-18,P009,44,95.31,103.24,0
2024-05-19,P009,36,101.53,96.09,0
2024-05-20,P009,90,63.0,63.76,1
2024-05-21,P009,66,65.11,64.94,0
2024-05-22,P009,33,100.36,97.07,0
2024-05-23,P009,66,65.14,61.96,0
2024-05-24,P009,50,81.7,85.1,0
2024-05-25,P009,46,91.37,85.24,0
2024-05-26,P009,47,92.14,90.0,0
2024-05-27,P009,66,63.1,57.35,0
2024-05-28,P009,67,63.74,65.26,0
2024-05-29,P009,40,90.95,87.0,0
2024-05-30,P009,46,84.38,76.5,0
2024-05-31,P009,62,66.49,60.84,0
2024-06-01,P009,66,74.71,79.67,0
2024-06-02,P009,53,87.63,87.8,0
2024-06-03,P009,63,67.46,66.66,0
2024-06-04,P009,63,67.63,66.69,0
2024-06-05,P009,32,98.03,88.59,0
2024-06-06,P009,28,101.4,97.94,0
2024-06-07,P009,54,75.5,76.5,0
2024-06-08,P009,78,64.55,64.53,0
2024-06-09,P009,35,100.21,90.81,0
2024-06-10,P009,57,72.24,73.29,0
2024-06-11,P009,70,58.12,61.41,0
2024-06-12,P009,72,57.46,60.69,0
2024-06-13,P009,48,81.11,75.6,0
2024-06-14,P009,47,82.09,79.15,0
2024-06-15,P009,56,81.43,84.05,0
2024-06-16,P009,51,86.57,91.24,0
2024-06-17,P009,67,60.43,56.04,0
2024-06-18,P009,39,88.64,80.82,0
2024-06-19,P009,56,72.17,74.26,0
2024-06-20,P009,32,97.91,102.01,0
2024-06-21,P009,45,81.04,87.56,0
2024-06-22,P009,70,70.29,63.39,0
2024-06-23,P009,73,65.53,69.8,0
2024-06-24,P009,40,87.39,81.6,0
2024-06-25,P009,49,93.99,91.4,1
2024-06-26,P009,33,97.63,94.08,0
2024-06-27,P009,65,60.6,62.51,0
2024-06-28,P009,59,65.11,60.05,0
2024-06-29,P009,47,87.84,93.86,0
2024-06-30,P009,33,103.09,97.02,0
2024-07-01,P009,42,83.81,88.04,0
2024-07-02,P009,33,95.04,87.65,0
2024-07-03,P009,67,58.05,61.46,0
2024-07-04,P009,43,82.32,83.65,0
2024-07-05,P009,36,94.52,94.83,0
2024-07-06,P009,37,98.39,93.19,0
2024-07-07,P009,67,68.76,67.55,0
2024-07-08,P009,52,72.8,79.81,0
2024-07-09,P009,28,100.62,90.81,0
2024-07-10,P009,51,74.88,75.02,0
2024-07-11,P009,63,61.28,59.78,0
2024-07-12,P009,67,73.03,70.68,1
2024-07-13,P009,33,100.44,95.71,0
2024-07-14,P009,34,99.04,91.04,0
2024-07-15,P009,49,75.85,71.53,0
2024-07-16,P009,39,87.07,80.7,0
2024-07-17,P009,28,101.93,100.58,0
2024-07-18,P009,52,72.53,68.36,0
2024-07-19,P009,40,85.11,91.63,0
2024-07-20,P009,71,63.23,68.75,0
2024-07-21,P009,60,72.92,76.1,0
2024-07-22,P009,33,90.67,90.3,0
2024-07-23,P009,44,81.22,82.17,0
2024-07-24,P009,33,90.2,94.12,0
2024-07-25,P009,54,67.38,70.47,0
2024-07-26,P009,56,81.41,80.39,1
2024-07-27,P009,44,89.27,87.15,0
2024-07-28,P009,64,68.51,68.77,0
2024-07-29,P009,39,85.99,86.39,0
2024-07-30,P009,61,57.8,54.6,0
2024-07-31,P009,44,77.74,85.14,0
2024-08-01,P009,51,71.39,71.85,0
2024-08-02,P009,62,56.99,53.52,0
2024-08-03,P009,31,100.93,97.21,0
2024-08-04,P009,43,89.35,96.81,0
2024-08-05,P009,29,97.62,107.28,0
2024-08-06,P009,56,64.85,67.87,0
2024-08-07,P009,40,81.77,74.8,0
2024-08-08,P009,29,96.53,91.22,0
2024-08-09,P009,61,57.0,54.01,0
2024-08-10,P009,43,89.72,85.71,0
2024-08-11,P009,48,83.47,87.06,0
2024-08-12,P009,31,96.34,92.52,0
2024-08-13,P009,52,66.32,62.17,0
2024-08-14,P009,48,73.32,67.07,0
2024-08-15,P009,51,69.89,70.86,0
2024-08-16,P009,50,71.39,64.38,0
2024-08-17,P009,59,69.36,64.4,0
2024-08-18,P009,66,62.21,62.55,0
2024-08-19,P009,33,91.35,83.08,0
2024-08-20,P009,51,67.66,65.94,0
2024-08-21,P009,46,74.09,77.9,0
2024-08-22,P009,48,70.26,68.68,0
2024-08-23,P009,57,58.58,58.33,0
2024-08-24,P009,38,91.64,90.54,0
2024-08-25,P009,40,90.15,82.18,0
2024-08-26,P009,73,58.95,64.08,1
2024-08-27,P009,37,84.02,80.45,0
2024-08-28,P009,32,89.95,85.22,0
2024-08-29,P009,35,86.97,79.18,0
2024-08-30,P009,48,69.18,71.71,0
2024-08-31,P009,34,95.77,99.9,0
2024-09-01,P009,42,87.11,84.89,0
2024-09-02,P009,42,76.17,71.7,0
2024-09-03,P009,54,63.26,61.89,0
2024-09-04,P009,57,58.16,60.56,0
2024-09-05,P009,47,70.07,73.21,0
2024-09-06,P009,27,95.43,97.11,0
2024-09-07,P009,55,71.58,77.78,0
2024-09-08,P009,42,86.75,78.54,0
2024-09-09,P009,34,87.91,93.52,0
2024-09-10,P009,52,64.31,67.14,0
2024-09-11,P009,41,79.41,80.16,0
2024-09-12,P009,56,57.54,59.23,0
2024-09-13,P009,34,86.6,88.09,0
2024-09-14,P009,63,62.75,67.18,0
2024-09-15,P009,71,57.4,56.29,0
2024-09-16,P009,48,69.95,74.28,0
2024-09-17,P009,55,59.36,63.17,0
2024-09-18,P009,51,63.91,67.49,0
2024-09-19,P009,34,88.52,87.54,0
2024-09-20,P009,51,62.25,67.32,0
2024-09-21,P009,45,83.45,76.44,0
2024-09-22,P009,60,66.04,61.35,0
2024-09-23,P009,28,96.01,88.41,0
2024-09-24,P009,54,62.59,66.52,0
2024-09-25,P009,24,100.74,107.35,0
2024-09-26,P009,40,79.7,81.96,0
2024-09-27,P009,54,75.85,79.95,1
2024-09-28,P009,38,89.51,87.02,0
2024-09-29,P009,55,71.51,70.58,0
2024-09-30,P009,30,95.85,95.92,0
2024-10-01,P009,44,74.56,75.7,0
2024-10-02,P009,54,60.52,62.32,0
2024-10-03,P009,56,76.51,69.72,1
2024-10-04,P009,38,83.0,87.24,0
2024-10-05,P009,48,79.95,75.12,0
2024-10-06,P009,65,60.8,63.12,0
2024-10-07,P009,28,95.63,102.0,0
2024-10-08,P009,43,89.75,82.34,1
2024-10-09,P009,30,92.7,90.75,0
2024-10-10,P009,46,71.2,68.66,0
2024-10-11,P009,53,64.21,68.86,0
2024-10-12,P009,34,95.51,93.91,0
2024-10-13,P009,37,91.18,94.39,0
2024-10-14,P009,34,87.26,92.52,0
2024-10-15,P009,36,85.69,87.87,0
2024-10-16,P009,28,94.89,100.09,0
2024-10-17,P009,47,70.39,69.82,0
2024-10-18,P009,25,99.66,107.08,0
2024-10-19,P009,38,90.61,96.07,0
2024-10-20,P009,30,100.03,97.11,0
2024-10-21,P009,33,90.0,81.39,0
2024-10-22,P009,52,63.32,65.98,0
2024-10-23,P009,32,90.29,93.45,0
2024-10-24,P009,41,93.27,101.97,1
2024-10-25,P009,27,98.79,100.26,0
2024-10-26,P009,66,61.87,57.73,0
2024-10-27,P009,35,95.5,94.33,0
2024-10-28,P009,59,57.33,55.35,0
2024-10-29,P009,44,76.29,70.32,0
2024-10-30,P009,40,81.01,78.87,0
2024-10-31,P009,22,103.66,114.02,0
2024-11-01,P009,41,80.78,75.4,0
2024-11-02,P009,47,82.79,90.03,0
2024-11-03,P009,35,93.86,89.6,0
2024-11-04,P009,48,70.34,64.61,0
2024-11-05,P009,40,80.08,83.42,0
2024-11-06,P009,31,92.18,88.27,0
2024-11-07,P009,55,61.09,59.41,0
2024-11-08,P009,49,70.46,69.82,0
2024-11-09,P009,39,91.96,85.45,0
2024-11-10,P009,31,99.09,91.29,0
2024-11-11,P009,48,70.96,71.7,0
2024-11-12,P009,22,103.56,105.13,0
2024-11-13,P009,38,86.03,91.58,0
2024-11-14,P009,34,91.47,95.97,0
2024-11-15,P009,56,62.48,58.74,0
2024-11-16,P009,41,89.17,97.73,0
2024-11-17,P009,64,66.46,65.35,0
2024-11-18,P009,46,74.27,73.84,0
2024-11-19,P009,54,65.07,65.35,0
2024-11-20,P009,29,97.29,105.29,0
2024-11-21,P009,58,59.58,62.64,0
2024-11-22,P009,67,68.35,71.16,1
2024-11-23,P009,54,75.05,68.13,0
2024-11-24,P009,41,99.75,99.69,1
2024-11-25,P009,62,57.41,55.56,0
2024-11-26,P009,40,81.19,85.68,0
2024-11-27,P009,50,70.44,71.57,0
2024-11-28,P009,50,69.13,70.97,0
2024-11-29,P009,45,76.53,69.12,0
2024-11-30,P009,72,57.43,58.41,0
2024-12-01,P009,56,75.7,78.04,0
2024-12-02,P009,35,101.85,107.0,1
2024-12-03,P009,35,100.38,94.64,1
2024-12-04,P009,30,95.84,92.27,0
2024-12-05,P009,26,101.84,104.44,0
2024-12-06,P009,48,74.37,69.56,0
2024-12-07,P009,51,82.22,83.31,0
2024-12-08,P009,38,95.76,92.15,0
2024-12-09,P009,41,83.73,78.85,0
2024-12-10,P009,48,74.6,79.23,0
2024-12-11,P009,53,69.67,63.18,0
2024-12-12,P009,59,61.36,63.25,0
2024-12-13,P009,48,89.68,86.9,1
2024-12-14,P009,55,78.9,76.06,0
2024-12-15,P009,69,64.89,63.15,0
2024-12-16,P009,38,88.26,95.0,0
2024-12-17,P009,54,69.93,69.3,0
2024-12-18,P009,35,91.99,90.97,0
2024-12-19,P009,29,99.31,96.5,0
2024-12-20,P009,45,79.17,76.84,0
2024-12-21,P009,43,99.95,109.92,1
2024-12-22,P009,41,93.28,96.96,0
2024-12-23,P009,50,74.79,76.78,0
2024-12-24,P009,42,85.24,77.11,0
2024-12-25,P009,37,90.3,88.67,0
2024-12-26,P009,36,90.38,84.36,0
2024-12-27,P009,36,91.09,86.35,0
2024-12-28,P009,57,78.89,82.37,0
2024-12-29,P009,63,71.99,73.47,0
2024-12-30,P009,33,95.72,92.33,0
2024-12-31,P009,62,61.97,62.54,0
2023-01-01,P010,46,254.22,278.56,0
2023-01-02,P010,38,235.15,228.57,0
2023-01-03,P010,30,378.08,396.63,0
2023-01-04,P010,31,402.0,433.54,0
2023-01-05,P010,27,419.19,458.53,0
2023-01-06,P010,33,365.64,383.66,0
2023-01-07,P010,46,280.67,288.52,0
2023-01-08,P010,57,287.72,311.52,1
2023-01-09,P010,38,271.79,276.01,0
2023-01-10,P010,38,296.4,321.53,0
2023-01-11,P010,42,246.08,232.33,0
2023-01-12,P010,31,375.05,375.3,0
2023-01-13,P010,33,352.89,320.76,0
2023-01-14,P010,46,282.94,256.65,0
2023-01-15,P010,62,281.07,288.89,1
2023-01-16,P010,40,265.04,263.52,0
2023-01-17,P010,31,404.01,395.27,0
2023-01-18,P010,40,271.97,263.01,0
2023-01-19,P010,40,293.04,287.07,0
2023-01-20,P010,40,282.85,279.5,0
2023-01-21,P010,47,303.55,295.36,0
2023-01-22,P010,47,281.36,271.3,0
2023-01-23,P010,35,332.62,350.83,0
2023-01-24,P010,39,303.14,280.68,0
2023-01-25,P010,35,366.52,373.87,0
2023-01-26,P010,36,324.72,326.27,0
2023-01-27,P010,40,303.65,316.85,0
2023-01-28,P010,39,396.44,357.89,0
2023-01-29,P010,38,403.29,385.13,0
2023-01-30,P010,32,398.65,418.53,0
2023-01-31,P010,34,350.59,344.69,0
2023-02-01,P010,33,358.03,368.51,0
2023-02-02,P010,42,265.99,276.31,0
2023-02-03,P010,42,226.96,218.02,0
2023-02-04,P010,46,326.42,335.91,0
2023-02-05,P010,38,413.65,411.91,0
2023-02-06,P010,40,302.45,274.17,0
2023-02-07,P010,39,296.03,293.76,0
2023-02-08,P010,42,279.1,266.49,0
2023-02-09,P010,43,238.36,243.41,0
2023-02-10,P010,39,332.47,352.34,0
2023-02-11,P010,41,372.07,361.2,0
2023-02-12,P010,40,407.47,371.15,0
2023-02-13,P010,45,255.97,230.79,0
2023-02-14,P010,34,365.93,370.23,0
2023-02-15,P010,39,320.4,298.73,0
2023-02-16,P010,41,247.45,237.04,0
2023-02-17,P010,35,364.02,369.23,0
2023-02-18,P010,61,334.87,321.95,1
2023-02-19,P010,53,245.27,254.97,0
2023-02-20,P010,40,316.39,332.62,0
2023-02-21,P010,37,339.77,311.78,0
2023-02-22,P010,46,366.14,381.08,1
2023-02-23,P010,36,362.21,366.64,0
2023-02-24,P010,38,346.56,379.79,0
2023-02-25,P010,50,286.96,305.15,0
2023-02-26,P010,56,231.93,212.36,0
2023-02-27,P010,47,239.88,259.36,0
2023-02-28,P010,41,317.09,289.7,0
2023-03-01,P010,43,267.01,252.84,0
2023-03-02,P010,38,340.4,371.85,0
2023-03-03,P010,45,246.46,254.7,0
2023-03-04,P010,51,274.96,292.18,0
2023-03-05,P010,53,251.35,235.66,0
2023-03-06,P010,38,328.6,340.88,0
2023-03-07,P010,38,321.61,291.25,0
2023-03-08,P010,34,415.35,441.88,0
2023-03-09,P010,47,240.61,225.72,0
2023-03-10,P010,49,338.5,340.78,1
2023-03-11,P010,53,266.77,257.3,0
2023-03-12,P010,51,273.71,286.73,0
2023-03-13,P010,37,369.17,383.07,0
2023-03-14,P010,41,293.45,289.19,0
2023-03-15,P010,36,367.36,378.64,0
2023-03-16,P010,37,331.04,338.21,0
2023-03-17,P010,38,332.34,334.47,0
2023-03-18,P010,41,377.71,389.34,0
2023-03-19,P010,48,309.13,292.35,0
2023-03-20,P010,37,347.71,315.69,0
2023-03-21,P010,45,260.79,280.39,0
2023-03-22,P010,34,381.29,357.05,0
2023-03-23,P010,50,336.06,312.53,1
2023-03-24,P010,42,311.45,292.64,0
2023-03-25,P010,47,302.65,329.1,0
2023-03-26,P010,61,335.5,358.51,1
2023-03-27,P010,36,373.96,336.73,0
2023-03-28,P010,40,345.39,335.44,0
2023-03-29,P010,47,249.21,272.22,0
2023-03-30,P010,41,298.95,301.5,0
2023-03-31,P010,34,391.52,374.44,0
2023-04-01,P010,40,400.81,373.51,0
2023-04-02,P010,52,290.24,315.65,0
2023-04-03,P010,41,308.98,335.67,0
2023-04-04,P010,43,257.69,257.07,0
2023-04-05,P010,36,378.32,403.06,0
2023-04-06,P010,36,393.99,394.78,0
2023-04-07,P010,38,344.14,361.95,0
2023-04-08,P010,49,308.9,316.56,0
2023-04-09,P010,53,263.68,245.14,0
2023-04-10,P010,42,283.22,294.5,0
2023-04-11,P010,34,389.91,352.47,0
2023-04-12,P010,43,271.68,295.51,0
2023-04-13,P010,57,279.56,263.8,1
2023-04-14,P010,44,267.9,276.53,0
2023-04-15,P010,42,386.67,364.11,0
2023-04-16,P010,50,301.62,311.3,0
2023-04-17,P010,35,389.15,387.12,0
2023-04-18,P010,48,365.53,376.0,1
2023-04-19,P010,45,396.69,389.52,1
2023-04-20,P010,40,307.6,307.39,0
2023-04-21,P010,43,282.84,307.05,0
2023-04-22,P010,55,243.38,262.9,0
2023-04-23,P010,44,362.44,368.92,0
2023-04-24,P010,42,280.83,296.9,0
2023-04-25,P010,42,289.2,298.9,0
2023-04-26,P010,44,295.74,313.59,0
2023-04-27,P010,42,267.33,261.92,0
2023-04-28,P010,58,251.6,235.96,1
2023-04-29,P010,54,237.96,256.86,0
2023-04-30,P010,46,330.03,341.15,0
2023-05-01,P010,36,350.78,325.83,0
2023-05-02,P010,36,349.27,370.33,0
2023-05-03,P010,39,290.87,270.33,0
2023-05-04,P010,33,395.83,412.18,0
2023-05-05,P010,35,358.99,380.56,0
2023-05-06,P010,51,262.03,264.18,0
2023-05-07,P010,50,283.13,293.83,0
2023-05-08,P010,60,226.43,247.18,1
2023-05-09,P010,33,399.21,438.65,0
2023-05-10,P010,40,307.24,318.04,0
2023-05-11,P010,44,252.59,242.48,0
2023-05-12,P010,43,237.26,217.86,0
2023-05-13,P010,48,306.15,297.04,0
2023-05-14,P010,45,330.65,349.9,0
2023-05-15,P010,45,231.46,228.83,0
2023-05-16,P010,37,340.34,317.11,0
2023-05-17,P010,39,326.78,319.97,0
2023-05-18,P010,38,319.37,297.02,0
2023-05-19,P010,33,370.72,377.68,0
2023-05-20,P010,53,241.6,232.71,0
2023-05-21,P010,54,235.22,241.44,0
