data/synthetic/sales_history.csv
date,product_id,units_sold,price_charged,competitor_price,promo_flag
2023-05-22,P010,39,298.82,310.86,0
2023-05-23,P010,34,394.91,363.38,0
2023-05-24,P010,41,272.69,288.39,0
2023-05-25,P010,47,322.39,317.82,1
2023-05-26,P010,43,228.61,240.71,0
2023-05-27,P010,49,276.37,286.0,0
2023-05-28,P010,41,351.74,335.36,0
2023-05-29,P010,33,393.81,355.44,0
2023-05-30,P010,43,261.58,254.17,0
2023-05-31,P010,36,353.14,357.18,0
2023-06-01,P010,44,238.88,262.41,0
2023-06-02,P010,44,232.11,239.54,0
2023-06-03,P010,46,306.79,292.15,0
2023-06-04,P010,46,296.43,296.0,0
2023-06-05,P010,37,296.06,304.08,0
2023-06-06,P010,32,392.01,370.38,0
2023-06-07,P010,37,324.9,316.17,0
2023-06-08,P010,37,350.96,317.85,0
2023-06-09,P010,38,298.13,298.59,0
2023-06-10,P010,41,353.3,371.62,0
2023-06-11,P010,49,248.36,251.98,0
2023-06-12,P010,31,397.43,399.06,0
2023-06-13,P010,33,354.7,339.53,0
2023-06-14,P010,32,363.27,353.04,0
2023-06-15,P010,41,263.36,275.91,0
2023-06-16,P010,38,291.29,314.99,0
2023-06-17,P010,51,240.88,247.99,0
2023-06-18,P010,42,359.92,378.41,0
2023-06-19,P010,41,266.56,290.21,0
2023-06-20,P010,41,271.45,247.49,0
2023-06-21,P010,43,353.15,358.15,1
2023-06-22,P010,42,237.91,259.8,0
2023-06-23,P010,40,247.69,259.81,0
2023-06-24,P010,36,400.76,381.54,0
2023-06-25,P010,40,348.36,333.93,0
2023-06-26,P010,38,270.72,278.56,0
2023-06-27,P010,40,251.63,262.24,0
2023-06-28,P010,30,407.84,443.92,0
2023-06-29,P010,42,333.39,347.76,1
2023-06-30,P010,45,330.79,359.43,1
2023-07-01,P010,45,272.66,289.35,0
2023-07-02,P010,46,245.58,243.4,0
2023-07-03,P010,35,309.32,310.15,0
2023-07-04,P010,39,238.99,239.46,0
2023-07-05,P010,29,412.47,413.72,0
2023-07-06,P010,48,281.76,309.77,1
2023-07-07,P010,37,279.57,271.14,0
2023-07-08,P010,47,240.22,251.93,0
2023-07-09,P010,38,335.21,356.32,0
2023-07-10,P010,41,227.0,219.45,0
2023-07-11,P010,32,354.32,357.23,0
2023-07-12,P010,33,330.74,355.49,0
2023-07-13,P010,38,236.16,213.56,0
2023-07-14,P010,37,254.89,279.18,0
2023-07-15,P010,45,268.05,247.31,0
2023-07-16,P010,39,339.27,326.96,0
2023-07-17,P010,33,300.7,310.57,0
2023-07-18,P010,28,375.44,362.61,0
2023-07-19,P010,28,405.71,413.07,0
2023-07-20,P010,35,280.28,266.79,0
2023-07-21,P010,30,357.97,385.5,0
2023-07-22,P010,37,358.29,348.44,0
2023-07-23,P010,37,359.0,335.23,0
2023-07-24,P010,37,234.4,226.82,0
2023-07-25,P010,38,255.61,237.65,0
2023-07-26,P010,39,231.14,244.68,0
2023-07-27,P010,38,226.76,241.21,0
2023-07-28,P010,26,389.06,406.56,0
2023-07-29,P010,41,274.32,258.66,0
2023-07-30,P010,39,332.52,344.41,0
2023-07-31,P010,38,236.65,233.28,0
2023-08-01,P010,29,390.37,408.23,0
2023-08-02,P010,30,338.82,333.31,0
2023-08-03,P010,34,282.01,272.94,0
2023-08-04,P010,32,326.4,303.26,0
2023-08-05,P010,38,319.68,335.41,0
2023-08-06,P010,38,320.47,342.82,0
2023-08-07,P010,24,418.53,429.51,0
2023-08-08,P010,28,380.31,399.61,0
2023-08-09,P010,41,325.84,311.91,1
2023-08-10,P010,29,391.72,404.19,0
2023-08-11,P010,29,392.44,410.64,0
2023-08-12,P010,42,267.32,270.24,0
2023-08-13,P010,31,408.4,434.0,0
2023-08-14,P010,28,355.58,365.78,0
2023-08-15,P010,31,310.29,328.83,0
2023-08-16,P010,29,373.91,373.5,0
2023-08-17,P010,32,289.09,284.06,0
2023-08-18,P010,25,400.08,388.22,0
2023-08-19,P010,40,268.0,270.39,0
2023-08-20,P010,41,254.97,259.97,0
2023-08-21,P010,35,250.62,274.6,0
2023-08-22,P010,32,314.56,328.0,0
2023-08-23,P010,27,386.89,355.97,0
2023-08-24,P010,29,358.0,390.71,0
2023-08-25,P010,25,401.27,370.37,0
2023-08-26,P010,37,298.06,274.1,0
2023-08-27,P010,38,301.04,330.67,0
2023-08-28,P010,29,336.75,347.68,0
2023-08-29,P010,27,411.98,419.29,0
2023-08-30,P010,35,238.98,233.6,0
2023-08-31,P010,29,341.59,314.72,0
2023-09-01,P010,34,253.75,243.88,0
2023-09-02,P010,38,301.49,329.62,0
2023-09-03,P010,41,242.73,259.7,0
2023-09-04,P010,26,418.78,406.1,0
2023-09-05,P010,34,251.46,233.6,0
2023-09-06,P010,32,276.89,260.52,0
2023-09-07,P010,31,295.37,301.99,0
2023-09-08,P010,29,350.91,368.4,0
2023-09-09,P010,38,327.39,340.69,0
2023-09-10,P010,38,293.63,283.67,0
2023-09-11,P010,30,278.69,280.94,0
2023-09-12,P010,31,305.13,325.68,0
2023-09-13,P010,36,240.55,234.96,0
2023-09-14,P010,41,308.05,326.54,1
2023-09-15,P010,33,280.82,287.16,0
2023-09-16,P010,36,328.27,358.91,0
2023-09-17,P010,49,281.2,287.65,1
2023-09-18,P010,32,262.29,283.74,0
2023-09-19,P010,39,306.11,294.67,1
2023-09-20,P010,35,237.85,226.33,0
2023-09-21,P010,29,321.49,330.48,0
2023-09-22,P010,31,309.35,281.31,0
2023-09-23,P010,35,324.06,333.15,0
2023-09-24,P010,42,248.1,258.15,0
2023-09-25,P010,25,385.99,367.75,0
2023-09-26,P010,30,327.52,358.16,0
2023-09-27,P010,26,404.96,439.08,0
2023-09-28,P010,31,276.99,295.29,0
2023-09-29,P010,31,278.34,278.73,0
2023-09-30,P010,30,389.98,392.17,0
2023-10-01,P010,40,250.31,254.47,0
2023-10-02,P010,27,338.29,309.67,0
2023-10-03,P010,27,372.59,388.9,0
2023-10-04,P010,26,403.7,415.22,0
2023-10-05,P010,26,357.2,363.11,0
2023-10-06,P010,34,389.76,373.87,1
2023-10-07,P010,29,400.43,410.3,0
2023-10-08,P010,38,304.33,324.9,0
2023-10-09,P010,30,319.94,330.2,0
2023-10-10,P010,32,419.95,390.3,1
2023-10-11,P010,27,369.3,376.42,0
2023-10-12,P010,24,408.39,438.28,0
2023-10-13,P010,45,240.89,241.77,1
2023-10-14,P010,39,259.07,239.87,0
2023-10-15,P010,35,335.79,303.29,0
2023-10-16,P010,35,235.6,237.95,0
2023-10-17,P010,23,419.3,388.63,0
2023-10-18,P010,26,357.2,367.68,0
2023-10-19,P010,36,246.02,245.7,0
2023-10-20,P010,27,357.2,379.79,0
2023-10-21,P010,34,359.42,388.22,0
2023-10-22,P010,49,301.81,282.09,1
2023-10-23,P010,28,385.04,377.22,0
2023-10-24,P010,25,418.78,395.96,0
2023-10-25,P010,44,277.65,288.06,1
2023-10-26,P010,25,396.03,409.09,0
2023-10-27,P010,30,335.41,314.34,0
2023-10-28,P010,42,247.64,226.58,0
2023-10-29,P010,40,298.94,326.32,0
2023-10-30,P010,32,290.54,305.7,0
2023-10-31,P010,30,329.46,360.24,0
2023-11-01,P010,33,250.48,250.84,0
2023-11-02,P010,36,236.37,252.49,0
2023-11-03,P010,26,368.06,365.33,0
2023-11-04,P010,32,402.77,400.68,0
2023-11-05,P010,30,400.72,424.56,0
2023-11-06,P010,26,401.27,420.41,0
2023-11-07,P010,26,370.41,370.71,0
2023-11-08,P010,46,228.54,244.63,1
2023-11-09,P010,34,389.51,358.71,1
2023-11-10,P010,25,410.65,387.26,0
2023-11-11,P010,40,393.28,412.9,1
2023-11-12,P010,49,294.95,288.01,1
2023-11-13,P010,33,299.53,283.83,0
2023-11-14,P010,25,396.39,375.95,0
2023-11-15,P010,48,229.84,222.79,1
2023-11-16,P010,31,328.57,322.77,0
2023-11-17,P010,32,287.73,313.0,0
2023-11-18,P010,39,277.35,262.99,0
2023-11-19,P010,40,268.56,257.95,0
2023-11-20,P010,28,394.04,390.66,0
2023-11-21,P010,32,324.88,309.75,0
2023-11-22,P010,36,240.78,219.46,0
2023-11-23,P010,34,243.48,231.94,0
2023-11-24,P010,32,297.58,281.26,0
2023-11-25,P010,41,277.13,253.17,0
2023-11-26,P010,40,289.63,283.03,0
2023-11-27,P010,33,289.76,268.12,0
2023-11-28,P010,33,270.31,248.92,0
2023-11-29,P010,39,363.26,336.5,1
2023-11-30,P010,33,312.46,342.31,0
2023-12-01,P010,31,378.81,399.58,0
2023-12-02,P010,40,295.35,293.88,0
2023-12-03,P010,34,380.99,368.85,0
2023-12-04,P010,26,402.19,425.28,0
2023-12-05,P010,39,246.04,259.51,0
2023-12-06,P010,36,273.5,295.49,0
2023-12-07,P010,30,338.58,348.67,0
2023-12-08,P010,39,377.04,370.85,1
2023-12-09,P010,43,260.44,252.63,0
2023-12-10,P010,42,274.12,256.63,0
2023-12-11,P010,30,355.91,361.6,0
2023-12-12,P010,32,352.17,326.08,0
2023-12-13,P010,31,337.17,322.03,0
2023-12-14,P010,44,328.73,354.45,1
2023-12-15,P010,29,370.44,346.4,0
2023-12-16,P010,43,279.69,304.37,0
2023-12-17,P010,42,302.51,329.84,0
2023-12-18,P010,29,405.98,437.25,0
2023-12-19,P010,37,262.72,257.42,0
2023-12-20,P010,30,388.47,413.84,0
2023-12-21,P010,29,402.43,371.62,0
2023-12-22,P010,37,254.54,245.45,0
2023-12-23,P010,43,294.54,312.78,0
2023-12-24,P010,37,369.06,378.59,0
2023-12-25,P010,39,238.35,218.4,0
2023-12-26,P010,42,228.22,207.7,0
2023-12-27,P010,38,282.72,302.59,0
2023-12-28,P010,39,246.02,262.86,0
2023-12-29,P010,36,275.81,303.23,0
2023-12-30,P010,43,295.29,305.93,0
2023-12-31,P010,45,273.6,280.65,0
2024-01-01,P010,39,269.66,282.54,0
2024-01-02,P010,39,256.35,261.87,0
2024-01-03,P010,33,348.33,331.66,0
2024-01-04,P010,34,316.99,334.56,0
2024-01-05,P010,39,257.07,280.32,0
2024-01-06,P010,49,371.46,335.76,1
2024-01-07,P010,44,304.16,301.68,0
2024-01-08,P010,28,413.5,390.26,0
2024-01-09,P010,35,340.42,334.09,0
2024-01-10,P010,33,359.64,345.48,0
2024-01-11,P010,35,310.85,330.75,0
2024-01-12,P010,43,231.38,213.0,0
2024-01-13,P010,40,354.68,350.14,0
2024-01-14,P010,44,309.67,320.7,0
2024-01-15,P010,41,375.29,395.8,1
2024-01-16,P010,38,288.52,269.77,0
2024-01-17,P010,34,348.91,324.18,0
2024-01-18,P010,55,234.26,212.38,1
2024-01-19,P010,37,316.56,305.64,0
2024-01-20,P010,45,291.48,299.39,0
2024-01-21,P010,49,258.01,279.42,0
2024-01-22,P010,40,297.15,325.84,0
2024-01-23,P010,36,338.08,307.87,0
2024-01-24,P010,36,338.69,359.14,0
2024-01-25,P010,36,335.21,305.75,0
2024-01-26,P010,32,384.97,349.79,0
2024-01-27,P010,51,253.02,277.13,0
2024-01-28,P010,49,249.22,231.41,0
2024-01-29,P010,39,297.93,287.3,0
2024-01-30,P010,37,335.25,319.19,0
2024-01-31,P010,39,304.19,330.0,0
2024-02-01,P010,33,373.74,369.19,0
2024-02-02,P010,38,324.21,330.47,0
2024-02-03,P010,38,401.45,377.41,0
2024-02-04,P010,40,373.76,386.27,0
2024-02-05,P010,33,405.71,439.66,0
2024-02-06,P010,33,365.98,343.09,0
2024-02-07,P010,57,248.91,226.52,1
2024-02-08,P010,34,372.67,348.02,0
2024-02-09,P010,42,234.91,220.3,0
2024-02-10,P010,43,358.12,332.79,0
2024-02-11,P010,50,264.33,258.68,0
2024-02-12,P010,43,245.92,237.54,0
2024-02-13,P010,34,371.74,340.13,0
2024-02-14,P010,34,393.31,378.31,0
2024-02-15,P010,34,386.02,361.53,0
2024-02-16,P010,44,250.5,239.11,0
2024-02-17,P010,39,402.45,434.96,0
2024-02-18,P010,40,405.57,442.13,0
2024-02-19,P010,41,289.34,284.65,0
2024-02-20,P010,36,365.91,334.73,0
2024-02-21,P010,49,327.93,303.16,1
2024-02-22,P010,42,283.27,265.91,0
2024-02-23,P010,34,383.22,405.75,0
2024-02-24,P010,46,323.16,320.89,0
2024-02-25,P010,54,228.07,229.5,0
2024-02-26,P010,33,411.22,449.2,0
2024-02-27,P010,33,393.32,420.88,0
2024-02-28,P010,35,385.82,419.88,0
2024-02-29,P010,39,322.56,313.18,0
2024-03-01,P010,51,306.73,314.0,1
2024-03-02,P010,45,335.52,333.01,0
2024-03-03,P010,53,244.96,226.08,0
2024-03-04,P010,38,347.25,340.21,0
2024-03-05,P010,47,237.96,243.44,0
2024-03-06,P010,41,296.75,278.46,0
2024-03-07,P010,38,348.94,370.78,0
2024-03-08,P010,40,327.55,341.83,0
2024-03-09,P010,41,400.25,394.74,0
2024-03-10,P010,41,401.8,411.57,0
2024-03-11,P010,34,395.17,422.67,0
2024-03-12,P010,44,260.16,268.58,0
2024-03-13,P010,34,386.42,391.79,0
2024-03-14,P010,50,327.09,296.94,1
2024-03-15,P010,45,245.51,233.03,0
2024-03-16,P010,43,370.37,375.76,0
2024-03-17,P010,43,374.59,361.39,0
2024-03-18,P010,34,391.27,407.53,0
2024-03-19,P010,36,395.02,395.59,0
2024-03-20,P010,39,331.17,301.48,0
2024-03-21,P010,38,356.07,388.81,0
2024-03-22,P010,33,409.38,440.63,0
2024-03-23,P010,53,399.98,411.12,1
2024-03-24,P010,47,321.06,295.29,0
2024-03-25,P010,38,357.82,365.63,0
2024-03-26,P010,39,337.72,333.72,0
2024-03-27,P010,42,316.15,311.91,0
2024-03-28,P010,42,281.31,269.35,0
2024-03-29,P010,44,271.7,271.98,0
2024-03-30,P010,52,272.97,266.67,0
2024-03-31,P010,54,246.89,270.61,0
2024-04-01,P010,43,293.79,313.55,0
2024-04-02,P010,42,276.11,272.99,0
2024-04-03,P010,36,385.2,365.79,0
2024-04-04,P010,42,286.25,305.01,0
2024-04-05,P010,43,299.02,292.94,0
2024-04-06,P010,54,258.79,275.28,0
2024-04-07,P010,49,306.87,304.07,0
2024-04-08,P010,34,387.4,373.05,0
2024-04-09,P010,35,379.29,369.63,0
2024-04-10,P010,42,295.85,313.71,0
2024-04-11,P010,45,239.87,245.57,0
2024-04-12,P010,59,233.29,224.27,1
2024-04-13,P010,48,316.99,344.07,0
2024-04-14,P010,44,364.25,328.34,0
2024-04-15,P010,43,277.89,300.44,0
2024-04-16,P010,37,351.2,339.02,0
2024-04-17,P010,42,275.25,272.14,0
2024-04-18,P010,37,350.98,365.62,0
2024-04-19,P010,40,315.42,318.98,0
2024-04-20,P010,48,314.72,341.36,0
2024-04-21,P010,48,325.42,311.92,0
2024-04-22,P010,57,295.32,306.38,1
2024-04-23,P010,45,269.92,278.49,0
2024-04-24,P010,35,377.42,414.53,0
2024-04-25,P010,43,304.9,280.91,0
2024-04-26,P010,35,385.75,360.98,0
2024-04-27,P010,55,229.64,214.02,0
2024-04-28,P010,49,299.5,315.35,0
2024-04-29,P010,35,375.74,399.6,0
2024-04-30,P010,35,389.56,391.58,0
2024-05-01,P010,39,317.67,331.55,0
2024-05-02,P010,43,267.85,247.88,0
2024-05-03,P010,46,249.51,232.79,0
2024-05-04,P010,39,399.15,425.0,0
2024-05-05,P010,51,266.95,289.59,0
2024-05-06,P010,37,355.84,369.41,0
2024-05-07,P010,38,346.55,369.51,0
2024-05-08,P010,36,388.54,421.32,0
2024-05-09,P010,34,406.78,420.14,0
2024-05-10,P010,46,227.86,231.35,0
2024-05-11,P010,49,282.51,265.99,0
2024-05-12,P010,42,374.7,397.51,0
2024-05-13,P010,33,379.87,396.56,0
2024-05-14,P010,33,398.54,407.74,0
2024-05-15,P010,44,385.9,392.23,1
2024-05-16,P010,32,413.2,376.86,0
2024-05-17,P010,45,247.26,261.35,0
2024-05-18,P010,51,264.82,279.66,0
2024-05-19,P010,54,235.67,225.54,0
2024-05-20,P010,35,347.37,382.02,0
2024-05-21,P010,35,356.55,349.82,0
2024-05-22,P010,45,241.04,256.29,0
2024-05-23,P010,42,282.35,309.54,0
2024-05-24,P010,38,311.63,312.85,0
2024-05-25,P010,37,408.1,427.29,0
2024-05-26,P010,44,338.33,338.48,0
2024-05-27,P010,34,367.75,386.21,0
2024-05-28,P010,41,270.19,292.79,0
2024-05-29,P010,36,332.17,320.22,0
2024-05-30,P010,40,289.15,306.0,0
2024-05-31,P010,30,414.28,414.41,0
2024-06-01,P010,51,258.8,236.63,0
2024-06-02,P010,40,391.31,417.08,0
2024-06-03,P010,39,318.04,329.28,0
2024-06-04,P010,44,229.57,212.23,0
2024-06-05,P010,41,257.91,260.26,0
2024-06-06,P010,35,376.28,364.31,0
2024-06-07,P010,31,371.66,359.25,0
2024-06-08,P010,36,413.58,436.08,0
2024-06-09,P010,53,230.28,235.65,0
2024-06-10,P010,38,279.88,276.84,0
2024-06-11,P010,40,267.47,259.28,0
2024-06-12,P010,35,331.69,361.31,0
2024-06-13,P010,43,254.18,258.29,0
2024-06-14,P010,36,322.38,312.96,0
2024-06-15,P010,48,286.5,267.46,0
2024-06-16,P010,37,376.02,381.68,0
2024-06-17,P010,39,278.58,251.86,0
2024-06-18,P010,40,265.07,262.33,0
2024-06-19,P010,35,350.23,338.27,0
2024-06-20,P010,32,387.2,377.77,0
2024-06-21,P010,39,275.4,302.53,0
2024-06-22,P010,43,331.05,348.1,0
2024-06-23,P010,52,227.73,240.61,0
2024-06-24,P010,52,257.03,252.86,1
2024-06-25,P010,36,307.67,326.57,0
2024-06-26,P010,37,284.6,280.76,0
2024-06-27,P010,29,412.81,432.91,0
2024-06-28,P010,31,373.99,390.14,0
2024-06-29,P010,38,367.31,388.1,0
2024-06-30,P010,47,244.61,220.74,0
2024-07-01,P010,30,384.4,418.26,0
2024-07-02,P010,33,375.1,410.2,0
2024-07-03,P010,31,406.67,420.43,0
2024-07-04,P010,30,383.8,405.88,0
2024-07-05,P010,38,256.09,272.4,0
2024-07-06,P010,35,383.66,383.3,0
2024-07-07,P010,39,339.06,308.56,0
2024-07-08,P010,35,320.0,346.48,0
2024-07-09,P010,30,379.73,390.13,0
2024-07-10,P010,29,388.27,401.08,0
2024-07-11,P010,34,308.83,328.35,0
2024-07-12,P010,27,416.74,430.09,0
2024-07-13,P010,39,347.59,323.35,0
2024-07-14,P010,33,397.85,373.04,0
2024-07-15,P010,36,327.66,316.35,0
2024-07-16,P010,29,395.85,391.44,0
2024-07-17,P010,30,362.21,371.09,0
2024-07-18,P010,33,333.21,359.77,0
2024-07-19,P010,30,397.27,374.89,0
2024-07-20,P010,45,270.35,266.6,0
2024-07-21,P010,43,244.96,234.85,0
2024-07-22,P010,36,287.64,270.8,0
2024-07-23,P010,34,306.2,283.17,0
2024-07-24,P010,26,410.34,376.68,0
2024-07-25,P010,28,409.41,443.17,0
2024-07-26,P010,38,253.37,236.97,0
2024-07-27,P010,42,275.28,279.44,0
2024-07-28,P010,44,231.83,226.37,0
2024-07-29,P010,35,274.16,275.13,0
2024-07-30,P010,33,308.95,300.81,0
2024-07-31,P010,27,378.66,414.56,0
2024-08-01,P010,26,407.94,419.52,0
2024-08-02,P010,37,229.95,224.81,0
2024-08-03,P010,44,257.16,258.37,0
2024-08-04,P010,35,370.82,348.18,0
2024-08-05,P010,36,239.22,246.13,0
2024-08-06,P010,29,391.15,386.65,0
2024-08-07,P010,28,417.33,380.57,0
2024-08-08,P010,30,348.05,367.52,0
2024-08-09,P010,33,274.23,268.38,0
2024-08-10,P010,32,410.83,387.99,0
2024-08-11,P010,40,308.88,325.81,0
2024-08-12,P010,37,385.56,354.33,1
2024-08-13,P010,35,230.86,233.11,0
2024-08-14,P010,34,269.9,269.79,0
2024-08-15,P010,27,380.86,393.35,0
2024-08-16,P010,27,367.96,375.38,0
2024-08-17,P010,40,265.18,281.91,0
2024-08-18,P010,37,327.82,357.0,0
2024-08-19,P010,34,242.29,223.36,0
2024-08-20,P010,26,390.08,395.5,0
2024-08-21,P010,28,324.79,351.63,0
2024-08-22,P010,27,375.5,344.28,0
2024-08-23,P010,26,411.76,370.92,0
2024-08-24,P010,33,376.94,357.41,0
2024-08-25,P010,53,270.26,269.81,1
2024-08-26,P010,33,259.52,250.34,0
2024-08-27,P010,32,315.86,318.55,0
2024-08-28,P010,35,253.9,242.63,0
2024-08-29,P010,34,261.36,274.98,0
2024-08-30,P010,34,261.97,248.33,0
2024-08-31,P010,40,259.7,284.71,0
2024-09-01,P010,51,282.99,259.14,1
2024-09-02,P010,29,368.7,397.61,0
2024-09-03,P010,33,257.99,271.09,0
2024-09-04,P010,29,364.88,330.33,0
2024-09-05,P010,44,261.04,252.79,1
2024-09-06,P010,28,348.38,314.38,0
2024-09-07,P010,35,364.34,393.83,0
2024-09-08,P010,41,254.78,242.63,0
2024-09-09,P010,25,419.56,438.45,0
2024-09-10,P010,27,358.88,339.32,0
2024-09-11,P010,32,268.1,276.76,0
2024-09-12,P010,30,321.92,314.62,0
2024-09-13,P010,32,284.61,288.1,0
2024-09-14,P010,30,410.54,423.17,0
2024-09-15,P010,31,412.21,441.53,0
2024-09-16,P010,31,279.04,273.95,0
2024-09-17,P010,27,367.22,338.61,0
2024-09-18,P010,25,403.79,385.73,0
2024-09-19,P010,28,338.04,331.55,0
2024-09-20,P010,29,320.86,288.78,0
2024-09-21,P010,32,398.78,375.51,0
2024-09-22,P010,31,344.2,346.76,0
2024-09-23,P010,34,258.23,248.74,0
2024-09-24,P010,39,292.86,271.3,1
2024-09-25,P010,38,338.02,354.34,1
2024-09-26,P010,27,339.8,324.58,0
2024-09-27,P010,30,325.04,342.36,0
2024-09-28,P010,35,322.01,351.99,0
2024-09-29,P010,34,332.44,335.35,0
2024-09-30,P010,25,393.3,422.15,0
2024-10-01,P010,30,343.66,361.68,0
2024-10-02,P010,29,306.23,304.78,0
2024-10-03,P010,28,358.42,324.18,0
2024-10-04,P010,34,250.49,268.16,0
2024-10-05,P010,32,388.14,419.64,0
2024-10-06,P010,28,403.22,426.05,0
2024-10-07,P010,32,267.03,288.07,0
2024-10-08,P010,33,255.3,263.59,0
2024-10-09,P010,28,344.76,314.39,0
2024-10-10,P010,29,363.31,354.82,0
2024-10-11,P010,31,288.5,300.66,0
2024-10-12,P010,35,328.48,346.22,0
2024-10-13,P010,34,372.28,394.45,0
2024-10-14,P010,40,299.32,296.76,1
2024-10-15,P010,24,414.4,413.26,0
2024-10-16,P010,35,226.64,244.73,0
