data/synthetic/sales_history.csv
date,product_id,units_sold,price_charged,competitor_price,promo_flag
2024-10-17,P010,33,281.9,269.38,0
2024-10-18,P010,27,353.95,376.71,0
2024-10-19,P010,32,380.12,348.18,0
2024-10-20,P010,38,285.88,259.35,0
2024-10-21,P010,31,323.46,310.44,0
2024-10-22,P010,28,320.61,310.01,0
2024-10-23,P010,34,264.24,281.64,0
2024-10-24,P010,27,396.08,412.28,0
2024-10-25,P010,27,359.75,349.36,0
2024-10-26,P010,41,254.55,239.03,0
2024-10-27,P010,32,376.81,350.56,0
2024-10-28,P010,26,357.89,374.23,0
2024-10-29,P010,31,296.54,307.92,0
2024-10-30,P010,28,367.99,402.48,0
2024-10-31,P010,33,271.44,250.97,0
2024-11-01,P010,33,259.29,250.69,0
2024-11-02,P010,38,306.68,302.87,0
2024-11-03,P010,37,325.4,353.55,0
2024-11-04,P010,33,299.75,274.3,0
2024-11-05,P010,29,346.89,329.39,0
2024-11-06,P010,25,401.62,411.78,0
2024-11-07,P010,33,251.92,248.76,0
2024-11-08,P010,35,265.99,287.97,0
2024-11-09,P010,30,394.77,425.97,0
2024-11-10,P010,43,238.56,257.76,0
2024-11-11,P010,33,286.81,310.43,0
2024-11-12,P010,31,304.48,300.07,0
2024-11-13,P010,32,332.42,322.84,0
2024-11-14,P010,29,380.17,359.72,0
2024-11-15,P010,26,414.48,427.76,0
2024-11-16,P010,40,264.62,241.51,0
2024-11-17,P010,37,328.72,332.24,0
2024-11-18,P010,45,263.02,251.71,1
2024-11-19,P010,35,256.54,281.81,0
2024-11-20,P010,32,285.01,287.87,0
2024-11-21,P010,33,301.31,329.13,0
2024-11-22,P010,33,310.33,340.69,0
2024-11-23,P010,43,246.08,262.53,0
2024-11-24,P010,38,300.5,294.56,0
2024-11-25,P010,37,257.18,260.92,0
2024-11-26,P010,31,332.44,363.9,0
2024-11-27,P010,28,364.97,363.58,0
2024-11-28,P010,34,404.1,407.94,1
2024-11-29,P010,36,261.47,275.46,0
2024-11-30,P010,31,414.01,407.51,0
2024-12-01,P010,39,281.72,298.3,0
2024-12-02,P010,32,346.21,316.98,0
2024-12-03,P010,32,293.23,310.96,0
2024-12-04,P010,33,318.95,346.29,0
2024-12-05,P010,27,417.01,413.16,0
2024-12-06,P010,41,336.01,360.31,1
2024-12-07,P010,38,341.21,356.6,0
2024-12-08,P010,44,241.85,256.61,0
2024-12-09,P010,34,325.15,310.49,0
2024-12-10,P010,29,411.22,420.4,0
2024-12-11,P010,29,359.76,326.54,0
2024-12-12,P010,35,282.96,309.03,0
2024-12-13,P010,37,267.78,294.42,0
2024-12-14,P010,36,361.71,391.15,0
2024-12-15,P010,40,332.19,344.21,0
2024-12-16,P010,39,244.76,229.01,0
2024-12-17,P010,31,369.5,334.43,0
2024-12-18,P010,28,406.07,367.89,0
2024-12-19,P010,33,319.97,305.37,0
2024-12-20,P010,34,318.2,322.02,0
2024-12-21,P010,44,271.6,279.57,0
2024-12-22,P010,36,397.92,410.85,0
2024-12-23,P010,39,232.92,227.1,0
2024-12-24,P010,33,324.88,356.25,0
2024-12-25,P010,42,359.18,350.04,1
2024-12-26,P010,39,245.19,244.93,0
2024-12-27,P010,29,375.32,392.3,0
2024-12-28,P010,45,265.41,260.02,0
2024-12-29,P010,37,374.61,367.08,0
2024-12-30,P010,30,388.49,360.91,0
2024-12-31,P010,36,300.03,270.6,0
2023-01-01,P011,53,162.83,171.72,0
2023-01-02,P011,33,201.15,184.6,0
2023-01-03,P011,39,180.39,170.12,0
2023-01-04,P011,48,153.37,149.04,0
2023-01-05,P011,33,205.75,196.68,0
2023-01-06,P011,42,166.94,169.2,0
2023-01-07,P011,58,144.45,146.85,0
2023-01-08,P011,52,163.96,162.0,0
2023-01-09,P011,49,188.03,181.08,1
2023-01-10,P011,62,153.04,157.8,1
2023-01-11,P011,56,120.39,129.18,0
2023-01-12,P011,37,189.94,199.72,0
2023-01-13,P011,48,156.36,163.76,0
2023-01-14,P011,44,194.5,208.48,0
2023-01-15,P011,68,120.51,110.91,0
2023-01-16,P011,44,162.97,162.06,0
2023-01-17,P011,57,119.83,122.28,0
2023-01-18,P011,37,192.13,211.1,0
2023-01-19,P011,44,173.87,184.83,0
2023-01-20,P011,40,174.51,180.87,0
2023-01-21,P011,54,166.96,171.28,0
2023-01-22,P011,63,143.46,153.19,0
2023-01-23,P011,38,183.37,169.38,0
2023-01-24,P011,54,134.2,145.06,0
2023-01-25,P011,49,148.1,149.97,0
2023-01-26,P011,42,177.96,185.45,0
2023-01-27,P011,52,140.16,150.08,0
2023-01-28,P011,58,153.9,139.3,0
2023-01-29,P011,62,185.21,168.64,1
2023-01-30,P011,42,182.04,186.66,0
2023-01-31,P011,50,150.38,159.49,0
2023-02-01,P011,54,138.93,135.89,0
2023-02-02,P011,56,123.78,113.06,0
2023-02-03,P011,40,185.74,200.46,0
2023-02-04,P011,81,149.91,156.22,1
2023-02-05,P011,45,197.26,204.39,0
2023-02-06,P011,52,150.18,154.6,0
2023-02-07,P011,54,135.34,122.84,0
2023-02-08,P011,46,166.8,178.96,0
2023-02-09,P011,80,113.3,117.06,1
2023-02-10,P011,56,127.14,115.87,0
2023-02-11,P011,59,160.19,148.36,0
2023-02-12,P011,66,133.29,134.24,0
2023-02-13,P011,37,201.45,197.42,0
2023-02-14,P011,37,196.15,179.36,0
2023-02-15,P011,47,164.67,161.77,0
2023-02-16,P011,55,144.29,147.28,0
2023-02-17,P011,43,181.13,188.98,0
2023-02-18,P011,47,197.94,214.6,0
2023-02-19,P011,69,177.77,166.51,1
2023-02-20,P011,62,122.62,122.27,0
2023-02-21,P011,61,126.02,126.67,0
2023-02-22,P011,63,114.33,104.22,0
2023-02-23,P011,59,121.64,110.75,0
2023-02-24,P011,45,171.24,176.45,0
2023-02-25,P011,71,127.54,126.48,0
2023-02-26,P011,64,143.99,153.14,0
2023-02-27,P011,59,121.25,120.49,0
2023-02-28,P011,38,192.72,181.86,0
2023-03-01,P011,60,120.65,110.39,0
2023-03-02,P011,53,151.41,142.92,0
2023-03-03,P011,54,145.19,146.94,0
2023-03-04,P011,76,113.43,124.01,0
2023-03-05,P011,67,143.3,136.97,0
2023-03-06,P011,44,182.02,194.12,0
2023-03-07,P011,58,133.8,125.61,0
2023-03-08,P011,44,177.22,189.82,0
2023-03-09,P011,38,202.02,198.45,0
2023-03-10,P011,58,131.6,131.97,0
2023-03-11,P011,58,172.62,169.73,0
2023-03-12,P011,59,160.74,175.29,0
2023-03-13,P011,67,158.37,153.23,1
2023-03-14,P011,41,188.43,171.73,0
2023-03-15,P011,54,142.43,153.01,0
2023-03-16,P011,52,159.94,153.39,0
2023-03-17,P011,46,179.37,184.52,0
2023-03-18,P011,73,126.74,131.06,0
2023-03-19,P011,66,148.08,143.93,0
2023-03-20,P011,48,169.02,164.41,0
2023-03-21,P011,65,119.87,117.65,0
2023-03-22,P011,53,147.99,157.47,0
2023-03-23,P011,85,113.69,123.25,1
2023-03-24,P011,53,150.05,161.72,0
2023-03-25,P011,72,129.77,140.24,0
2023-03-26,P011,70,132.04,120.4,0
2023-03-27,P011,82,119.45,119.69,1
2023-03-28,P011,52,154.16,156.75,0
2023-03-29,P011,41,195.46,212.14,0
2023-03-30,P011,59,131.14,140.0,0
2023-03-31,P011,46,177.2,178.19,0
2023-04-01,P011,73,132.91,137.56,0
2023-04-02,P011,68,136.18,140.87,0
2023-04-03,P011,61,119.44,112.41,0
2023-04-04,P011,59,129.92,132.7,0
2023-04-05,P011,45,180.44,186.23,0
2023-04-06,P011,52,156.02,168.9,0
2023-04-07,P011,45,177.18,167.19,0
2023-04-08,P011,68,140.88,144.06,0
2023-04-09,P011,70,179.81,162.22,1
2023-04-10,P011,42,188.59,182.84,0
2023-04-11,P011,48,171.55,171.41,0
2023-04-12,P011,62,121.8,113.42,0
2023-04-13,P011,60,127.22,135.64,0
2023-04-14,P011,48,169.04,171.37,0
2023-04-15,P011,60,168.05,183.77,0
2023-04-16,P011,71,132.06,121.79,0
2023-04-17,P011,57,145.51,136.16,0
2023-04-18,P011,56,142.37,128.35,0
2023-04-19,P011,58,134.86,121.65,0
2023-04-20,P011,45,178.8,187.15,0
2023-04-21,P011,50,160.08,169.84,0
2023-04-22,P011,55,177.84,179.83,0
2023-04-23,P011,61,153.75,143.89,0
2023-04-24,P011,59,132.09,137.1,0
2023-04-25,P011,49,165.26,171.52,0
2023-04-26,P011,39,204.17,198.43,0
2023-04-27,P011,40,192.05,205.8,0
2023-04-28,P011,51,196.61,196.43,1
2023-04-29,P011,68,135.19,141.23,0
2023-04-30,P011,68,136.5,132.88,0
2023-05-01,P011,62,170.0,173.58,1
2023-05-02,P011,62,118.28,127.03,0
2023-05-03,P011,41,193.32,195.1,0
2023-05-04,P011,39,197.42,196.21,0
2023-05-05,P011,58,131.02,141.78,0
2023-05-06,P011,52,179.53,186.21,0
2023-05-07,P011,60,156.27,143.19,0
2023-05-08,P011,59,124.31,124.5,0
2023-05-09,P011,44,183.72,192.95,0
2023-05-10,P011,59,126.74,132.86,0
2023-05-11,P011,58,125.03,121.83,0
2023-05-12,P011,40,193.57,177.29,0
2023-05-13,P011,68,135.36,128.13,0
2023-05-14,P011,71,133.58,123.49,0
2023-05-15,P011,39,195.38,200.07,0
2023-05-16,P011,47,167.62,158.91,0
2023-05-17,P011,49,159.95,160.23,0
2023-05-18,P011,56,132.39,137.39,0
2023-05-19,P011,52,156.2,171.11,0
2023-05-20,P011,64,142.67,151.86,0
2023-05-21,P011,52,185.9,197.06,0
2023-05-22,P011,59,119.87,108.5,0
2023-05-23,P011,57,131.56,131.01,0
2023-05-24,P011,42,181.39,186.69,0
2023-05-25,P011,46,204.37,208.49,1
2023-05-26,P011,45,176.54,193.34,0
2023-05-27,P011,74,162.58,159.87,1
2023-05-28,P011,48,192.63,193.91,0
2023-05-29,P011,51,149.75,154.4,0
2023-05-30,P011,55,136.54,144.94,0
2023-05-31,P011,44,172.85,184.63,0
2023-06-01,P011,55,138.16,141.54,0
2023-06-02,P011,58,126.89,121.24,0
2023-06-03,P011,64,138.11,150.65,0
2023-06-04,P011,66,132.46,127.29,0
2023-06-05,P011,61,114.29,123.79,0
2023-06-06,P011,54,133.34,127.09,0
2023-06-07,P011,72,131.85,135.72,1
2023-06-08,P011,39,185.55,188.63,0
2023-06-09,P011,54,135.36,142.62,0
2023-06-10,P011,70,117.94,124.13,0
2023-06-11,P011,70,115.22,114.67,0
2023-06-12,P011,38,188.42,195.19,0
2023-06-13,P011,55,125.44,116.0,0
2023-06-14,P011,51,138.2,144.52,0
2023-06-15,P011,53,133.81,129.07,0
2023-06-16,P011,65,150.06,156.35,1
2023-06-17,P011,56,159.98,146.31,0
2023-06-18,P011,67,133.56,140.97,0
2023-06-19,P011,34,195.56,178.35,0
2023-06-20,P011,42,175.69,167.91,0
2023-06-21,P011,74,116.1,104.77,1
2023-06-22,P011,74,121.41,126.25,1
2023-06-23,P011,56,116.92,107.3,0
2023-06-24,P011,48,183.07,183.96,0
2023-06-25,P011,60,140.01,144.57,0
2023-06-26,P011,49,145.63,151.86,0
2023-06-27,P011,43,170.56,175.03,0
2023-06-28,P011,48,150.66,147.34,0
2023-06-29,P011,55,122.23,116.03,0
2023-06-30,P011,37,192.85,196.28,0
2023-07-01,P011,54,156.36,160.76,0
2023-07-02,P011,65,119.4,118.43,0
2023-07-03,P011,33,205.27,206.63,0
2023-07-04,P011,57,115.03,125.55,0
2023-07-05,P011,33,199.07,187.44,0
2023-07-06,P011,52,128.34,128.84,0
2023-07-07,P011,51,130.61,118.01,0
2023-07-08,P011,48,181.57,170.27,0
2023-07-09,P011,42,189.26,170.78,0
2023-07-10,P011,31,204.73,209.32,0
2023-07-11,P011,59,151.04,144.48,1
2023-07-12,P011,41,204.78,223.23,1
2023-07-13,P011,37,180.74,165.27,0
2023-07-14,P011,31,203.26,185.37,0
2023-07-15,P011,54,192.28,173.78,1
2023-07-16,P011,67,111.45,104.85,0
2023-07-17,P011,45,157.8,166.38,0
2023-07-18,P011,44,146.73,136.76,0
2023-07-19,P011,45,186.9,196.78,1
2023-07-20,P011,31,199.64,216.21,0
2023-07-21,P011,50,123.93,135.36,0
2023-07-22,P011,59,131.32,123.37,0
2023-07-23,P011,40,195.34,207.71,0
2023-07-24,P011,39,165.27,153.13,0
2023-07-25,P011,65,127.2,132.44,1
2023-07-26,P011,46,146.32,147.27,0
2023-07-27,P011,32,203.72,190.38,0
2023-07-28,P011,64,122.44,129.39,1
2023-07-29,P011,40,191.08,181.17,0
2023-07-30,P011,39,197.46,189.12,0
2023-07-31,P011,34,188.68,204.32,0
2023-08-01,P011,51,114.98,121.2,0
2023-08-02,P011,48,126.97,128.91,0
2023-08-03,P011,57,141.83,143.97,1
2023-08-04,P011,48,127.08,127.52,0
2023-08-05,P011,44,176.4,181.69,0
2023-08-06,P011,38,196.15,201.28,0
2023-08-07,P011,37,175.02,175.77,0
2023-08-08,P011,35,176.37,182.17,0
2023-08-09,P011,46,134.17,133.0,0
2023-08-10,P011,43,157.59,142.76,0
2023-08-11,P011,29,204.92,213.79,0
2023-08-12,P011,49,151.29,143.1,0
2023-08-13,P011,52,146.97,149.7,0
2023-08-14,P011,37,174.7,164.87,0
2023-08-15,P011,37,171.38,157.71,0
2023-08-16,P011,37,162.94,159.41,0
2023-08-17,P011,33,189.47,176.15,0
2023-08-18,P011,41,152.16,159.01,0
2023-08-19,P011,40,189.44,178.22,0
2023-08-20,P011,56,131.6,120.02,0
2023-08-21,P011,44,141.51,138.64,0
2023-08-22,P011,33,189.65,208.49,0
2023-08-23,P011,43,185.06,191.22,1
2023-08-24,P011,42,148.11,144.01,0
2023-08-25,P011,42,144.21,149.62,0
2023-08-26,P011,47,154.93,144.11,0
2023-08-27,P011,49,154.71,168.67,0
2023-08-28,P011,32,187.04,203.04,0
2023-08-29,P011,46,122.62,116.59,0
2023-08-30,P011,42,135.79,124.38,0
2023-08-31,P011,38,170.66,156.98,0
2023-09-01,P011,34,168.49,153.92,0
2023-09-02,P011,46,171.61,169.25,0
2023-09-03,P011,50,149.93,135.39,0
2023-09-04,P011,48,122.77,116.3,0
2023-09-05,P011,36,175.3,183.74,0
2023-09-06,P011,31,191.94,187.21,0
2023-09-07,P011,41,143.66,142.54,0
2023-09-08,P011,45,129.33,140.03,0
2023-09-09,P011,49,149.62,141.98,0
2023-09-10,P011,34,200.53,195.22,0
2023-09-11,P011,36,174.03,187.85,0
2023-09-12,P011,32,185.74,198.69,0
2023-09-13,P011,47,120.55,129.45,0
2023-09-14,P011,35,175.91,165.42,0
2023-09-15,P011,47,168.79,165.72,1
2023-09-16,P011,54,125.29,137.3,0
2023-09-17,P011,36,196.5,204.04,0
2023-09-18,P011,35,173.12,159.48,0
2023-09-19,P011,30,196.45,213.24,0
2023-09-20,P011,37,163.43,161.72,0
2023-09-21,P011,30,202.85,197.7,0
2023-09-22,P011,34,171.34,178.88,0
2023-09-23,P011,40,170.23,175.13,0
2023-09-24,P011,35,197.19,177.74,0
2023-09-25,P011,46,123.59,125.64,0
2023-09-26,P011,50,154.75,163.8,1
2023-09-27,P011,44,126.16,121.07,0
2023-09-28,P011,38,146.15,133.82,0
2023-09-29,P011,45,129.68,121.45,0
2023-09-30,P011,64,143.81,131.3,1
2023-10-01,P011,58,163.81,174.26,1
2023-10-02,P011,42,137.99,127.97,0
2023-10-03,P011,45,125.7,114.2,0
2023-10-04,P011,45,123.87,123.52,0
2023-10-05,P011,44,130.62,133.56,0
2023-10-06,P011,40,154.85,147.3,0
2023-10-07,P011,42,166.88,167.04,0
2023-10-08,P011,38,190.66,177.26,0
2023-10-09,P011,38,162.68,147.02,0
2023-10-10,P011,33,174.58,160.71,0
2023-10-11,P011,48,117.02,126.26,0
2023-10-12,P011,39,160.25,161.21,0
2023-10-13,P011,44,178.05,168.44,1
2023-10-14,P011,52,133.49,129.1,0
2023-10-15,P011,45,200.52,215.81,1
2023-10-16,P011,37,155.13,155.3,0
2023-10-17,P011,44,123.64,119.97,0
2023-10-18,P011,29,195.19,177.99,0
2023-10-19,P011,30,203.25,190.53,0
2023-10-20,P011,35,173.04,186.26,0
2023-10-21,P011,54,124.12,115.72,0
2023-10-22,P011,72,121.38,125.71,1
2023-10-23,P011,45,131.19,135.18,0
2023-10-24,P011,47,122.21,124.01,0
2023-10-25,P011,39,148.27,161.0,0
2023-10-26,P011,32,181.43,168.14,0
2023-10-27,P011,40,156.1,155.45,0
2023-10-28,P011,52,131.12,135.33,0
2023-10-29,P011,49,142.62,148.33,0
2023-10-30,P011,37,174.33,174.64,0
2023-10-31,P011,33,177.84,166.53,0
2023-11-01,P011,44,134.24,122.51,0
2023-11-02,P011,33,178.47,189.89,0
2023-11-03,P011,35,175.83,174.15,0
2023-11-04,P011,69,134.38,144.73,1
2023-11-05,P011,54,128.77,130.54,0
2023-11-06,P011,28,202.26,211.01,0
2023-11-07,P011,44,189.23,192.66,1
2023-11-08,P011,32,193.72,211.23,0
2023-11-09,P011,39,158.5,161.83,0
2023-11-10,P011,37,168.78,152.82,0
2023-11-11,P011,42,180.56,190.81,0
2023-11-12,P011,43,177.43,192.83,0
2023-11-13,P011,45,132.67,134.77,0
2023-11-14,P011,34,187.3,169.27,0
2023-11-15,P011,36,179.66,189.48,0
2023-11-16,P011,34,179.56,197.29,0
2023-11-17,P011,35,184.11,187.01,0
2023-11-18,P011,38,199.64,192.8,0
2023-11-19,P011,57,134.71,135.04,0
2023-11-20,P011,39,165.77,167.67,0
2023-11-21,P011,39,160.9,158.83,0
2023-11-22,P011,50,116.39,119.71,0
2023-11-23,P011,39,168.59,171.44,0
2023-11-24,P011,39,160.83,161.61,0
2023-11-25,P011,40,185.88,183.35,0
2023-11-26,P011,57,130.25,128.25,0
2023-11-27,P011,48,122.78,127.06,0
2023-11-28,P011,45,130.59,141.86,0
2023-11-29,P011,47,132.56,130.44,0
2023-11-30,P011,32,202.05,194.64,0
2023-12-01,P011,48,121.38,124.48,0
2023-12-02,P011,40,197.92,202.23,0
2023-12-03,P011,51,150.31,153.76,0
2023-12-04,P011,46,135.51,145.38,0
2023-12-05,P011,43,143.97,147.86,0
2023-12-06,P011,63,131.15,138.03,1
2023-12-07,P011,41,154.78,149.68,0
2023-12-08,P011,33,197.37,204.88,0
2023-12-09,P011,44,176.46,191.83,0
2023-12-10,P011,43,180.07,176.15,0
2023-12-11,P011,52,113.8,123.21,0
2023-12-12,P011,53,117.86,125.96,0
2023-12-13,P011,42,163.45,170.81,0
2023-12-14,P011,46,139.63,150.88,0
2023-12-15,P011,52,126.39,121.73,0
2023-12-16,P011,68,158.27,149.11,1
2023-12-17,P011,62,124.57,119.69,0
2023-12-18,P011,41,156.84,161.96,0
2023-12-19,P011,46,151.5,165.02,0
2023-12-20,P011,50,135.67,129.74,0
2023-12-21,P011,47,149.99,145.95,0
2023-12-22,P011,49,127.26,119.07,0
2023-12-23,P011,53,153.62,151.22,0
2023-12-24,P011,63,123.35,128.45,0
2023-12-25,P011,32,200.31,183.76,0
2023-12-26,P011,53,122.07,125.07,0
2023-12-27,P011,46,149.21,158.1,0
2023-12-28,P011,39,176.12,159.18,0
2023-12-29,P011,34,199.49,191.67,0
2023-12-30,P011,51,163.36,152.0,0
2023-12-31,P011,58,141.31,144.57,0
2024-01-01,P011,34,203.2,184.31,0
2024-01-02,P011,39,190.7,173.34,0
2024-01-03,P011,34,196.99,195.09,0
2024-01-04,P011,33,205.42,197.41,0
2024-01-05,P011,51,136.47,125.26,0
2024-01-06,P011,59,183.66,199.06,1
2024-01-07,P011,42,199.42,183.35,0
2024-01-08,P011,43,165.23,175.64,0
2024-01-09,P011,45,161.97,154.73,0
2024-01-10,P011,55,170.75,153.93,1
2024-01-11,P011,50,148.5,155.39,0
2024-01-12,P011,38,184.35,193.04,0
2024-01-13,P011,62,138.35,141.04,0
2024-01-14,P011,93,110.94,105.58,1
2024-01-15,P011,35,199.31,186.82,0
2024-01-16,P011,70,124.04,116.81,1
2024-01-17,P011,45,163.48,157.71,0
2024-01-18,P011,59,164.48,159.77,1
2024-01-19,P011,36,197.38,198.7,0
2024-01-20,P011,45,185.19,187.56,0
2024-01-21,P011,65,133.59,134.09,0
2024-01-22,P011,61,112.03,118.32,0
2024-01-23,P011,54,129.69,120.81,0
2024-01-24,P011,47,156.58,149.81,0
2024-01-25,P011,36,205.26,193.8,0
2024-01-26,P011,67,149.7,138.44,1
2024-01-27,P011,50,183.33,178.63,0
2024-01-28,P011,41,204.83,191.36,0
2024-01-29,P011,61,111.01,114.27,0
2024-01-30,P011,59,119.01,119.97,0
2024-01-31,P011,37,197.3,204.6,0
2024-02-01,P011,42,177.64,188.07,0
2024-02-02,P011,37,198.07,192.62,0
2024-02-03,P011,52,174.69,164.68,0
2024-02-04,P011,65,187.84,182.19,1
2024-02-05,P011,42,182.03,179.79,0
2024-02-06,P011,57,127.19,124.28,0
2024-02-07,P011,37,197.61,199.2,0
2024-02-08,P011,52,143.98,146.68,0
2024-02-09,P011,46,166.19,176.16,0
2024-02-10,P011,68,129.99,124.67,0
2024-02-11,P011,61,151.55,165.61,0
2024-02-12,P011,44,172.93,160.64,0
2024-02-13,P011,57,135.26,128.67,0
2024-02-14,P011,48,166.28,182.53,0
2024-02-15,P011,53,143.49,149.37,0
2024-02-16,P011,59,173.35,168.07,1
2024-02-17,P011,63,145.75,144.45,0
2024-02-18,P011,47,193.02,200.26,0
2024-02-19,P011,42,183.12,196.11,0
2024-02-20,P011,43,181.55,197.38,0
2024-02-21,P011,58,129.22,129.22,0
2024-02-22,P011,37,205.32,186.04,0
2024-02-23,P011,40,193.71,201.37,0
2024-02-24,P011,71,127.09,137.75,0
2024-02-25,P011,62,153.26,166.64,0
2024-02-26,P011,51,154.86,170.15,0
2024-02-27,P011,54,142.59,132.9,0
2024-02-28,P011,64,111.67,112.43,0
2024-02-29,P011,46,170.97,185.41,0
2024-03-01,P011,49,159.6,174.83,0
2024-03-02,P011,75,118.36,123.68,0
2024-03-03,P011,72,173.64,167.14,1
2024-03-04,P011,60,119.85,121.88,0
2024-03-05,P011,39,205.3,186.43,0
2024-03-06,P011,81,124.1,124.43,1
2024-03-07,P011,37,204.49,206.25,0
2024-03-08,P011,50,163.39,169.45,0
2024-03-09,P011,56,176.23,175.8,0
2024-03-10,P011,75,116.91,110.58,0
2024-03-11,P011,48,165.86,160.19,0
2024-03-12,P011,41,188.34,173.65,0
2024-03-13,P011,47,175.75,165.4,0
