data/synthetic/sales_history.csv
date,product_id,units_sold,price_charged,competitor_price,promo_flag
2024-03-14,P011,46,168.81,174.68,0
2024-03-15,P011,82,117.54,107.28,1
2024-03-16,P011,76,168.19,171.35,1
2024-03-17,P011,101,112.05,113.29,1
2024-03-18,P011,39,199.55,206.56,0
2024-03-19,P011,64,113.57,114.81,0
2024-03-20,P011,61,122.95,125.75,0
2024-03-21,P011,42,187.87,178.78,0
2024-03-22,P011,39,202.84,218.56,0
2024-03-23,P011,67,141.12,132.56,0
2024-03-24,P011,73,128.09,117.53,0
2024-03-25,P011,52,192.09,205.48,1
2024-03-26,P011,43,187.14,172.2,0
2024-03-27,P011,48,172.08,179.76,0
2024-03-28,P011,61,126.97,122.27,0
2024-03-29,P011,41,191.09,172.86,0
2024-03-30,P011,50,192.57,187.84,0
2024-03-31,P011,66,142.18,138.72,0
2024-04-01,P011,48,164.69,150.82,0
2024-04-02,P011,38,203.19,191.86,0
2024-04-03,P011,65,115.57,106.31,0
2024-04-04,P011,56,141.66,139.83,0
2024-04-05,P011,51,160.72,166.99,0
2024-04-06,P011,72,128.04,122.31,0
2024-04-07,P011,48,199.73,204.74,0
2024-04-08,P011,53,156.83,145.99,0
2024-04-09,P011,42,193.05,210.79,0
2024-04-10,P011,50,164.75,160.63,0
2024-04-11,P011,38,205.22,212.63,0
2024-04-12,P011,53,151.16,139.42,0
2024-04-13,P011,54,186.5,188.9,0
2024-04-14,P011,52,186.5,196.45,0
2024-04-15,P011,36,204.79,220.53,0
2024-04-16,P011,42,193.01,180.24,0
2024-04-17,P011,59,129.69,119.58,0
2024-04-18,P011,54,192.36,206.99,1
2024-04-19,P011,52,150.61,152.0,0
2024-04-20,P011,93,126.69,124.41,1
2024-04-21,P011,58,166.97,159.76,0
2024-04-22,P011,41,191.26,187.21,0
2024-04-23,P011,38,197.97,204.26,0
2024-04-24,P011,63,114.73,122.48,0
2024-04-25,P011,71,140.78,137.3,1
2024-04-26,P011,72,142.16,131.62,1
2024-04-27,P011,60,157.48,171.09,0
2024-04-28,P011,96,120.44,126.97,1
2024-04-29,P011,47,171.8,178.66,0
2024-04-30,P011,51,155.75,156.19,0
2024-05-01,P011,46,176.94,177.67,0
2024-05-02,P011,58,128.86,127.12,0
2024-05-03,P011,47,168.78,155.9,0
2024-05-04,P011,56,170.79,161.3,0
2024-05-05,P011,48,195.73,203.24,0
2024-05-06,P011,63,120.88,122.68,0
2024-05-07,P011,46,169.65,171.93,0
2024-05-08,P011,43,186.71,205.05,0
2024-05-09,P011,52,147.92,156.53,0
2024-05-10,P011,57,134.25,121.52,0
2024-05-11,P011,69,131.53,131.08,0
2024-05-12,P011,62,149.05,136.25,0
2024-05-13,P011,54,145.96,146.67,0
2024-05-14,P011,49,164.27,155.92,0
2024-05-15,P011,44,183.52,168.39,0
2024-05-16,P011,57,129.72,129.55,0
2024-05-17,P011,55,141.96,142.16,0
2024-05-18,P011,65,143.81,147.78,0
2024-05-19,P011,57,164.64,166.92,0
2024-05-20,P011,49,158.05,169.08,0
2024-05-21,P011,63,111.86,120.12,0
2024-05-22,P011,58,122.28,126.71,0
2024-05-23,P011,47,170.56,159.08,0
2024-05-24,P011,49,159.77,167.38,0
2024-05-25,P011,70,118.59,118.96,0
2024-05-26,P011,71,169.56,170.25,1
2024-05-27,P011,57,128.21,118.15,0
2024-05-28,P011,46,162.34,147.1,0
2024-05-29,P011,46,164.71,167.96,0
2024-05-30,P011,58,124.34,136.23,0
2024-05-31,P011,38,195.3,207.29,0
2024-06-01,P011,66,130.76,133.89,0
2024-06-02,P011,45,191.71,181.43,0
2024-06-03,P011,47,156.45,155.02,0
2024-06-04,P011,57,132.26,145.13,0
2024-06-05,P011,47,156.02,156.46,0
2024-06-06,P011,54,135.13,127.09,0
2024-06-07,P011,54,137.07,124.48,0
2024-06-08,P011,71,114.97,123.84,0
2024-06-09,P011,69,122.9,118.97,0
2024-06-10,P011,43,174.35,174.6,0
2024-06-11,P011,36,196.84,184.71,0
2024-06-12,P011,40,177.64,183.98,0
2024-06-13,P011,46,162.93,171.94,0
2024-06-14,P011,55,133.62,131.72,0
2024-06-15,P011,68,125.28,130.08,0
2024-06-16,P011,49,178.28,171.46,0
2024-06-17,P011,43,173.8,168.36,0
2024-06-18,P011,56,168.17,176.58,1
2024-06-19,P011,34,197.0,194.24,0
2024-06-20,P011,49,141.63,145.99,0
2024-06-21,P011,35,199.5,215.37,0
2024-06-22,P011,66,120.38,120.23,0
2024-06-23,P011,57,193.09,174.74,1
2024-06-24,P011,56,120.91,123.01,0
2024-06-25,P011,55,122.64,128.79,0
2024-06-26,P011,47,190.96,175.9,1
2024-06-27,P011,53,129.7,137.64,0
2024-06-28,P011,34,204.92,219.86,0
2024-06-29,P011,54,160.33,164.77,0
2024-06-30,P011,57,142.73,150.46,0
2024-07-01,P011,56,119.68,109.78,0
2024-07-02,P011,44,160.07,149.17,0
2024-07-03,P011,46,195.9,183.55,1
2024-07-04,P011,50,139.61,139.52,0
2024-07-05,P011,41,166.83,154.43,0
2024-07-06,P011,54,156.73,146.0,0
2024-07-07,P011,49,176.79,161.35,0
2024-07-08,P011,33,202.54,182.29,0
2024-07-09,P011,62,141.79,129.97,1
2024-07-10,P011,54,118.15,120.08,0
2024-07-11,P011,36,196.01,189.97,0
2024-07-12,P011,56,112.65,101.87,0
2024-07-13,P011,41,195.28,212.81,0
2024-07-14,P011,55,145.3,152.11,0
2024-07-15,P011,45,144.21,153.47,0
2024-07-16,P011,48,135.33,129.46,0
2024-07-17,P011,30,205.8,225.97,0
2024-07-18,P011,44,145.96,142.05,0
2024-07-19,P011,34,189.52,186.61,0
2024-07-20,P011,58,177.45,161.24,1
2024-07-21,P011,70,146.4,150.92,1
2024-07-22,P011,46,138.42,141.37,0
2024-07-23,P011,54,158.79,148.33,1
2024-07-24,P011,51,116.25,119.02,0
2024-07-25,P011,38,174.8,191.65,0
2024-07-26,P011,50,117.94,117.71,0
2024-07-27,P011,43,180.53,167.68,0
2024-07-28,P011,51,157.74,144.22,0
2024-07-29,P011,38,160.48,150.73,0
2024-07-30,P011,44,145.2,135.96,0
2024-07-31,P011,36,180.75,172.78,0
2024-08-01,P011,36,173.3,174.7,0
2024-08-02,P011,42,151.11,160.82,0
2024-08-03,P011,58,180.2,181.66,1
2024-08-04,P011,39,194.21,177.45,0
2024-08-05,P011,41,164.65,159.88,0
2024-08-06,P011,41,162.19,167.82,0
2024-08-07,P011,38,175.42,161.71,0
2024-08-08,P011,46,129.09,135.88,0
2024-08-09,P011,50,122.74,115.17,0
2024-08-10,P011,45,163.94,160.93,0
2024-08-11,P011,61,114.19,103.62,0
2024-08-12,P011,50,119.89,114.14,0
2024-08-13,P011,50,114.09,118.85,0
2024-08-14,P011,42,192.15,179.04,1
2024-08-15,P011,47,120.97,124.55,0
2024-08-16,P011,30,202.81,190.85,0
2024-08-17,P011,75,122.07,127.01,1
2024-08-18,P011,52,146.16,141.29,0
2024-08-19,P011,37,165.28,158.65,0
2024-08-20,P011,34,185.35,167.67,0
2024-08-21,P011,31,186.1,190.58,0
2024-08-22,P011,45,129.14,131.12,0
2024-08-23,P011,37,162.97,155.6,0
2024-08-24,P011,44,176.82,179.88,0
2024-08-25,P011,58,112.72,106.2,0
2024-08-26,P011,50,116.74,108.8,0
2024-08-27,P011,43,142.51,137.66,0
2024-08-28,P011,32,188.77,199.45,0
2024-08-29,P011,30,189.7,196.02,0
2024-08-30,P011,44,139.33,145.03,0
2024-08-31,P011,58,117.27,106.56,0
2024-09-01,P011,42,176.95,170.03,0
2024-09-02,P011,36,175.27,182.7,0
2024-09-03,P011,35,175.05,158.93,0
2024-09-04,P011,30,197.2,183.81,0
2024-09-05,P011,34,177.13,188.84,0
2024-09-06,P011,43,142.42,150.8,0
2024-09-07,P011,58,117.5,117.3,0
2024-09-08,P011,42,176.16,191.07,0
2024-09-09,P011,33,180.61,181.63,0
2024-09-10,P011,44,135.93,149.13,0
2024-09-11,P011,46,116.11,113.47,0
2024-09-12,P011,28,198.08,192.85,0
2024-09-13,P011,30,198.01,198.87,0
2024-09-14,P011,50,140.46,139.04,0
2024-09-15,P011,61,151.2,141.72,1
2024-09-16,P011,40,142.8,146.35,0
2024-09-17,P011,40,147.6,137.68,0
2024-09-18,P011,38,148.14,154.86,0
2024-09-19,P011,43,131.53,139.91,0
2024-09-20,P011,34,170.13,185.7,0
2024-09-21,P011,36,196.83,197.44,0
2024-09-22,P011,52,123.61,114.33,0
2024-09-23,P011,47,115.32,105.86,0
2024-09-24,P011,30,194.26,212.08,0
2024-09-25,P011,42,135.75,135.82,0
2024-09-26,P011,33,175.72,175.87,0
2024-09-27,P011,28,201.24,194.58,0
2024-09-28,P011,48,146.75,152.88,0
2024-09-29,P011,36,199.19,209.18,0
2024-09-30,P011,42,141.37,148.63,0
2024-10-01,P011,34,185.42,195.05,0
2024-10-02,P011,33,188.51,182.37,0
2024-10-03,P011,31,187.04,195.16,0
2024-10-04,P011,45,128.59,118.12,0
2024-10-05,P011,44,165.47,177.41,0
2024-10-06,P011,38,191.02,205.36,0
2024-10-07,P011,32,183.93,176.71,0
2024-10-08,P011,43,133.91,140.4,0
2024-10-09,P011,45,125.47,130.64,0
2024-10-10,P011,30,194.05,180.05,0
2024-10-11,P011,39,148.78,136.65,0
2024-10-12,P011,42,164.7,160.85,0
2024-10-13,P011,58,115.28,122.99,0
2024-10-14,P011,39,157.01,171.73,0
2024-10-15,P011,27,197.73,178.08,0
2024-10-16,P011,35,178.43,180.75,0
2024-10-17,P011,28,199.96,211.83,0
2024-10-18,P011,41,185.58,174.87,1
2024-10-19,P011,50,183.54,183.61,1
2024-10-20,P011,35,199.35,199.61,0
2024-10-21,P011,32,185.82,179.79,0
2024-10-22,P011,46,172.32,186.67,1
2024-10-23,P011,44,127.67,127.58,0
2024-10-24,P011,37,162.22,176.63,0
2024-10-25,P011,53,150.07,144.71,1
2024-10-26,P011,42,174.93,183.93,0
2024-10-27,P011,66,142.28,138.21,1
2024-10-28,P011,42,136.19,149.09,0
2024-10-29,P011,38,158.59,172.53,0
2024-10-30,P011,33,186.36,197.87,0
2024-10-31,P011,44,147.91,156.48,0
2024-11-01,P011,31,191.55,175.38,0
2024-11-02,P011,36,196.78,184.45,0
2024-11-03,P011,39,188.64,190.47,0
2024-11-04,P011,32,188.52,205.34,0
2024-11-05,P011,46,139.06,130.88,0
2024-11-06,P011,31,196.12,188.28,0
2024-11-07,P011,37,164.83,168.66,0
2024-11-08,P011,40,150.53,154.48,0
2024-11-09,P011,48,149.57,137.52,0
2024-11-10,P011,34,200.9,198.76,0
2024-11-11,P011,45,131.45,120.94,0
2024-11-12,P011,61,124.99,122.99,1
2024-11-13,P011,36,170.16,174.55,0
2024-11-14,P011,50,110.88,114.53,0
2024-11-15,P011,47,126.83,134.87,0
2024-11-16,P011,57,126.2,128.59,0
2024-11-17,P011,44,164.05,150.99,0
2024-11-18,P011,43,150.94,139.22,0
2024-11-19,P011,48,129.9,123.47,0
2024-11-20,P011,52,157.26,145.5,1
2024-11-21,P011,43,152.62,142.32,0
2024-11-22,P011,35,182.25,189.3,0
2024-11-23,P011,55,132.55,121.31,0
2024-11-24,P011,47,164.4,172.74,0
2024-11-25,P011,44,142.16,141.83,0
2024-11-26,P011,31,199.13,185.47,0
2024-11-27,P011,36,178.24,183.68,0
2024-11-28,P011,32,193.76,179.51,0
2024-11-29,P011,31,199.54,196.61,0
2024-11-30,P011,49,197.35,189.32,1
2024-12-01,P011,61,167.62,179.19,1
2024-12-02,P011,44,147.49,153.2,0
2024-12-03,P011,36,180.78,172.61,0
2024-12-04,P011,52,113.43,122.52,0
2024-12-05,P011,31,201.48,210.96,0
2024-12-06,P011,48,179.92,190.79,1
2024-12-07,P011,49,164.0,169.96,0
2024-12-08,P011,42,184.96,195.87,0
2024-12-09,P011,43,153.99,164.06,0
2024-12-10,P011,56,152.46,159.9,1
2024-12-11,P011,40,165.5,162.34,0
2024-12-12,P011,41,157.63,153.79,0
2024-12-13,P011,62,138.66,135.57,1
2024-12-14,P011,51,158.44,154.81,0
2024-12-15,P011,56,138.05,151.81,0
2024-12-16,P011,52,117.86,125.86,0
2024-12-17,P011,34,197.74,193.84,0
2024-12-18,P011,35,189.12,182.16,0
2024-12-19,P011,46,143.34,140.4,0
2024-12-20,P011,48,146.31,138.87,0
2024-12-21,P011,65,112.63,112.4,0
2024-12-22,P011,52,153.47,165.06,0
2024-12-23,P011,51,127.34,115.12,0
2024-12-24,P011,43,153.4,157.93,0
2024-12-25,P011,42,166.27,158.46,0
2024-12-26,P011,71,117.41,125.44,1
2024-12-27,P011,51,135.56,139.7,0
2024-12-28,P011,65,122.15,130.1,0
2024-12-29,P011,57,141.36,149.81,0
2024-12-30,P011,41,175.27,175.59,0
2024-12-31,P011,41,172.47,172.32,0
2023-01-01,P012,42,306.52,300.4,0
2023-01-02,P012,26,350.0,363.49,0
2023-01-03,P012,27,352.54,366.96,0
2023-01-04,P012,40,285.05,260.04,0
2023-01-05,P012,50,223.92,219.33,0
2023-01-06,P012,23,374.38,347.59,0
2023-01-07,P012,60,238.54,232.7,0
2023-01-08,P012,58,244.21,248.19,0
2023-01-09,P012,45,258.62,273.05,0
2023-01-10,P012,28,344.59,373.43,0
2023-01-11,P012,33,325.56,309.09,0
2023-01-12,P012,36,315.23,313.58,0
2023-01-13,P012,38,293.06,306.89,0
2023-01-14,P012,41,315.81,301.61,0
2023-01-15,P012,39,322.5,302.83,0
2023-01-16,P012,31,331.85,341.86,0
2023-01-17,P012,23,377.49,354.3,0
2023-01-18,P012,26,368.24,335.24,0
2023-01-19,P012,32,339.68,338.2,0
2023-01-20,P012,32,334.87,319.04,0
2023-01-21,P012,64,232.06,216.3,0
2023-01-22,P012,31,360.73,348.77,0
2023-01-23,P012,25,360.46,358.85,0
2023-01-24,P012,22,383.7,352.9,0
2023-01-25,P012,49,251.84,233.48,0
2023-01-26,P012,40,289.19,267.8,0
2023-01-27,P012,36,315.97,298.93,0
2023-01-28,P012,64,291.97,294.38,1
2023-01-29,P012,41,321.79,307.34,0
2023-01-30,P012,64,256.37,260.46,1
2023-01-31,P012,36,318.37,292.52,0
2023-02-01,P012,28,358.82,388.86,0
2023-02-02,P012,54,236.86,245.7,0
2023-02-03,P012,22,377.76,355.35,0
2023-02-04,P012,33,366.28,384.32,0
2023-02-05,P012,57,267.33,285.33,0
2023-02-06,P012,32,333.93,343.28,0
2023-02-07,P012,51,247.38,248.23,0
2023-02-08,P012,53,297.69,301.81,1
2023-02-09,P012,29,353.87,354.39,0
2023-02-10,P012,37,317.75,340.28,0
2023-02-11,P012,64,248.16,268.76,0
2023-02-12,P012,70,209.76,197.7,0
2023-02-13,P012,50,248.53,253.01,0
2023-02-14,P012,26,364.04,374.01,0
2023-02-15,P012,52,249.79,235.75,0
2023-02-16,P012,48,271.1,286.82,0
2023-02-17,P012,31,338.02,358.52,0
2023-02-18,P012,59,261.5,275.7,0
2023-02-19,P012,43,321.81,298.05,0
2023-02-20,P012,51,249.86,232.76,0
2023-02-21,P012,39,316.4,325.38,0
2023-02-22,P012,32,351.48,380.55,0
2023-02-23,P012,52,247.81,228.98,0
2023-02-24,P012,36,323.02,322.15,0
2023-02-25,P012,38,341.46,366.87,0
2023-02-26,P012,70,221.65,207.86,0
2023-02-27,P012,52,256.08,263.07,0
2023-02-28,P012,29,356.2,355.23,0
2023-03-01,P012,24,379.39,370.38,0
2023-03-02,P012,27,371.82,385.53,0
2023-03-03,P012,38,317.18,295.56,0
2023-03-04,P012,61,263.57,266.62,0
2023-03-05,P012,75,210.17,196.06,0
2023-03-06,P012,59,218.4,233.08,0
2023-03-07,P012,39,316.44,326.45,0
2023-03-08,P012,49,266.21,259.62,0
2023-03-09,P012,56,234.6,237.28,0
2023-03-10,P012,29,363.66,328.45,0
2023-03-11,P012,73,218.82,206.16,0
2023-03-12,P012,69,233.45,216.91,0
2023-03-13,P012,26,376.04,362.69,0
2023-03-14,P012,47,283.76,260.46,0
2023-03-15,P012,24,384.0,390.74,0
2023-03-16,P012,44,296.4,282.02,0
2023-03-17,P012,53,247.1,226.07,0
2023-03-18,P012,49,306.43,332.16,0
2023-03-19,P012,33,369.12,402.67,0
2023-03-20,P012,29,359.6,372.37,0
2023-03-21,P012,54,242.52,254.12,0
2023-03-22,P012,35,333.33,305.3,0
2023-03-23,P012,28,367.77,397.31,0
2023-03-24,P012,55,241.9,236.12,0
2023-03-25,P012,69,230.83,250.63,0
2023-03-26,P012,67,243.88,253.07,0
2023-03-27,P012,23,382.42,389.18,0
2023-03-28,P012,56,238.85,216.42,0
2023-03-29,P012,51,266.36,259.63,0
2023-03-30,P012,33,336.96,304.36,0
2023-03-31,P012,64,209.57,229.94,0
2023-04-01,P012,57,269.81,245.83,0
2023-04-02,P012,67,241.52,255.54,0
2023-04-03,P012,59,228.97,212.25,0
2023-04-04,P012,58,226.86,233.36,0
2023-04-05,P012,43,298.51,301.16,0
2023-04-06,P012,71,241.61,265.46,1
2023-04-07,P012,62,211.69,192.64,0
2023-04-08,P012,60,264.53,263.05,0
2023-04-09,P012,75,210.14,192.44,0
2023-04-10,P012,40,314.79,332.76,0
2023-04-11,P012,28,357.78,331.58,0
2023-04-12,P012,45,287.75,312.06,0
2023-04-13,P012,44,285.0,304.23,0
2023-04-14,P012,44,294.9,308.99,0
2023-04-15,P012,47,317.22,310.02,0
2023-04-16,P012,65,245.41,244.48,0
2023-04-17,P012,24,383.64,374.73,0
2023-04-18,P012,29,358.45,329.4,0
2023-04-19,P012,25,380.0,374.37,0
2023-04-20,P012,65,207.34,218.79,0
2023-04-21,P012,26,374.21,405.28,0
2023-04-22,P012,30,373.71,396.16,0
2023-04-23,P012,55,280.94,304.35,0
2023-04-24,P012,60,214.47,200.6,0
2023-04-25,P012,44,291.62,285.53,0
2023-04-26,P012,43,293.19,280.89,0
2023-04-27,P012,56,237.62,233.82,0
2023-04-28,P012,43,287.06,302.42,0
2023-04-29,P012,71,224.41,227.12,0
2023-04-30,P012,46,317.55,324.88,0
2023-05-01,P012,48,321.49,321.34,1
2023-05-02,P012,26,368.29,349.04,0
2023-05-03,P012,61,219.55,204.86,0
2023-05-04,P012,24,383.03,357.79,0
2023-05-05,P012,45,282.4,308.41,0
2023-05-06,P012,70,223.11,243.18,0
2023-05-07,P012,35,357.01,382.42,0
2023-05-08,P012,37,322.63,353.5,0
2023-05-09,P012,40,300.24,285.87,0
2023-05-10,P012,38,308.67,322.2,0
2023-05-11,P012,51,311.15,318.14,1
2023-05-12,P012,50,261.22,265.73,0
2023-05-13,P012,57,266.9,256.0,0
2023-05-14,P012,58,268.54,282.7,0
2023-05-15,P012,28,358.03,358.43,0
2023-05-16,P012,41,300.27,295.56,0
2023-05-17,P012,32,338.64,332.48,0
2023-05-18,P012,57,226.2,215.28,0
2023-05-19,P012,50,253.84,275.64,0
2023-05-20,P012,43,323.6,339.96,0
2023-05-21,P012,58,255.64,274.59,0
2023-05-22,P012,55,226.31,225.57,0
2023-05-23,P012,41,299.0,324.84,0
2023-05-24,P012,43,281.64,289.48,0
2023-05-25,P012,52,244.36,223.71,0
2023-05-26,P012,22,383.78,399.09,0
2023-05-27,P012,34,352.7,321.95,0
2023-05-28,P012,68,225.64,232.99,0
2023-05-29,P012,42,296.64,315.48,0
2023-05-30,P012,39,303.92,321.59,0
2023-05-31,P012,45,279.21,275.59,0
2023-06-01,P012,28,357.54,373.72,0
2023-06-02,P012,30,340.06,346.28,0
2023-06-03,P012,51,286.43,278.97,0
2023-06-04,P012,35,348.67,316.01,0
2023-06-05,P012,51,248.13,239.16,0
2023-06-06,P012,56,214.28,200.3,0
2023-06-07,P012,48,252.92,266.52,0
2023-06-08,P012,42,280.03,274.72,0
2023-06-09,P012,24,378.41,363.2,0
2023-06-10,P012,52,278.01,272.24,0
2023-06-11,P012,44,303.81,321.65,0
2023-06-12,P012,40,295.02,265.93,0
2023-06-13,P012,35,311.84,283.02,0
2023-06-14,P012,29,350.13,383.48,0
2023-06-15,P012,54,220.53,240.0,0
2023-06-16,P012,34,322.04,347.17,0
2023-06-17,P012,34,346.34,343.64,0
2023-06-18,P012,28,376.28,360.83,0
2023-06-19,P012,41,293.67,275.69,0
2023-06-20,P012,46,253.06,271.22,0
2023-06-21,P012,28,350.86,348.01,0
2023-06-22,P012,31,336.24,328.65,0
2023-06-23,P012,51,224.81,219.9,0
2023-06-24,P012,54,259.7,264.85,0
2023-06-25,P012,52,271.08,293.82,0
2023-06-26,P012,54,223.09,231.47,0
2023-06-27,P012,32,326.22,313.53,0
2023-06-28,P012,50,237.53,226.38,0
2023-06-29,P012,37,295.97,275.71,0
2023-06-30,P012,46,255.22,234.85,0
2023-07-01,P012,27,371.33,352.54,0
2023-07-02,P012,29,367.55,330.93,0
2023-07-03,P012,34,313.48,282.32,0
2023-07-04,P012,48,245.77,266.53,0
2023-07-05,P012,55,209.97,224.17,0
2023-07-06,P012,37,291.67,276.06,0
2023-07-07,P012,33,313.32,332.6,0
2023-07-08,P012,58,234.31,211.14,0
2023-07-09,P012,53,266.68,281.67,0
2023-07-10,P012,31,324.64,332.85,0
2023-07-11,P012,30,325.04,332.61,0
2023-07-12,P012,50,218.58,209.63,0
2023-07-13,P012,50,279.04,291.21,1
2023-07-14,P012,52,290.92,314.43,1
2023-07-15,P012,48,274.41,264.01,0
2023-07-16,P012,29,360.66,348.66,0
2023-07-17,P012,43,251.86,253.45,0
2023-07-18,P012,43,260.81,254.71,0
2023-07-19,P012,26,347.32,352.7,0
2023-07-20,P012,29,342.97,359.83,0
2023-07-21,P012,45,239.82,224.83,0
2023-07-22,P012,61,209.1,195.47,0
2023-07-23,P012,38,350.32,357.91,1
2023-07-24,P012,28,338.18,328.33,0
2023-07-25,P012,37,289.62,281.3,0
2023-07-26,P012,37,283.85,279.46,0
2023-07-27,P012,29,319.13,288.3,0
2023-07-28,P012,33,317.09,341.16,0
2023-07-29,P012,32,343.45,325.31,0
2023-07-30,P012,58,213.08,208.92,0
2023-07-31,P012,41,257.97,238.64,0
2023-08-01,P012,25,349.97,365.01,0
2023-08-02,P012,47,229.92,219.56,0
2023-08-03,P012,25,381.06,384.15,1
2023-08-04,P012,44,241.01,230.83,0
2023-08-05,P012,49,265.03,279.25,0
2023-08-06,P012,53,237.67,253.2,0
2023-08-07,P012,39,267.38,253.91,0
2023-08-08,P012,33,309.81,300.38,0
2023-08-09,P012,25,351.03,348.56,0
