data/synthetic/sales_history.csv
date,product_id,units_sold,price_charged,competitor_price,promo_flag
2023-08-10,P012,47,224.89,229.5,0
2023-08-11,P012,22,373.24,377.66,0
2023-08-12,P012,59,207.94,208.01,0
2023-08-13,P012,52,243.29,233.41,0
2023-08-14,P012,30,328.75,350.03,0
2023-08-15,P012,37,267.4,271.05,0
2023-08-16,P012,25,344.88,336.84,0
2023-08-17,P012,38,279.23,275.5,0
2023-08-18,P012,49,268.83,293.96,1
2023-08-19,P012,30,345.13,331.2,0
2023-08-20,P012,58,214.49,234.38,0
2023-08-21,P012,42,251.95,230.92,0
2023-08-22,P012,21,369.28,336.83,0
2023-08-23,P012,24,341.86,316.36,0
2023-08-24,P012,28,330.33,299.74,0
2023-08-25,P012,39,258.75,236.47,0
2023-08-26,P012,27,362.9,336.15,0
2023-08-27,P012,42,293.69,287.74,0
2023-08-28,P012,39,262.96,284.38,0
2023-08-29,P012,26,339.26,324.5,0
2023-08-30,P012,40,313.47,286.34,1
2023-08-31,P012,45,225.75,228.71,0
2023-09-01,P012,40,245.65,226.81,0
2023-09-02,P012,49,303.72,325.72,1
2023-09-03,P012,32,328.48,353.84,0
2023-09-04,P012,37,273.83,293.13,0
2023-09-05,P012,32,290.53,294.46,0
2023-09-06,P012,44,220.96,239.97,0
2023-09-07,P012,38,255.1,229.74,0
2023-09-08,P012,34,329.79,335.76,1
2023-09-09,P012,37,350.56,323.02,1
2023-09-10,P012,30,338.91,344.29,0
2023-09-11,P012,37,270.48,244.86,0
2023-09-12,P012,31,295.87,302.04,0
2023-09-13,P012,24,336.88,352.48,0
2023-09-14,P012,18,372.24,407.55,0
2023-09-15,P012,19,374.72,394.28,0
2023-09-16,P012,50,236.83,215.3,0
2023-09-17,P012,49,244.99,231.48,0
2023-09-18,P012,26,338.55,314.26,0
2023-09-19,P012,22,352.73,350.5,0
2023-09-20,P012,26,318.15,349.63,0
2023-09-21,P012,29,313.37,307.0,0
2023-09-22,P012,32,296.44,285.94,0
2023-09-23,P012,22,380.23,399.34,0
2023-09-24,P012,41,289.86,261.87,0
2023-09-25,P012,40,303.3,275.44,1
2023-09-26,P012,32,297.78,273.85,0
2023-09-27,P012,53,233.38,245.01,1
2023-09-28,P012,32,298.16,281.36,0
2023-09-29,P012,32,294.54,315.51,0
2023-09-30,P012,47,251.65,236.38,0
2023-10-01,P012,33,318.01,313.71,0
2023-10-02,P012,57,227.43,211.64,1
2023-10-03,P012,30,307.76,291.43,0
2023-10-04,P012,33,285.69,259.73,0
2023-10-05,P012,33,295.6,284.51,0
2023-10-06,P012,43,230.28,209.25,0
2023-10-07,P012,42,321.16,342.46,1
2023-10-08,P012,30,337.41,322.32,0
2023-10-09,P012,25,340.58,314.6,0
2023-10-10,P012,25,329.74,312.51,0
2023-10-11,P012,30,308.49,281.4,0
2023-10-12,P012,41,236.29,221.36,0
2023-10-13,P012,46,214.28,193.11,0
2023-10-14,P012,52,227.85,230.54,0
2023-10-15,P012,21,380.4,353.48,0
2023-10-16,P012,44,234.06,227.64,0
2023-10-17,P012,26,333.56,358.2,0
2023-10-18,P012,41,240.08,237.51,0
2023-10-19,P012,46,214.78,215.87,0
2023-10-20,P012,26,339.76,329.0,0
2023-10-21,P012,32,342.09,373.89,0
2023-10-22,P012,51,290.55,285.81,1
2023-10-23,P012,18,367.61,348.52,0
2023-10-24,P012,61,212.99,222.65,1
2023-10-25,P012,41,248.36,270.72,0
2023-10-26,P012,47,207.73,200.13,0
2023-10-27,P012,24,355.48,380.6,0
2023-10-28,P012,41,285.46,277.41,0
2023-10-29,P012,39,287.73,303.55,0
2023-10-30,P012,22,367.3,351.31,0
2023-10-31,P012,20,378.12,348.17,0
2023-11-01,P012,40,251.56,242.56,0
2023-11-02,P012,39,260.66,256.42,0
2023-11-03,P012,19,377.79,384.1,0
2023-11-04,P012,68,231.5,234.52,1
2023-11-05,P012,57,207.28,225.23,0
2023-11-06,P012,41,248.61,239.93,0
2023-11-07,P012,41,257.08,279.13,0
2023-11-08,P012,19,368.71,339.39,0
2023-11-09,P012,43,234.72,235.76,0
2023-11-10,P012,39,261.55,274.43,0
2023-11-11,P012,25,365.12,371.35,0
2023-11-12,P012,32,335.25,350.65,0
2023-11-13,P012,24,336.02,330.95,0
2023-11-14,P012,32,303.38,312.03,0
2023-11-15,P012,33,346.12,319.48,1
2023-11-16,P012,33,299.7,287.41,0
2023-11-17,P012,31,313.59,296.1,0
2023-11-18,P012,39,305.56,311.82,0
2023-11-19,P012,42,281.16,274.57,0
2023-11-20,P012,42,250.49,237.85,0
2023-11-21,P012,23,345.81,360.27,0
2023-11-22,P012,40,254.72,229.89,0
2023-11-23,P012,39,270.64,295.65,0
2023-11-24,P012,28,329.33,326.66,0
2023-11-25,P012,45,276.93,289.69,0
2023-11-26,P012,48,261.93,259.0,0
2023-11-27,P012,33,304.73,304.88,0
2023-11-28,P012,32,349.42,367.18,1
2023-11-29,P012,48,280.67,303.89,1
2023-11-30,P012,29,321.21,336.01,0
2023-12-01,P012,29,328.64,337.85,0
2023-12-02,P012,50,254.47,236.77,0
2023-12-03,P012,24,382.06,400.88,0
2023-12-04,P012,38,280.52,262.45,0
2023-12-05,P012,21,369.63,394.79,0
2023-12-06,P012,54,261.29,279.86,1
2023-12-07,P012,40,270.11,252.98,0
2023-12-08,P012,47,244.29,221.46,0
2023-12-09,P012,46,280.3,298.82,0
2023-12-10,P012,59,285.76,268.26,1
2023-12-11,P012,37,282.01,281.47,0
2023-12-12,P012,34,295.75,296.69,0
2023-12-13,P012,36,292.39,275.36,0
2023-12-14,P012,19,382.23,387.44,0
2023-12-15,P012,26,352.66,320.13,0
2023-12-16,P012,42,294.9,287.72,0
2023-12-17,P012,24,381.4,398.43,0
2023-12-18,P012,41,260.08,265.85,0
2023-12-19,P012,24,365.91,370.07,0
2023-12-20,P012,30,337.03,350.18,0
2023-12-21,P012,23,351.05,362.25,0
2023-12-22,P012,21,380.34,406.59,0
2023-12-23,P012,53,256.83,253.34,0
2023-12-24,P012,43,307.07,278.03,0
2023-12-25,P012,46,244.05,262.68,0
2023-12-26,P012,51,217.43,228.33,0
2023-12-27,P012,34,306.31,334.16,0
2023-12-28,P012,46,247.37,234.78,0
2023-12-29,P012,38,295.35,270.02,0
2023-12-30,P012,49,275.12,294.97,0
2023-12-31,P012,49,275.4,301.94,0
2024-01-01,P012,24,366.54,374.0,0
2024-01-02,P012,25,352.22,379.39,0
2024-01-03,P012,33,317.64,342.09,0
2024-01-04,P012,39,333.61,358.31,1
2024-01-05,P012,32,326.52,343.31,0
2024-01-06,P012,50,274.74,254.76,0
2024-01-07,P012,44,297.51,306.14,0
2024-01-08,P012,23,364.04,368.31,0
2024-01-09,P012,32,328.92,316.47,0
2024-01-10,P012,45,273.96,263.86,0
2024-01-11,P012,24,369.69,400.17,0
2024-01-12,P012,26,364.18,395.33,0
2024-01-13,P012,59,246.29,257.81,0
2024-01-14,P012,58,253.67,263.55,0
2024-01-15,P012,43,279.64,263.5,0
2024-01-16,P012,51,239.56,249.99,0
2024-01-17,P012,39,304.59,326.21,0
2024-01-18,P012,49,249.33,252.1,0
2024-01-19,P012,27,353.99,325.96,0
2024-01-20,P012,59,248.25,270.37,0
2024-01-21,P012,49,288.98,263.03,0
2024-01-22,P012,33,325.56,331.41,0
2024-01-23,P012,37,309.04,328.35,0
2024-01-24,P012,51,237.97,256.18,0
2024-01-25,P012,53,228.49,248.84,0
2024-01-26,P012,45,265.4,273.8,0
2024-01-27,P012,44,311.37,338.16,0
2024-01-28,P012,61,239.73,249.08,0
2024-01-29,P012,23,378.07,357.2,0
2024-01-30,P012,49,246.25,227.49,0
2024-01-31,P012,36,322.17,349.53,0
2024-02-01,P012,55,232.79,224.4,0
2024-02-02,P012,46,268.07,267.36,0
2024-02-03,P012,44,354.96,387.23,1
2024-02-04,P012,66,229.89,224.79,0
2024-02-05,P012,56,226.46,248.65,0
2024-02-06,P012,35,323.24,316.46,0
2024-02-07,P012,51,250.79,275.05,0
2024-02-08,P012,50,251.87,245.68,0
2024-02-09,P012,50,253.31,260.13,0
2024-02-10,P012,55,271.56,276.4,0
2024-02-11,P012,66,228.6,215.52,0
2024-02-12,P012,32,334.15,339.32,0
2024-02-13,P012,52,245.07,233.84,0
2024-02-14,P012,38,317.16,316.03,0
2024-02-15,P012,44,287.53,304.07,0
2024-02-16,P012,54,241.19,236.82,0
2024-02-17,P012,40,332.89,316.68,0
2024-02-18,P012,58,264.57,269.38,0
2024-02-19,P012,58,225.87,211.36,0
2024-02-20,P012,60,213.31,229.26,0
2024-02-21,P012,37,319.21,342.26,0
2024-02-22,P012,37,312.34,321.9,0
2024-02-23,P012,53,241.19,237.21,0
2024-02-24,P012,36,353.43,335.88,0
2024-02-25,P012,49,296.21,284.48,0
2024-02-26,P012,44,296.75,308.65,0
2024-02-27,P012,43,293.96,278.61,0
2024-02-28,P012,41,297.54,272.66,0
2024-02-29,P012,63,210.14,202.91,0
2024-03-01,P012,57,233.59,248.33,0
2024-03-02,P012,51,291.68,273.08,0
2024-03-03,P012,60,255.0,247.28,0
2024-03-04,P012,56,230.34,249.38,0
2024-03-05,P012,61,212.22,219.0,0
2024-03-06,P012,48,269.99,250.88,0
2024-03-07,P012,24,377.92,406.22,0
2024-03-08,P012,55,305.25,320.48,1
2024-03-09,P012,47,311.21,291.21,0
2024-03-10,P012,35,358.73,376.67,0
2024-03-11,P012,38,308.62,307.07,0
2024-03-12,P012,37,320.69,338.79,0
2024-03-13,P012,60,221.44,224.05,0
2024-03-14,P012,55,244.96,246.88,0
2024-03-15,P012,40,296.12,273.07,0
2024-03-16,P012,85,239.39,220.11,1
2024-03-17,P012,63,249.96,235.51,0
2024-03-18,P012,33,337.4,358.9,0
2024-03-19,P012,51,264.97,271.54,0
2024-03-20,P012,51,259.0,270.07,0
2024-03-21,P012,50,268.07,258.45,0
2024-03-22,P012,41,302.78,300.36,0
2024-03-23,P012,50,345.87,363.9,1
2024-03-24,P012,53,290.7,267.75,0
2024-03-25,P012,54,250.37,246.44,0
2024-03-26,P012,41,306.35,289.71,0
2024-03-27,P012,48,280.07,307.22,0
2024-03-28,P012,30,351.21,329.59,0
2024-03-29,P012,40,309.42,320.49,0
2024-03-30,P012,51,295.53,321.12,0
2024-03-31,P012,64,244.68,231.76,0
2024-04-01,P012,23,383.12,374.48,0
2024-04-02,P012,25,373.78,345.31,0
2024-04-03,P012,29,358.71,325.14,0
2024-04-04,P012,23,378.01,386.89,0
2024-04-05,P012,57,230.52,210.79,0
2024-04-06,P012,37,353.78,330.9,0
2024-04-07,P012,70,217.84,212.08,0
2024-04-08,P012,43,296.73,313.5,0
2024-04-09,P012,60,227.42,207.59,0
2024-04-10,P012,57,235.13,218.26,0
2024-04-11,P012,62,212.44,220.31,0
2024-04-12,P012,28,358.66,364.67,0
2024-04-13,P012,40,341.29,324.62,0
2024-04-14,P012,49,300.56,328.79,0
2024-04-15,P012,26,368.82,364.81,0
2024-04-16,P012,56,231.21,215.88,0
2024-04-17,P012,48,274.62,276.26,0
2024-04-18,P012,58,224.23,241.8,0
2024-04-19,P012,35,370.27,387.53,1
2024-04-20,P012,54,289.7,314.72,0
2024-04-21,P012,67,235.07,233.46,0
2024-04-22,P012,49,262.87,286.62,0
2024-04-23,P012,50,252.82,252.45,0
2024-04-24,P012,26,375.72,342.56,0
2024-04-25,P012,33,376.0,352.5,1
2024-04-26,P012,24,380.77,366.2,0
2024-04-27,P012,53,283.79,269.63,0
2024-04-28,P012,31,378.18,350.76,0
2024-04-29,P012,29,353.18,356.18,0
2024-04-30,P012,23,380.68,368.96,0
2024-05-01,P012,33,337.67,348.42,0
2024-05-02,P012,32,345.01,374.83,0
2024-05-03,P012,57,226.09,207.75,0
2024-05-04,P012,42,334.06,337.09,0
2024-05-05,P012,27,381.86,411.57,0
2024-05-06,P012,34,327.23,352.25,0
2024-05-07,P012,38,310.78,328.76,0
2024-05-08,P012,44,286.74,267.31,0
2024-05-09,P012,31,345.63,359.49,0
2024-05-10,P012,59,222.63,231.42,0
2024-05-11,P012,50,297.61,286.41,0
2024-05-12,P012,44,364.3,384.92,1
2024-05-13,P012,30,351.73,386.19,0
2024-05-14,P012,32,339.76,307.7,0
2024-05-15,P012,42,290.77,313.96,0
2024-05-16,P012,30,339.73,339.31,0
2024-05-17,P012,40,305.76,277.4,0
2024-05-18,P012,82,248.32,251.77,1
2024-05-19,P012,79,254.99,250.15,1
2024-05-20,P012,55,223.98,243.44,0
2024-05-21,P012,32,340.98,325.52,0
2024-05-22,P012,77,208.03,213.95,1
2024-05-23,P012,50,257.85,239.43,0
2024-05-24,P012,33,326.74,303.06,0
2024-05-25,P012,45,309.91,323.89,0
2024-05-26,P012,58,257.3,248.98,0
2024-05-27,P012,42,339.08,349.94,1
2024-05-28,P012,49,254.93,252.16,0
2024-05-29,P012,29,347.04,329.51,0
2024-05-30,P012,39,303.36,283.8,0
2024-05-31,P012,50,244.41,237.9,0
2024-06-01,P012,36,342.0,315.92,0
2024-06-02,P012,60,256.74,257.02,0
2024-06-03,P012,27,361.17,350.38,0
2024-06-04,P012,33,329.95,319.14,0
2024-06-05,P012,35,317.89,290.88,0
2024-06-06,P012,42,281.47,288.12,0
2024-06-07,P012,29,346.87,348.35,0
2024-06-08,P012,44,349.66,333.32,1
2024-06-09,P012,86,219.25,235.75,1
2024-06-10,P012,57,212.76,204.85,0
2024-06-11,P012,31,335.87,360.17,0
2024-06-12,P012,45,316.21,347.14,1
2024-06-13,P012,51,230.83,248.38,0
2024-06-14,P012,47,252.23,244.84,0
2024-06-15,P012,62,232.28,212.23,0
2024-06-16,P012,50,284.13,277.96,0
2024-06-17,P012,50,238.45,228.62,0
2024-06-18,P012,33,327.1,340.36,0
2024-06-19,P012,28,345.3,358.21,0
2024-06-20,P012,68,230.88,231.38,1
2024-06-21,P012,34,315.66,340.15,0
2024-06-22,P012,44,301.3,316.27,0
2024-06-23,P012,59,237.84,228.99,0
2024-06-24,P012,36,304.17,327.36,0
2024-06-25,P012,41,282.53,256.16,0
2024-06-26,P012,52,221.81,230.64,0
2024-06-27,P012,39,293.19,295.81,0
2024-06-28,P012,51,222.7,228.95,0
2024-06-29,P012,35,343.03,322.43,0
2024-06-30,P012,34,341.18,369.28,0
2024-07-01,P012,39,285.33,271.07,0
2024-07-02,P012,53,207.17,213.4,0
2024-07-03,P012,54,214.49,221.6,0
2024-07-04,P012,51,219.95,226.99,0
2024-07-05,P012,22,372.01,389.08,0
2024-07-06,P012,37,325.39,307.59,0
2024-07-07,P012,59,235.87,244.85,0
2024-07-08,P012,23,368.17,343.25,0
2024-07-09,P012,24,351.61,319.51,0
2024-07-10,P012,21,380.84,393.52,0
2024-07-11,P012,22,366.91,368.02,0
2024-07-12,P012,32,314.45,312.72,0
2024-07-13,P012,63,275.64,252.78,1
2024-07-14,P012,37,360.39,327.73,1
2024-07-15,P012,40,274.47,264.19,0
2024-07-16,P012,49,227.01,228.44,0
2024-07-17,P012,22,369.48,385.71,0
2024-07-18,P012,52,212.32,196.69,0
2024-07-19,P012,37,295.54,321.02,0
2024-07-20,P012,62,207.72,196.62,0
2024-07-21,P012,46,284.92,307.25,0
2024-07-22,P012,31,319.97,304.44,0
2024-07-23,P012,26,345.89,317.42,0
2024-07-24,P012,38,279.25,286.79,0
2024-07-25,P012,30,329.27,312.89,0
2024-07-26,P012,24,364.68,387.37,0
2024-07-27,P012,54,235.34,240.36,0
2024-07-28,P012,49,267.71,277.13,0
2024-07-29,P012,34,303.58,286.21,0
2024-07-30,P012,28,335.57,322.21,0
2024-07-31,P012,42,255.26,279.21,0
2024-08-01,P012,34,301.37,317.85,0
2024-08-02,P012,43,252.69,248.86,0
2024-08-03,P012,33,379.13,378.66,1
2024-08-04,P012,36,323.57,325.95,0
2024-08-05,P012,22,366.62,365.61,0
2024-08-06,P012,34,307.44,296.31,0
2024-08-07,P012,36,275.33,301.01,0
2024-08-08,P012,59,226.69,208.31,1
2024-08-09,P012,31,304.35,309.42,0
2024-08-10,P012,32,340.17,313.75,0
2024-08-11,P012,56,222.65,235.01,0
2024-08-12,P012,29,322.3,338.43,0
2024-08-13,P012,31,307.37,312.6,0
2024-08-14,P012,57,244.2,263.02,1
2024-08-15,P012,27,337.63,342.79,0
2024-08-16,P012,27,326.37,351.32,0
2024-08-17,P012,39,301.42,307.11,0
2024-08-18,P012,22,382.57,346.91,0
2024-08-19,P012,37,277.22,301.47,0
2024-08-20,P012,40,258.09,245.46,0
2024-08-21,P012,22,375.21,384.15,0
2024-08-22,P012,55,247.79,237.76,1
2024-08-23,P012,21,362.97,338.7,0
2024-08-24,P012,48,253.87,242.27,0
2024-08-25,P012,46,316.77,332.31,1
2024-08-26,P012,33,340.33,332.11,1
2024-08-27,P012,26,348.4,337.52,0
2024-08-28,P012,40,247.75,233.58,0
2024-08-29,P012,28,314.72,338.9,0
2024-08-30,P012,31,312.57,328.08,0
2024-08-31,P012,44,272.06,277.73,0
2024-09-01,P012,30,336.41,309.89,0
2024-09-02,P012,17,382.14,350.49,0
2024-09-03,P012,43,236.85,230.02,0
2024-09-04,P012,24,343.28,355.37,0
2024-09-05,P012,28,320.23,308.65,0
2024-09-06,P012,38,262.86,242.31,0
2024-09-07,P012,31,336.36,354.13,0
2024-09-08,P012,27,353.35,360.11,0
2024-09-09,P012,21,364.42,335.52,0
2024-09-10,P012,30,350.48,360.39,1
2024-09-11,P012,31,309.94,332.43,0
2024-09-12,P012,42,238.06,223.64,0
2024-09-13,P012,46,209.81,219.09,0
2024-09-14,P012,39,291.34,306.37,0
2024-09-15,P012,38,293.25,309.47,0
2024-09-16,P012,25,341.43,328.29,0
2024-09-17,P012,38,265.23,278.33,0
2024-09-18,P012,28,315.0,298.55,0
2024-09-19,P012,39,237.43,234.82,0
2024-09-20,P012,30,312.32,322.26,0
2024-09-21,P012,34,321.93,348.82,0
2024-09-22,P012,44,262.99,237.59,0
2024-09-23,P012,21,366.44,345.68,0
2024-09-24,P012,21,359.7,328.67,0
2024-09-25,P012,40,253.18,263.85,0
2024-09-26,P012,19,363.26,366.23,0
2024-09-27,P012,47,276.73,289.12,1
2024-09-28,P012,24,367.55,401.66,0
2024-09-29,P012,47,260.17,242.68,0
2024-09-30,P012,45,216.41,232.33,0
2024-10-01,P012,32,301.94,317.34,0
2024-10-02,P012,44,232.76,238.07,0
2024-10-03,P012,33,290.22,315.93,0
2024-10-04,P012,37,269.61,294.79,0
2024-10-05,P012,23,362.18,353.19,0
2024-10-06,P012,30,344.02,349.57,0
2024-10-07,P012,36,278.18,251.64,0
2024-10-08,P012,45,222.89,204.81,0
2024-10-09,P012,41,248.09,240.7,0
2024-10-10,P012,46,210.05,209.35,0
2024-10-11,P012,18,383.73,353.13,0
2024-10-12,P012,50,237.65,248.3,0
2024-10-13,P012,39,295.85,281.12,0
2024-10-14,P012,27,328.07,335.13,0
2024-10-15,P012,21,359.77,365.11,0
2024-10-16,P012,18,377.04,340.44,0
2024-10-17,P012,41,249.56,240.74,0
2024-10-18,P012,39,249.36,256.77,0
2024-10-19,P012,54,215.18,208.97,0
2024-10-20,P012,43,268.53,247.51,0
2024-10-21,P012,36,270.95,275.62,0
2024-10-22,P012,43,235.96,215.65,0
2024-10-23,P012,20,363.04,390.46,0
2024-10-24,P012,33,332.49,349.53,1
2024-10-25,P012,35,327.92,347.86,1
2024-10-26,P012,55,279.57,289.85,1
2024-10-27,P012,50,236.32,238.03,0
2024-10-28,P012,40,250.16,247.78,0
2024-10-29,P012,27,325.43,347.81,0
2024-10-30,P012,33,297.86,319.44,0
2024-10-31,P012,34,324.52,354.95,1
2024-11-01,P012,24,349.01,340.72,0
2024-11-02,P012,52,236.52,218.8,0
2024-11-03,P012,23,375.85,394.29,0
2024-11-04,P012,38,268.43,273.45,0
2024-11-05,P012,19,369.95,389.65,0
2024-11-06,P012,32,302.8,323.98,0
2024-11-07,P012,23,356.12,385.98,0
2024-11-08,P012,45,218.94,218.53,0
2024-11-09,P012,56,288.53,308.0,1
2024-11-10,P012,45,263.43,250.35,0
2024-11-11,P012,28,324.09,299.26,0
2024-11-12,P012,42,240.26,222.33,0
2024-11-13,P012,22,360.09,385.02,0
2024-11-14,P012,39,268.64,243.16,0
2024-11-15,P012,31,309.88,315.92,0
2024-11-16,P012,30,346.7,342.39,0
2024-11-17,P012,35,326.02,356.49,0
2024-11-18,P012,23,364.96,334.68,0
2024-11-19,P012,38,273.84,247.17,0
2024-11-20,P012,45,238.43,244.76,0
2024-11-21,P012,29,324.75,299.02,0
2024-11-22,P012,31,324.88,313.59,0
2024-11-23,P012,37,310.09,305.38,0
2024-11-24,P012,39,306.04,298.34,0
2024-11-25,P012,26,337.57,351.51,0
2024-11-26,P012,20,368.16,389.01,0
2024-11-27,P012,35,295.11,277.02,0
2024-11-28,P012,35,339.52,357.09,1
2024-11-29,P012,34,343.56,363.54,1
2024-11-30,P012,50,258.98,276.28,0
2024-12-01,P012,34,332.64,337.94,0
2024-12-02,P012,48,226.35,217.86,0
2024-12-03,P012,28,337.47,340.88,0
2024-12-04,P012,32,306.18,288.85,0
2024-12-05,P012,26,343.32,327.63,0
2024-12-06,P012,52,207.35,211.49,0
2024-12-07,P012,40,348.68,381.9,1
2024-12-08,P012,26,359.56,358.3,0
2024-12-09,P012,25,356.27,381.45,0
2024-12-10,P012,24,356.99,343.52,0
2024-12-11,P012,54,207.54,218.52,0
2024-12-12,P012,57,256.08,233.15,1
2024-12-13,P012,21,371.49,334.44,0
2024-12-14,P012,25,373.54,386.55,0
2024-12-15,P012,28,365.86,361.33,0
2024-12-16,P012,29,329.58,324.72,0
2024-12-17,P012,44,256.93,254.16,0
2024-12-18,P012,52,207.85,213.35,0
2024-12-19,P012,30,320.0,325.36,0
2024-12-20,P012,43,258.93,244.27,0
2024-12-21,P012,42,305.31,320.51,0
2024-12-22,P012,64,209.12,209.41,0
2024-12-23,P012,39,279.41,303.49,0
2024-12-24,P012,49,222.83,203.7,0
2024-12-25,P012,62,244.86,251.13,1
2024-12-26,P012,53,211.96,224.47,0
2024-12-27,P012,42,268.25,248.84,0
2024-12-28,P012,61,289.44,317.8,1
2024-12-29,P012,63,279.78,260.13,1
2024-12-30,P012,23,368.47,358.55,0
2024-12-31,P012,41,286.44,309.46,0
2023-01-01,P013,19,771.0,769.41,0
2023-01-02,P013,29,529.13,574.34,1
2023-01-03,P013,22,476.55,503.04,0
