data/synthetic/sales_history.csv
date,product_id,units_sold,price_charged,competitor_price,promo_flag
2023-01-04,P013,20,648.17,612.24,0
2023-01-05,P013,20,630.64,607.86,0
2023-01-06,P013,22,468.48,475.05,0
2023-01-07,P013,23,651.91,704.57,0
2023-01-08,P013,22,666.05,680.88,0
2023-01-09,P013,23,548.36,510.97,0
2023-01-10,P013,18,702.14,679.31,0
2023-01-11,P013,20,577.68,606.93,0
2023-01-12,P013,17,678.98,735.86,0
2023-01-13,P013,26,437.32,480.1,0
2023-01-14,P013,23,611.58,654.7,0
2023-01-15,P013,25,642.13,663.04,0
2023-01-16,P013,19,674.42,715.92,0
2023-01-17,P013,22,540.99,578.74,0
2023-01-18,P013,21,659.47,678.66,0
2023-01-19,P013,17,695.88,740.74,0
2023-01-20,P013,23,492.72,528.24,0
2023-01-21,P013,28,515.28,466.74,0
2023-01-22,P013,24,646.35,626.97,0
2023-01-23,P013,26,466.36,441.53,0
2023-01-24,P013,24,501.78,529.58,0
2023-01-25,P013,18,793.34,854.31,0
2023-01-26,P013,22,618.29,632.04,0
2023-01-27,P013,22,542.73,549.73,0
2023-01-28,P013,20,801.92,874.57,0
2023-01-29,P013,21,797.95,755.05,0
2023-01-30,P013,17,766.06,792.81,0
2023-01-31,P013,19,772.73,772.54,0
2023-02-01,P013,21,587.32,618.16,0
2023-02-02,P013,18,722.02,754.63,0
2023-02-03,P013,25,447.9,434.61,0
2023-02-04,P013,38,494.93,532.96,1
2023-02-05,P013,27,800.58,762.36,1
2023-02-06,P013,18,742.58,719.72,0
2023-02-07,P013,22,698.84,748.88,0
2023-02-08,P013,24,608.11,650.14,0
2023-02-09,P013,22,568.38,568.19,0
2023-02-10,P013,20,611.08,648.76,0
2023-02-11,P013,25,643.13,607.72,0
2023-02-12,P013,30,481.48,516.95,0
2023-02-13,P013,26,454.24,410.62,0
2023-02-14,P013,19,624.9,611.62,0
2023-02-15,P013,20,720.76,716.94,0
2023-02-16,P013,32,513.67,549.33,1
2023-02-17,P013,31,560.29,613.58,1
2023-02-18,P013,22,767.0,843.43,0
2023-02-19,P013,29,756.14,824.64,1
2023-02-20,P013,20,759.01,719.65,0
2023-02-21,P013,20,615.08,589.54,0
2023-02-22,P013,18,797.65,816.09,0
2023-02-23,P013,22,589.64,539.52,0
2023-02-24,P013,21,653.55,655.12,0
2023-02-25,P013,27,566.79,617.12,0
2023-02-26,P013,29,542.48,496.02,0
2023-02-27,P013,26,496.34,473.74,0
2023-02-28,P013,22,595.31,646.36,0
2023-03-01,P013,23,543.26,508.31,0
2023-03-02,P013,23,602.82,570.76,0
2023-03-03,P013,19,768.82,784.85,0
2023-03-04,P013,30,457.9,479.2,0
2023-03-05,P013,28,607.55,586.03,0
2023-03-06,P013,23,613.35,584.0,0
2023-03-07,P013,32,508.23,458.32,1
2023-03-08,P013,24,540.49,487.95,0
2023-03-09,P013,24,572.49,562.11,0
2023-03-10,P013,26,744.21,674.14,1
2023-03-11,P013,24,722.26,768.59,0
2023-03-12,P013,27,641.95,611.76,0
2023-03-13,P013,21,672.31,669.19,0
2023-03-14,P013,21,675.27,609.62,0
2023-03-15,P013,20,664.19,655.03,0
2023-03-16,P013,19,791.59,852.41,0
2023-03-17,P013,22,585.98,531.51,0
2023-03-18,P013,29,543.87,591.76,0
2023-03-19,P013,22,789.47,733.2,0
2023-03-20,P013,23,654.6,673.78,0
2023-03-21,P013,24,591.09,624.55,0
2023-03-22,P013,23,619.96,656.12,0
2023-03-23,P013,25,442.84,422.52,0
2023-03-24,P013,27,467.29,438.54,0
2023-03-25,P013,23,801.87,747.81,0
2023-03-26,P013,30,509.18,515.07,0
2023-03-27,P013,23,563.21,598.31,0
2023-03-28,P013,25,593.68,602.27,0
2023-03-29,P013,25,552.64,541.26,0
2023-03-30,P013,33,535.91,548.14,1
2023-03-31,P013,19,783.72,790.46,0
2023-04-01,P013,26,628.6,686.64,0
2023-04-02,P013,26,658.44,625.5,0
2023-04-03,P013,22,691.35,749.86,0
2023-04-04,P013,19,745.86,748.38,0
2023-04-05,P013,21,645.71,606.17,0
2023-04-06,P013,26,518.82,554.02,0
2023-04-07,P013,20,779.93,750.02,0
2023-04-08,P013,24,752.68,718.37,0
2023-04-09,P013,29,533.55,555.35,0
2023-04-10,P013,19,778.25,760.71,0
2023-04-11,P013,21,700.0,742.15,0
2023-04-12,P013,20,713.19,735.97,0
2023-04-13,P013,23,611.05,667.46,0
2023-04-14,P013,21,658.93,679.5,0
2023-04-15,P013,28,550.47,533.53,0
2023-04-16,P013,22,764.96,736.02,0
2023-04-17,P013,26,461.63,466.81,0
2023-04-18,P013,25,497.74,453.88,0
2023-04-19,P013,25,545.14,557.82,0
2023-04-20,P013,25,558.0,541.26,0
2023-04-21,P013,24,558.14,593.83,0
2023-04-22,P013,29,551.78,511.76,0
2023-04-23,P013,24,683.99,640.94,0
2023-04-24,P013,25,451.87,416.49,0
2023-04-25,P013,21,743.14,782.14,0
2023-04-26,P013,21,687.37,636.24,0
2023-04-27,P013,27,456.16,439.6,0
2023-04-28,P013,25,465.63,460.39,0
2023-04-29,P013,30,499.67,486.51,0
2023-04-30,P013,24,684.13,751.28,0
2023-05-01,P013,19,700.39,702.33,0
2023-05-02,P013,28,648.59,594.14,1
2023-05-03,P013,21,674.53,656.25,0
2023-05-04,P013,25,453.97,491.77,0
2023-05-05,P013,32,508.76,472.5,1
2023-05-06,P013,28,665.98,657.45,0
2023-05-07,P013,28,606.91,640.75,0
2023-05-08,P013,25,515.07,483.13,0
2023-05-09,P013,23,542.5,509.04,0
2023-05-10,P013,25,440.99,398.72,0
2023-05-11,P013,19,713.07,755.23,0
2023-05-12,P013,22,586.2,625.76,0
2023-05-13,P013,23,784.43,743.06,0
2023-05-14,P013,24,688.37,684.93,0
2023-05-15,P013,26,469.61,438.91,0
2023-05-16,P013,27,456.25,494.22,0
2023-05-17,P013,22,634.78,604.39,0
2023-05-18,P013,25,455.47,477.09,0
2023-05-19,P013,26,438.82,437.78,0
2023-05-20,P013,26,554.37,588.28,0
2023-05-21,P013,27,599.39,539.87,0
2023-05-22,P013,19,784.2,833.83,0
2023-05-23,P013,31,493.69,491.12,1
2023-05-24,P013,26,448.31,424.74,0
2023-05-25,P013,24,476.88,477.56,0
2023-05-26,P013,22,632.85,657.63,0
2023-05-27,P013,23,747.42,706.0,0
2023-05-28,P013,25,645.02,637.32,0
2023-05-29,P013,17,789.88,832.39,0
2023-05-30,P013,17,700.26,703.98,0
2023-05-31,P013,22,542.45,586.34,0
2023-06-01,P013,18,728.44,665.95,0
2023-06-02,P013,21,687.11,669.85,0
2023-06-03,P013,21,756.71,772.1,0
2023-06-04,P013,24,690.51,699.92,0
2023-06-05,P013,20,624.32,657.78,0
2023-06-06,P013,24,440.32,464.88,0
2023-06-07,P013,20,629.06,625.93,0
2023-06-08,P013,25,509.23,468.41,0
2023-06-09,P013,19,648.37,637.95,0
2023-06-10,P013,25,639.45,691.62,0
2023-06-11,P013,28,484.87,440.22,0
2023-06-12,P013,19,677.1,695.99,0
2023-06-13,P013,23,575.74,537.16,0
2023-06-14,P013,22,519.39,520.67,0
2023-06-15,P013,22,585.58,634.43,0
2023-06-16,P013,23,518.82,498.29,0
2023-06-17,P013,27,493.58,488.62,0
2023-06-18,P013,22,731.53,733.43,0
2023-06-19,P013,32,477.86,498.81,1
2023-06-20,P013,18,673.1,621.83,0
2023-06-21,P013,22,546.43,496.94,0
2023-06-22,P013,24,449.06,461.94,0
2023-06-23,P013,20,636.96,697.41,0
2023-06-24,P013,22,667.73,660.94,0
2023-06-25,P013,21,740.77,744.88,0
2023-06-26,P013,18,620.79,673.06,0
2023-06-27,P013,21,542.09,545.44,0
2023-06-28,P013,15,795.88,801.49,0
2023-06-29,P013,27,599.7,637.83,1
2023-06-30,P013,22,496.14,526.23,0
2023-07-01,P013,22,745.81,736.99,0
2023-07-02,P013,24,671.74,703.66,0
2023-07-03,P013,21,479.0,511.69,0
2023-07-04,P013,18,685.97,679.22,0
2023-07-05,P013,18,740.23,677.58,0
2023-07-06,P013,19,622.51,648.25,0
2023-07-07,P013,21,510.45,540.5,0
2023-07-08,P013,29,616.72,615.84,1
2023-07-09,P013,24,593.44,551.75,0
2023-07-10,P013,18,594.68,642.71,0
2023-07-11,P013,15,803.16,773.35,0
2023-07-12,P013,20,554.93,570.97,0
2023-07-13,P013,20,617.68,586.96,0
2023-07-14,P013,18,724.7,775.06,0
2023-07-15,P013,23,655.66,668.82,0
2023-07-16,P013,23,626.98,608.96,0
2023-07-17,P013,16,761.33,767.03,0
2023-07-18,P013,17,639.45,658.88,0
2023-07-19,P013,19,621.26,640.83,0
2023-07-20,P013,16,752.16,718.47,0
2023-07-21,P013,22,670.02,711.86,1
2023-07-22,P013,28,434.31,442.55,0
2023-07-23,P013,24,661.29,617.28,0
2023-07-24,P013,18,687.75,665.16,0
2023-07-25,P013,18,601.3,615.92,0
2023-07-26,P013,14,744.79,742.32,0
2023-07-27,P013,21,553.44,536.47,0
2023-07-28,P013,19,587.27,594.65,0
2023-07-29,P013,23,542.59,526.6,0
2023-07-30,P013,25,451.33,458.87,0
2023-07-31,P013,19,498.72,511.73,0
2023-08-01,P013,15,749.25,769.23,0
2023-08-02,P013,18,634.9,587.01,0
2023-08-03,P013,21,468.64,430.98,0
2023-08-04,P013,18,530.14,576.27,0
2023-08-05,P013,19,750.7,821.51,0
2023-08-06,P013,25,449.16,485.28,0
2023-08-07,P013,18,629.49,665.73,0
2023-08-08,P013,21,452.43,497.42,0
2023-08-09,P013,15,759.83,730.96,0
2023-08-10,P013,20,576.88,558.55,0
2023-08-11,P013,19,488.28,512.41,0
2023-08-12,P013,28,603.51,624.43,1
2023-08-13,P013,24,621.1,639.54,0
2023-08-14,P013,17,755.62,772.83,0
2023-08-15,P013,18,630.69,589.31,0
2023-08-16,P013,18,558.07,547.59,0
2023-08-17,P013,17,715.42,644.67,0
2023-08-18,P013,14,685.6,663.73,0
2023-08-19,P013,23,497.59,481.1,0
2023-08-20,P013,30,578.77,573.4,1
2023-08-21,P013,15,729.17,749.55,0
2023-08-22,P013,19,503.8,548.71,0
2023-08-23,P013,15,762.7,699.36,0
2023-08-24,P013,15,646.62,618.04,0
2023-08-25,P013,20,706.86,746.53,1
2023-08-26,P013,20,629.77,573.94,0
2023-08-27,P013,20,632.43,605.13,0
2023-08-28,P013,19,538.59,519.79,0
2023-08-29,P013,20,757.01,771.85,1
2023-08-30,P013,15,748.63,717.34,0
2023-08-31,P013,14,577.39,585.21,0
2023-09-01,P013,13,785.17,707.75,0
2023-09-02,P013,18,749.49,729.15,0
2023-09-03,P013,21,550.37,538.41,0
2023-09-04,P013,16,715.47,773.7,0
2023-09-05,P013,15,804.32,731.39,0
2023-09-06,P013,24,539.55,525.69,1
2023-09-07,P013,14,795.75,751.99,0
2023-09-08,P013,16,704.58,739.15,0
2023-09-09,P013,21,608.77,592.72,0
2023-09-10,P013,24,733.11,679.33,1
2023-09-11,P013,19,482.03,474.85,0
2023-09-12,P013,17,633.61,598.91,0
2023-09-13,P013,23,544.06,556.21,1
2023-09-14,P013,17,778.92,816.16,1
2023-09-15,P013,16,701.97,764.72,0
2023-09-16,P013,22,779.68,707.76,1
2023-09-17,P013,18,657.87,722.66,0
2023-09-18,P013,19,541.54,510.85,0
2023-09-19,P013,17,613.22,605.87,0
2023-09-20,P013,17,585.73,600.47,0
2023-09-21,P013,20,463.51,461.1,0
2023-09-22,P013,15,788.38,800.89,0
2023-09-23,P013,19,691.63,682.2,0
2023-09-24,P013,24,442.58,462.79,0
2023-09-25,P013,12,791.79,794.84,0
2023-09-26,P013,15,703.96,633.66,0
2023-09-27,P013,19,762.94,705.32,1
2023-09-28,P013,16,682.93,633.46,0
2023-09-29,P013,17,621.91,599.28,0
2023-09-30,P013,17,742.06,786.58,0
2023-10-01,P013,20,804.27,752.56,1
2023-10-02,P013,16,655.25,667.32,0
2023-10-03,P013,27,449.47,428.62,1
2023-10-04,P013,12,757.31,705.98,0
2023-10-05,P013,18,527.69,551.17,0
2023-10-06,P013,18,592.36,608.46,0
2023-10-07,P013,17,778.16,754.84,0
2023-10-08,P013,20,683.14,744.65,0
2023-10-09,P013,18,468.34,457.11,0
2023-10-10,P013,15,757.97,764.91,0
2023-10-11,P013,21,458.43,461.08,0
2023-10-12,P013,19,495.37,489.92,0
2023-10-13,P013,15,776.74,821.16,0
2023-10-14,P013,24,467.07,474.69,0
2023-10-15,P013,21,573.01,605.23,0
2023-10-16,P013,18,493.36,474.85,0
2023-10-17,P013,18,539.2,567.88,0
2023-10-18,P013,19,441.6,407.38,0
2023-10-19,P013,17,700.9,663.07,0
2023-10-20,P013,15,731.95,729.0,0
2023-10-21,P013,19,660.08,606.29,0
2023-10-22,P013,20,655.22,661.5,0
2023-10-23,P013,16,659.19,658.37,0
2023-10-24,P013,16,776.67,781.93,0
2023-10-25,P013,17,662.68,599.64,0
2023-10-26,P013,16,640.37,625.49,0
2023-10-27,P013,22,657.7,594.6,1
2023-10-28,P013,20,584.15,622.85,0
2023-10-29,P013,22,526.32,576.48,0
2023-10-30,P013,19,457.21,417.9,0
2023-10-31,P013,16,654.44,697.7,0
2023-11-01,P013,17,507.24,529.49,0
2023-11-02,P013,25,620.77,651.29,1
2023-11-03,P013,18,551.75,521.6,0
2023-11-04,P013,17,791.72,739.24,0
2023-11-05,P013,25,444.57,426.03,0
2023-11-06,P013,14,778.05,830.32,0
2023-11-07,P013,18,597.51,615.95,0
2023-11-08,P013,22,557.61,508.66,1
2023-11-09,P013,20,485.15,464.84,0
2023-11-10,P013,14,796.02,786.43,0
2023-11-11,P013,20,577.12,524.59,0
2023-11-12,P013,26,631.93,650.53,1
2023-11-13,P013,20,519.94,495.53,0
2023-11-14,P013,18,550.07,556.98,0
2023-11-15,P013,20,507.84,486.01,0
2023-11-16,P013,19,520.85,543.9,0
2023-11-17,P013,21,515.08,464.51,0
2023-11-18,P013,25,686.16,659.49,1
2023-11-19,P013,19,710.79,728.69,0
2023-11-20,P013,21,501.82,490.67,0
2023-11-21,P013,20,524.74,543.52,0
2023-11-22,P013,17,660.3,658.78,0
2023-11-23,P013,15,713.23,669.11,0
2023-11-24,P013,18,529.29,517.26,0
2023-11-25,P013,22,710.5,719.7,0
2023-11-26,P013,20,697.22,691.86,0
2023-11-27,P013,20,445.92,422.24,0
2023-11-28,P013,19,442.94,486.12,0
2023-11-29,P013,15,755.99,805.23,0
2023-11-30,P013,17,619.52,627.03,0
2023-12-01,P013,19,579.33,541.25,0
2023-12-02,P013,24,460.35,480.42,0
2023-12-03,P013,19,775.67,723.25,0
2023-12-04,P013,17,608.31,659.5,0
2023-12-05,P013,17,763.41,702.91,0
2023-12-06,P013,21,443.55,454.1,0
2023-12-07,P013,20,542.37,589.74,0
2023-12-08,P013,15,728.56,757.89,0
2023-12-09,P013,32,540.79,490.78,1
2023-12-10,P013,24,622.24,667.75,0
2023-12-11,P013,19,565.05,559.34,0
2023-12-12,P013,20,608.11,610.8,0
2023-12-13,P013,15,772.88,796.11,0
2023-12-14,P013,20,512.09,496.41,0
2023-12-15,P013,18,584.61,547.61,0
2023-12-16,P013,19,796.75,719.16,0
2023-12-17,P013,22,584.55,562.24,0
2023-12-18,P013,28,575.28,584.89,1
2023-12-19,P013,18,667.66,713.67,0
2023-12-20,P013,16,762.76,833.13,0
2023-12-21,P013,16,785.3,818.55,0
2023-12-22,P013,20,625.59,672.87,0
2023-12-23,P013,21,680.47,698.04,0
2023-12-24,P013,27,505.07,456.27,0
2023-12-25,P013,17,671.58,707.4,0
2023-12-26,P013,20,557.71,580.83,0
2023-12-27,P013,16,736.86,790.26,0
2023-12-28,P013,20,630.41,638.36,0
2023-12-29,P013,19,648.32,639.76,0
2023-12-30,P013,22,571.86,553.97,0
2023-12-31,P013,19,802.49,776.2,0
2024-01-01,P013,22,528.61,572.06,0
2024-01-02,P013,16,726.04,775.74,0
2024-01-03,P013,17,752.47,746.2,0
2024-01-04,P013,21,576.46,562.84,0
2024-01-05,P013,20,675.68,659.77,0
2024-01-06,P013,24,548.95,532.82,0
2024-01-07,P013,22,731.94,780.64,0
2024-01-08,P013,20,613.83,582.2,0
2024-01-09,P013,18,683.71,646.78,0
2024-01-10,P013,21,640.37,608.84,0
2024-01-11,P013,15,782.55,738.06,0
2024-01-12,P013,19,699.61,728.68,0
2024-01-13,P013,25,655.19,636.86,0
2024-01-14,P013,28,781.59,778.35,1
2024-01-15,P013,23,440.93,428.88,0
2024-01-16,P013,19,659.32,596.38,0
2024-01-17,P013,16,756.62,728.05,0
2024-01-18,P013,21,606.35,575.8,0
2024-01-19,P013,24,434.99,402.3,0
2024-01-20,P013,29,441.68,473.42,0
2024-01-21,P013,34,535.21,486.69,1
2024-01-22,P013,19,710.07,656.81,0
2024-01-23,P013,24,442.93,437.29,0
2024-01-24,P013,29,540.67,521.14,1
2024-01-25,P013,25,434.82,441.13,0
2024-01-26,P013,20,680.82,721.33,0
2024-01-27,P013,24,659.19,642.22,0
2024-01-28,P013,24,739.14,793.14,0
2024-01-29,P013,26,484.57,444.21,0
2024-01-30,P013,18,778.69,781.82,0
2024-01-31,P013,19,673.14,622.12,0
2024-02-01,P013,22,531.44,530.63,0
2024-02-02,P013,17,743.04,675.37,0
2024-02-03,P013,25,664.42,653.81,0
2024-02-04,P013,22,799.03,721.08,0
2024-02-05,P013,20,722.3,678.18,0
2024-02-06,P013,23,650.98,603.26,0
2024-02-07,P013,20,603.09,547.24,0
2024-02-08,P013,25,448.61,473.5,0
2024-02-09,P013,22,607.65,553.67,0
2024-02-10,P013,31,450.1,468.57,0
2024-02-11,P013,25,658.27,717.23,0
2024-02-12,P013,25,518.97,524.34,0
2024-02-13,P013,23,524.92,494.36,0
2024-02-14,P013,20,713.04,727.98,0
2024-02-15,P013,27,648.23,644.9,1
2024-02-16,P013,20,750.02,692.35,0
2024-02-17,P013,31,451.91,409.3,0
2024-02-18,P013,29,488.06,512.68,0
2024-02-19,P013,26,504.6,491.17,0
2024-02-20,P013,19,763.42,826.58,0
2024-02-21,P013,21,698.67,762.1,0
2024-02-22,P013,34,442.58,408.22,1
2024-02-23,P013,25,513.21,549.36,0
2024-02-24,P013,25,621.38,623.39,0
2024-02-25,P013,24,668.68,690.3,0
2024-02-26,P013,26,433.86,422.32,0
2024-02-27,P013,23,600.67,642.63,0
2024-02-28,P013,26,438.64,479.34,0
2024-02-29,P013,20,672.15,640.04,0
2024-03-01,P013,22,626.49,610.64,0
2024-03-02,P013,28,575.8,629.58,0
2024-03-03,P013,23,700.43,708.76,0
2024-03-04,P013,24,565.89,536.49,0
2024-03-05,P013,17,766.04,832.18,0
2024-03-06,P013,24,506.68,531.56,0
2024-03-07,P013,20,675.85,675.25,0
2024-03-08,P013,20,784.22,709.44,0
2024-03-09,P013,23,728.44,689.43,0
2024-03-10,P013,40,455.57,500.4,1
2024-03-11,P013,21,756.5,765.06,0
2024-03-12,P013,20,734.85,785.52,0
2024-03-13,P013,27,519.85,569.59,0
2024-03-14,P013,20,686.97,741.6,0
2024-03-15,P013,20,747.68,729.35,0
2024-03-16,P013,28,574.27,606.54,0
2024-03-17,P013,31,483.35,475.62,0
2024-03-18,P013,17,782.82,854.61,0
2024-03-19,P013,31,620.07,614.77,1
2024-03-20,P013,25,503.99,528.88,0
2024-03-21,P013,21,707.44,723.52,0
2024-03-22,P013,24,521.15,537.0,0
2024-03-23,P013,30,520.15,564.83,0
2024-03-24,P013,29,528.8,574.07,0
2024-03-25,P013,24,522.08,566.72,0
2024-03-26,P013,23,523.33,509.25,0
2024-03-27,P013,22,706.09,696.5,0
2024-03-28,P013,24,506.35,530.05,0
2024-03-29,P013,25,443.42,439.71,0
2024-03-30,P013,24,685.92,680.35,0
2024-03-31,P013,24,654.15,710.93,0
2024-04-01,P013,20,788.44,801.35,0
2024-04-02,P013,25,460.01,458.47,0
2024-04-03,P013,25,503.39,523.91,0
2024-04-04,P013,27,463.25,439.89,0
2024-04-05,P013,19,780.43,763.05,0
2024-04-06,P013,22,790.18,746.95,0
2024-04-07,P013,32,464.63,432.71,0
2024-04-08,P013,23,668.22,645.77,0
2024-04-09,P013,18,793.19,721.78,0
2024-04-10,P013,27,456.75,483.74,0
2024-04-11,P013,23,615.33,586.98,0
2024-04-12,P013,23,438.37,424.71,0
2024-04-13,P013,36,648.11,677.77,1
2024-04-14,P013,26,693.73,645.0,0
2024-04-15,P013,24,478.55,505.91,0
2024-04-16,P013,20,691.08,748.39,0
2024-04-17,P013,26,482.82,518.55,0
2024-04-18,P013,23,564.27,528.32,0
2024-04-19,P013,22,615.64,671.02,0
2024-04-20,P013,29,555.17,569.61,0
2024-04-21,P013,37,567.92,623.67,1
2024-04-22,P013,26,502.99,452.76,0
2024-04-23,P013,21,694.16,661.74,0
2024-04-24,P013,25,496.42,458.4,0
2024-04-25,P013,24,568.65,579.15,0
2024-04-26,P013,18,755.49,691.13,0
2024-04-27,P013,34,654.78,659.9,1
2024-04-28,P013,23,747.67,736.26,0
2024-04-29,P013,24,793.39,840.29,1
2024-04-30,P013,26,445.92,433.86,0
2024-05-01,P013,24,562.18,572.88,0
2024-05-02,P013,23,630.47,585.57,0
2024-05-03,P013,26,528.93,565.01,0
2024-05-04,P013,24,679.75,612.82,0
2024-05-05,P013,28,549.23,500.33,0
2024-05-06,P013,22,612.53,655.13,0
2024-05-07,P013,21,695.1,643.0,0
2024-05-08,P013,21,672.81,624.73,0
2024-05-09,P013,22,579.18,586.89,0
2024-05-10,P013,25,452.09,448.68,0
2024-05-11,P013,22,752.27,705.22,0
2024-05-12,P013,26,562.45,576.6,0
2024-05-13,P013,23,528.69,557.49,0
2024-05-14,P013,22,621.02,629.62,0
2024-05-15,P013,29,559.15,504.48,1
2024-05-16,P013,23,507.93,515.8,0
2024-05-17,P013,20,697.98,747.68,0
2024-05-18,P013,26,673.71,739.13,0
2024-05-19,P013,30,530.33,505.54,0
2024-05-20,P013,24,480.3,458.22,0
2024-05-21,P013,22,612.67,668.74,0
2024-05-22,P013,23,791.4,849.2,1
2024-05-23,P013,26,758.58,820.81,1
2024-05-24,P013,20,671.12,606.96,0
2024-05-25,P013,20,770.26,737.47,0
2024-05-26,P013,30,443.96,458.44,0
2024-05-27,P013,24,522.93,523.23,0
2024-05-28,P013,24,529.08,526.97,0
2024-05-29,P013,20,656.29,676.2,0
2024-05-30,P013,24,459.72,476.46,0
