data/synthetic/sales_history.csv
date,product_id,units_sold,price_charged,competitor_price,promo_flag
2024-05-31,P013,22,521.15,545.44,0
2024-06-01,P013,25,603.6,567.85,0
2024-06-02,P013,23,742.32,716.54,0
2024-06-03,P013,22,586.37,579.54,0
2024-06-04,P013,24,526.2,554.0,0
2024-06-05,P013,23,500.4,468.98,0
2024-06-06,P013,23,582.85,550.39,0
2024-06-07,P013,24,483.89,445.75,0
2024-06-08,P013,20,794.64,715.97,0
2024-06-09,P013,24,677.89,624.66,0
2024-06-10,P013,21,564.36,590.54,0
2024-06-11,P013,21,561.89,513.17,0
2024-06-12,P013,23,476.2,511.96,0
2024-06-13,P013,25,437.54,443.48,0
2024-06-14,P013,19,704.83,726.29,0
2024-06-15,P013,25,602.6,659.48,0
2024-06-16,P013,23,675.3,634.42,0
2024-06-17,P013,22,599.75,619.87,0
2024-06-18,P013,20,624.61,647.14,0
2024-06-19,P013,23,442.31,456.15,0
2024-06-20,P013,24,475.71,439.03,0
2024-06-21,P013,24,446.62,434.29,0
2024-06-22,P013,22,726.01,744.32,0
2024-06-23,P013,30,663.71,631.65,1
2024-06-24,P013,23,473.89,489.28,0
2024-06-25,P013,20,525.73,488.21,0
2024-06-26,P013,16,789.38,857.81,0
2024-06-27,P013,30,464.8,490.25,1
2024-06-28,P013,24,489.53,453.53,0
2024-06-29,P013,26,764.26,820.84,1
2024-06-30,P013,23,681.31,638.39,0
2024-07-01,P013,21,555.57,609.49,0
2024-07-02,P013,19,636.34,656.18,0
2024-07-03,P013,17,710.52,698.06,0
2024-07-04,P013,18,654.24,700.1,0
2024-07-05,P013,23,527.8,484.24,0
2024-07-06,P013,23,623.9,579.53,0
2024-07-07,P013,22,633.65,677.94,0
2024-07-08,P013,21,557.74,523.25,0
2024-07-09,P013,21,606.23,588.96,0
2024-07-10,P013,21,459.68,444.23,0
2024-07-11,P013,16,738.33,764.97,0
2024-07-12,P013,23,436.31,393.97,0
2024-07-13,P013,20,721.96,788.1,0
2024-07-14,P013,18,799.36,745.23,0
2024-07-15,P013,22,641.73,696.24,1
2024-07-16,P013,19,713.47,751.22,0
2024-07-17,P013,20,533.51,512.05,0
2024-07-18,P013,19,468.6,433.58,0
2024-07-19,P013,20,500.49,476.01,0
2024-07-20,P013,22,602.66,603.81,0
2024-07-21,P013,24,548.11,579.62,0
2024-07-22,P013,16,776.7,724.37,0
2024-07-23,P013,17,592.32,534.14,0
2024-07-24,P013,15,736.48,679.26,0
2024-07-25,P013,15,803.16,747.68,0
2024-07-26,P013,20,624.83,594.98,0
2024-07-27,P013,24,527.1,521.91,0
2024-07-28,P013,20,746.51,684.97,0
2024-07-29,P013,16,654.26,697.41,0
2024-07-30,P013,17,783.63,778.2,0
2024-07-31,P013,20,602.82,623.08,0
2024-08-01,P013,20,516.15,471.13,0
2024-08-02,P013,16,785.99,837.62,0
2024-08-03,P013,22,544.92,559.68,0
2024-08-04,P013,26,473.46,500.97,0
2024-08-05,P013,18,478.37,472.71,0
2024-08-06,P013,20,544.71,490.83,0
2024-08-07,P013,15,711.63,755.81,0
2024-08-08,P013,14,768.2,757.02,0
2024-08-09,P013,16,793.6,854.1,0
2024-08-10,P013,22,605.56,648.88,0
2024-08-11,P013,19,764.64,702.25,0
2024-08-12,P013,14,791.92,838.15,0
2024-08-13,P013,15,680.36,733.84,0
2024-08-14,P013,18,582.17,577.83,0
2024-08-15,P013,16,702.34,674.41,0
2024-08-16,P013,18,605.26,552.06,0
2024-08-17,P013,19,695.4,678.56,0
2024-08-18,P013,24,448.83,457.75,0
2024-08-19,P013,17,705.3,727.17,0
2024-08-20,P013,16,704.86,685.92,0
2024-08-21,P013,20,523.69,565.89,0
2024-08-22,P013,13,793.67,749.63,0
2024-08-23,P013,16,682.5,637.86,0
2024-08-24,P013,18,723.16,710.9,0
2024-08-25,P013,19,693.42,756.75,0
2024-08-26,P013,19,494.35,540.63,0
2024-08-27,P013,13,794.21,750.99,0
2024-08-28,P013,18,552.0,604.14,0
2024-08-29,P013,15,765.15,721.55,0
2024-08-30,P013,16,715.59,781.43,0
2024-08-31,P013,24,452.25,421.54,0
2024-09-01,P013,21,613.24,670.19,0
2024-09-02,P013,16,662.97,630.69,0
2024-09-03,P013,20,442.7,480.44,0
2024-09-04,P013,17,552.58,594.1,0
2024-09-05,P013,18,580.07,573.37,0
2024-09-06,P013,12,772.82,767.91,0
2024-09-07,P013,21,536.4,508.38,0
2024-09-08,P013,24,454.81,416.36,0
2024-09-09,P013,14,773.26,803.9,0
2024-09-10,P013,14,749.25,699.99,0
2024-09-11,P013,16,595.99,572.61,0
2024-09-12,P013,15,651.47,588.48,0
2024-09-13,P013,18,585.22,549.6,0
2024-09-14,P013,18,734.27,721.76,0
2024-09-15,P013,23,499.38,548.91,0
2024-09-16,P013,20,723.47,672.14,1
2024-09-17,P013,17,553.19,585.06,0
2024-09-18,P013,16,629.03,684.94,0
2024-09-19,P013,15,652.28,606.54,0
2024-09-20,P013,14,748.94,822.44,0
2024-09-21,P013,21,587.6,641.55,0
2024-09-22,P013,23,521.84,526.52,0
2024-09-23,P013,15,585.23,584.97,0
2024-09-24,P013,16,665.47,609.73,0
2024-09-25,P013,16,709.37,698.85,0
2024-09-26,P013,25,456.28,452.76,1
2024-09-27,P013,18,484.49,472.28,0
2024-09-28,P013,23,464.15,418.05,0
2024-09-29,P013,22,790.19,748.94,1
2024-09-30,P013,14,771.82,837.12,0
2024-10-01,P013,14,750.8,689.0,0
2024-10-02,P013,14,766.44,824.05,0
2024-10-03,P013,18,594.74,631.26,0
2024-10-04,P013,14,705.17,721.47,0
2024-10-05,P013,23,519.37,550.8,0
2024-10-06,P013,22,476.52,446.72,0
2024-10-07,P013,17,686.15,701.91,0
2024-10-08,P013,13,721.71,765.84,0
2024-10-09,P013,17,537.42,574.18,0
2024-10-10,P013,15,747.43,717.46,0
2024-10-11,P013,19,493.04,452.75,0
2024-10-12,P013,18,686.19,710.64,0
2024-10-13,P013,19,661.45,714.67,0
2024-10-14,P013,20,447.09,412.46,0
2024-10-15,P013,17,586.5,594.41,0
2024-10-16,P013,18,547.56,589.96,0
2024-10-17,P013,17,631.47,664.83,0
2024-10-18,P013,17,596.18,593.42,0
2024-10-19,P013,20,674.06,641.34,0
2024-10-20,P013,22,481.95,454.87,0
2024-10-21,P013,17,685.59,661.18,0
2024-10-22,P013,20,768.01,760.6,1
2024-10-23,P013,17,624.2,629.38,0
2024-10-24,P013,24,547.52,527.27,1
2024-10-25,P013,15,641.0,690.2,0
2024-10-26,P013,23,591.88,565.06,0
2024-10-27,P013,32,436.34,463.42,1
2024-10-28,P013,15,779.53,761.77,0
2024-10-29,P013,16,639.48,631.21,0
2024-10-30,P013,15,542.33,545.34,0
2024-10-31,P013,20,453.23,491.97,0
2024-11-01,P013,16,702.42,672.91,0
2024-11-02,P013,22,515.86,536.18,0
2024-11-03,P013,22,545.94,515.51,0
2024-11-04,P013,20,706.38,768.92,1
2024-11-05,P013,18,685.84,739.8,0
2024-11-06,P013,18,504.16,484.46,0
2024-11-07,P013,14,794.36,867.89,0
2024-11-08,P013,17,715.83,723.49,0
2024-11-09,P013,25,434.68,434.81,0
2024-11-10,P013,19,655.85,626.18,0
2024-11-11,P013,16,665.03,617.95,0
2024-11-12,P013,14,700.95,744.02,0
2024-11-13,P013,16,621.36,606.25,0
2024-11-14,P013,16,759.58,760.22,0
2024-11-15,P013,19,510.64,522.16,0
2024-11-16,P013,23,539.36,575.82,0
2024-11-17,P013,17,753.47,718.83,0
2024-11-18,P013,17,678.9,731.48,0
2024-11-19,P013,19,448.57,492.1,0
2024-11-20,P013,16,740.61,780.64,0
2024-11-21,P013,20,802.83,846.21,1
2024-11-22,P013,17,563.98,617.0,0
2024-11-23,P013,19,767.75,778.13,0
2024-11-24,P013,19,723.59,735.09,0
2024-11-25,P013,18,612.32,645.58,0
2024-11-26,P013,18,574.19,529.53,0
2024-11-27,P013,22,473.17,437.12,0
2024-11-28,P013,23,445.46,412.2,0
2024-11-29,P013,18,660.66,673.57,0
2024-11-30,P013,26,488.02,440.85,0
2024-12-01,P013,24,487.96,536.35,0
2024-12-02,P013,19,705.86,754.74,0
2024-12-03,P013,15,746.26,720.1,0
2024-12-04,P013,18,615.87,670.78,0
2024-12-05,P013,19,594.12,578.78,0
2024-12-06,P013,15,770.33,811.08,0
2024-12-07,P013,27,458.84,448.17,0
2024-12-08,P013,23,520.79,516.41,0
2024-12-09,P013,22,737.56,798.84,1
2024-12-10,P013,19,701.8,728.42,0
2024-12-11,P013,14,758.38,817.32,0
2024-12-12,P013,15,779.2,817.79,0
2024-12-13,P013,17,735.97,791.59,0
2024-12-14,P013,21,776.91,700.7,0
2024-12-15,P013,22,646.14,642.68,0
2024-12-16,P013,16,790.84,720.77,0
2024-12-17,P013,19,582.72,605.57,0
2024-12-18,P013,23,444.39,411.49,0
2024-12-19,P013,22,452.46,459.75,0
2024-12-20,P013,15,784.95,855.06,0
2024-12-21,P013,25,591.85,574.11,0
2024-12-22,P013,30,599.86,647.65,1
2024-12-23,P013,27,450.85,476.45,1
2024-12-24,P013,19,602.1,592.31,0
2024-12-25,P013,15,714.43,775.58,0
2024-12-26,P013,20,615.93,595.07,0
2024-12-27,P013,19,651.54,673.28,0
2024-12-28,P013,26,442.1,420.0,0
2024-12-29,P013,27,511.19,501.13,0
2024-12-30,P013,21,505.17,515.98,0
2024-12-31,P013,21,487.76,443.31,0
2023-01-01,P014,48,201.95,196.62,0
2023-01-02,P014,30,291.8,296.33,0
2023-01-03,P014,31,282.73,298.48,0
2023-01-04,P014,28,294.8,295.55,0
2023-01-05,P014,34,277.61,301.44,0
2023-01-06,P014,33,263.71,261.97,0
2023-01-07,P014,50,285.34,301.66,1
2023-01-08,P014,55,257.4,259.27,1
2023-01-09,P014,29,293.33,304.76,0
2023-01-10,P014,42,203.12,201.48,0
2023-01-11,P014,35,253.11,256.41,0
2023-01-12,P014,46,177.18,172.27,0
2023-01-13,P014,35,255.94,262.71,0
2023-01-14,P014,36,296.98,296.98,0
2023-01-15,P014,44,255.98,236.22,0
2023-01-16,P014,30,301.29,329.45,0
2023-01-17,P014,38,243.12,223.83,0
2023-01-18,P014,51,241.97,220.11,1
2023-01-19,P014,40,227.09,246.29,0
2023-01-20,P014,30,300.09,278.86,0
2023-01-21,P014,39,279.21,266.77,0
2023-01-22,P014,36,295.69,282.74,0
2023-01-23,P014,46,194.95,202.0,0
2023-01-24,P014,33,286.81,302.95,0
2023-01-25,P014,31,298.4,313.79,0
2023-01-26,P014,45,191.47,210.46,0
2023-01-27,P014,43,214.62,205.73,0
2023-01-28,P014,53,195.5,213.23,0
2023-01-29,P014,53,203.17,194.86,0
2023-01-30,P014,49,168.65,164.25,0
2023-01-31,P014,43,200.21,181.82,0
2023-02-01,P014,44,204.04,195.5,0
2023-02-02,P014,46,204.62,206.85,0
2023-02-03,P014,44,204.28,185.54,0
2023-02-04,P014,48,228.64,248.25,0
2023-02-05,P014,62,163.85,152.53,0
2023-02-06,P014,63,173.02,177.55,1
2023-02-07,P014,52,163.62,155.18,0
2023-02-08,P014,49,176.64,165.18,0
2023-02-09,P014,33,281.09,293.24,0
2023-02-10,P014,38,260.78,286.74,0
2023-02-11,P014,52,216.69,233.93,0
2023-02-12,P014,61,174.98,163.62,0
2023-02-13,P014,34,280.44,285.87,0
2023-02-14,P014,45,215.46,194.36,0
2023-02-15,P014,51,165.87,158.55,0
2023-02-16,P014,48,182.26,198.34,0
2023-02-17,P014,50,179.11,167.07,0
2023-02-18,P014,57,192.1,194.94,0
2023-02-19,P014,53,232.94,253.9,0
2023-02-20,P014,52,169.73,178.57,0
2023-02-21,P014,47,194.57,192.45,0
2023-02-22,P014,36,274.08,252.08,0
2023-02-23,P014,46,200.56,211.08,0
2023-02-24,P014,36,271.67,289.92,0
2023-02-25,P014,47,243.44,250.99,0
2023-02-26,P014,52,224.06,245.16,0
2023-02-27,P014,32,296.88,289.04,0
2023-02-28,P014,36,280.81,293.68,0
2023-03-01,P014,39,260.19,264.32,0
2023-03-02,P014,43,224.38,240.78,0
2023-03-03,P014,44,217.06,221.09,0
2023-03-04,P014,65,167.88,166.57,0
2023-03-05,P014,51,239.63,230.58,0
2023-03-06,P014,35,285.18,279.67,0
2023-03-07,P014,39,258.82,262.16,0
2023-03-08,P014,52,173.94,169.25,0
2023-03-09,P014,52,183.96,191.67,0
2023-03-10,P014,36,284.37,282.56,0
2023-03-11,P014,59,194.69,180.9,0
2023-03-12,P014,48,249.47,225.18,0
2023-03-13,P014,47,196.4,196.15,0
2023-03-14,P014,42,254.1,240.61,0
2023-03-15,P014,48,201.29,181.75,0
2023-03-16,P014,41,255.46,261.6,0
2023-03-17,P014,52,173.17,162.94,0
2023-03-18,P014,52,240.02,244.6,0
2023-03-19,P014,40,290.19,268.03,0
2023-03-20,P014,37,280.88,300.32,0
2023-03-21,P014,50,186.62,194.93,0
2023-03-22,P014,50,186.87,193.16,0
2023-03-23,P014,47,201.03,201.85,0
2023-03-24,P014,36,274.11,274.04,0
2023-03-25,P014,58,203.69,193.65,0
2023-03-26,P014,60,189.81,204.03,0
2023-03-27,P014,41,239.96,246.84,0
2023-03-28,P014,51,254.2,246.74,1
2023-03-29,P014,53,182.16,195.28,0
2023-03-30,P014,44,229.61,236.3,0
2023-03-31,P014,52,169.81,174.3,0
2023-04-01,P014,42,289.63,307.62,0
2023-04-02,P014,49,250.92,266.58,0
2023-04-03,P014,41,247.05,254.89,0
2023-04-04,P014,49,182.72,180.23,0
2023-04-05,P014,40,254.33,236.48,0
2023-04-06,P014,52,164.66,162.04,0
2023-04-07,P014,33,291.74,303.82,0
2023-04-08,P014,57,207.78,214.33,0
2023-04-09,P014,51,229.49,216.31,0
2023-04-10,P014,53,166.21,175.78,0
2023-04-11,P014,34,280.96,276.07,0
2023-04-12,P014,37,272.95,264.11,0
2023-04-13,P014,54,163.8,179.75,0
2023-04-14,P014,44,230.44,225.72,0
2023-04-15,P014,51,237.51,239.41,0
2023-04-16,P014,59,192.86,178.21,0
2023-04-17,P014,59,210.37,197.16,1
2023-04-18,P014,39,260.54,255.86,0
2023-04-19,P014,34,300.83,272.02,0
2023-04-20,P014,60,204.56,193.54,1
2023-04-21,P014,46,198.99,189.35,0
2023-04-22,P014,53,232.57,233.24,0
2023-04-23,P014,58,187.75,199.39,0
2023-04-24,P014,43,227.9,241.44,0
2023-04-25,P014,38,260.0,260.34,0
2023-04-26,P014,49,204.8,220.34,0
2023-04-27,P014,54,239.54,228.84,1
2023-04-28,P014,53,168.18,156.76,0
2023-04-29,P014,51,229.2,238.32,0
2023-04-30,P014,57,205.1,202.6,0
2023-05-01,P014,36,287.01,298.03,0
2023-05-02,P014,46,212.38,224.77,0
2023-05-03,P014,40,251.37,245.31,0
2023-05-04,P014,45,210.71,224.19,0
2023-05-05,P014,59,213.74,219.31,1
2023-05-06,P014,53,231.64,237.51,0
2023-05-07,P014,57,197.05,180.27,0
2023-05-08,P014,34,279.08,303.5,0
2023-05-09,P014,47,190.72,178.0,0
2023-05-10,P014,49,187.53,183.53,0
2023-05-11,P014,50,181.16,184.27,0
2023-05-12,P014,60,191.43,201.76,1
2023-05-13,P014,58,187.34,177.72,0
2023-05-14,P014,57,197.79,204.55,0
2023-05-15,P014,63,189.51,188.76,1
2023-05-16,P014,38,246.06,243.3,0
2023-05-17,P014,48,190.07,202.85,0
2023-05-18,P014,45,197.66,212.14,0
2023-05-19,P014,35,267.62,243.94,0
2023-05-20,P014,76,171.57,163.87,1
2023-05-21,P014,44,272.46,252.22,0
2023-05-22,P014,32,297.69,280.79,0
2023-05-23,P014,34,264.62,257.08,0
2023-05-24,P014,52,167.6,154.9,0
2023-05-25,P014,46,199.62,192.64,0
2023-05-26,P014,32,295.84,288.75,0
2023-05-27,P014,79,163.32,154.76,1
2023-05-28,P014,50,225.47,208.17,0
2023-05-29,P014,40,238.85,248.19,0
2023-05-30,P014,42,218.5,201.98,0
2023-05-31,P014,34,278.98,270.01,0
2023-06-01,P014,42,222.35,200.27,0
2023-06-02,P014,32,292.68,264.24,0
2023-06-03,P014,44,254.34,256.75,0
2023-06-04,P014,48,219.04,231.06,0
2023-06-05,P014,32,291.66,271.4,0
2023-06-06,P014,51,241.5,230.06,1
2023-06-07,P014,42,226.81,204.27,0
2023-06-08,P014,46,192.02,176.52,0
2023-06-09,P014,48,175.74,187.97,0
2023-06-10,P014,59,170.36,157.4,0
2023-06-11,P014,67,206.34,206.49,1
2023-06-12,P014,59,194.12,199.88,1
2023-06-13,P014,33,285.7,276.1,0
2023-06-14,P014,32,272.48,271.12,0
2023-06-15,P014,41,209.45,224.79,0
2023-06-16,P014,39,295.47,294.14,1
2023-06-17,P014,53,193.02,183.46,0
2023-06-18,P014,59,167.58,180.64,0
2023-06-19,P014,33,273.03,286.86,0
2023-06-20,P014,38,243.07,236.98,0
2023-06-21,P014,33,279.43,287.83,0
2023-06-22,P014,33,280.94,280.55,0
2023-06-23,P014,44,187.51,181.56,0
2023-06-24,P014,40,271.12,258.85,0
2023-06-25,P014,37,293.32,309.74,0
2023-06-26,P014,34,275.33,296.94,0
2023-06-27,P014,30,287.55,302.56,0
2023-06-28,P014,45,168.86,159.16,0
2023-06-29,P014,31,286.56,278.61,0
2023-06-30,P014,34,254.39,232.71,0
2023-07-01,P014,51,202.09,204.66,0
2023-07-02,P014,55,168.53,178.7,0
2023-07-03,P014,59,169.82,171.92,1
2023-07-04,P014,37,231.38,227.23,0
2023-07-05,P014,46,167.19,171.64,0
2023-07-06,P014,36,241.81,251.24,0
2023-07-07,P014,43,182.26,187.96,0
2023-07-08,P014,42,246.62,253.36,0
2023-07-09,P014,37,284.47,290.07,0
2023-07-10,P014,44,172.82,169.85,0
2023-07-11,P014,30,278.77,278.14,0
2023-07-12,P014,32,248.18,267.24,0
2023-07-13,P014,40,186.37,178.76,0
2023-07-14,P014,29,290.12,261.58,0
2023-07-15,P014,51,179.22,187.22,0
2023-07-16,P014,37,277.97,264.33,0
2023-07-17,P014,41,188.93,180.13,0
2023-07-18,P014,29,283.05,298.33,0
2023-07-19,P014,44,162.5,148.27,0
2023-07-20,P014,32,267.89,266.13,0
2023-07-21,P014,33,245.55,257.32,0
2023-07-22,P014,36,276.32,250.98,0
2023-07-23,P014,47,214.49,217.84,0
2023-07-24,P014,43,258.6,282.74,1
2023-07-25,P014,50,216.55,220.55,1
2023-07-26,P014,38,216.02,221.38,0
2023-07-27,P014,31,252.64,252.94,0
2023-07-28,P014,29,285.22,306.25,0
2023-07-29,P014,36,266.65,264.49,0
2023-07-30,P014,50,177.67,188.94,0
2023-07-31,P014,39,202.71,218.62,0
2023-08-01,P014,31,267.07,270.53,0
2023-08-02,P014,32,245.42,227.29,0
2023-08-03,P014,39,187.55,203.83,0
2023-08-04,P014,51,185.11,202.71,1
2023-08-05,P014,45,213.22,209.47,0
2023-08-06,P014,43,218.49,232.96,0
2023-08-07,P014,32,253.61,239.42,0
2023-08-08,P014,41,171.33,184.66,0
2023-08-09,P014,41,180.29,184.49,0
2023-08-10,P014,39,258.49,277.9,1
2023-08-11,P014,31,269.29,269.84,0
2023-08-12,P014,39,246.13,265.64,0
2023-08-13,P014,46,194.99,185.74,0
2023-08-14,P014,25,298.72,288.91,0
2023-08-15,P014,34,228.45,243.67,0
2023-08-16,P014,37,207.93,190.42,0
2023-08-17,P014,32,238.93,239.13,0
2023-08-18,P014,40,170.21,157.76,0
2023-08-19,P014,40,228.72,233.7,0
2023-08-20,P014,45,258.39,239.26,1
2023-08-21,P014,38,196.65,193.48,0
2023-08-22,P014,26,290.75,304.26,0
2023-08-23,P014,28,260.31,284.55,0
2023-08-24,P014,38,188.79,203.85,0
2023-08-25,P014,29,257.95,239.16,0
2023-08-26,P014,47,178.38,193.49,0
2023-08-27,P014,36,264.62,290.73,0
2023-08-28,P014,28,283.39,281.76,0
2023-08-29,P014,37,194.65,184.57,0
2023-08-30,P014,35,217.49,220.87,0
2023-08-31,P014,34,219.05,207.78,0
2023-09-01,P014,38,189.48,185.65,0
2023-09-02,P014,39,238.81,248.68,0
2023-09-03,P014,49,170.35,176.64,0
2023-09-04,P014,39,169.66,160.76,0
2023-09-05,P014,30,256.8,232.64,0
2023-09-06,P014,37,188.71,180.46,0
2023-09-07,P014,26,290.91,287.45,0
2023-09-08,P014,27,276.63,296.19,0
2023-09-09,P014,42,217.86,205.35,0
2023-09-10,P014,34,264.14,279.21,0
2023-09-11,P014,37,261.88,264.22,1
2023-09-12,P014,41,163.72,152.13,0
2023-09-13,P014,28,251.82,238.9,0
2023-09-14,P014,35,210.09,219.18,0
2023-09-15,P014,31,247.03,228.42,0
2023-09-16,P014,28,301.01,275.75,0
2023-09-17,P014,33,265.39,240.27,0
2023-09-18,P014,34,212.67,225.52,0
2023-09-19,P014,40,167.96,160.08,0
2023-09-20,P014,40,173.02,187.39,0
2023-09-21,P014,35,204.01,192.45,0
2023-09-22,P014,32,228.38,207.84,0
2023-09-23,P014,28,300.33,325.23,0
2023-09-24,P014,40,208.06,205.23,0
2023-09-25,P014,39,173.1,157.92,0
2023-09-26,P014,41,162.48,176.63,0
2023-09-27,P014,27,265.45,251.57,0
2023-09-28,P014,31,256.78,262.34,0
2023-09-29,P014,29,263.25,254.11,0
2023-09-30,P014,34,268.2,265.67,0
2023-10-01,P014,46,165.18,152.47,0
2023-10-02,P014,37,193.57,192.65,0
2023-10-03,P014,39,169.17,162.17,0
2023-10-04,P014,30,257.78,273.47,0
2023-10-05,P014,30,247.61,265.43,0
2023-10-06,P014,36,194.88,176.17,0
2023-10-07,P014,36,251.64,268.44,0
2023-10-08,P014,40,227.67,240.81,0
2023-10-09,P014,29,252.15,237.37,0
2023-10-10,P014,38,187.27,173.97,0
2023-10-11,P014,38,192.92,185.75,0
2023-10-12,P014,32,238.55,230.98,0
2023-10-13,P014,29,259.1,273.11,0
2023-10-14,P014,37,237.64,259.08,0
2023-10-15,P014,46,169.86,178.95,0
2023-10-16,P014,31,235.08,218.08,0
2023-10-17,P014,36,201.95,196.47,0
2023-10-18,P014,37,184.05,183.94,0
2023-10-19,P014,44,205.37,213.15,1
2023-10-20,P014,28,289.38,272.05,0
2023-10-21,P014,32,276.43,255.07,0
2023-10-22,P014,33,276.54,287.66,0
2023-10-23,P014,39,191.82,179.15,0
2023-10-24,P014,27,261.66,271.6,0
2023-10-25,P014,28,285.6,292.42,0
2023-10-26,P014,38,200.31,210.67,0
