data/synthetic/sales_history.csv
date,product_id,units_sold,price_charged,competitor_price,promo_flag
2023-10-27,P014,30,254.37,261.42,0
2023-10-28,P014,46,184.61,200.09,0
2023-10-29,P014,41,213.3,198.2,0
2023-10-30,P014,27,285.29,302.13,0
2023-10-31,P014,27,271.58,294.02,0
2023-11-01,P014,32,254.86,236.15,0
2023-11-02,P014,33,234.49,224.17,0
2023-11-03,P014,28,272.69,289.04,0
2023-11-04,P014,47,180.05,190.47,0
2023-11-05,P014,38,239.34,254.34,0
2023-11-06,P014,31,248.78,228.31,0
2023-11-07,P014,29,263.06,276.89,0
2023-11-08,P014,34,237.64,218.87,0
2023-11-09,P014,32,255.12,254.02,0
2023-11-10,P014,33,246.03,237.1,0
2023-11-11,P014,43,214.18,209.54,0
2023-11-12,P014,34,268.27,294.19,0
2023-11-13,P014,33,230.85,212.81,0
2023-11-14,P014,31,255.45,262.93,0
2023-11-15,P014,40,186.25,181.33,0
2023-11-16,P014,40,184.74,182.62,0
2023-11-17,P014,30,244.73,244.82,0
2023-11-18,P014,44,206.43,194.07,0
2023-11-19,P014,36,260.61,277.29,0
2023-11-20,P014,29,262.42,273.49,0
2023-11-21,P014,43,246.38,224.05,1
2023-11-22,P014,27,288.45,289.2,0
2023-11-23,P014,28,278.63,301.65,0
2023-11-24,P014,29,292.91,268.8,0
2023-11-25,P014,42,230.09,248.4,0
2023-11-26,P014,41,225.61,220.75,0
2023-11-27,P014,37,208.54,200.99,0
2023-11-28,P014,42,174.92,179.24,0
2023-11-29,P014,33,246.58,241.48,0
2023-11-30,P014,38,276.73,262.12,1
2023-12-01,P014,27,289.02,298.7,0
2023-12-02,P014,46,213.45,198.12,0
2023-12-03,P014,33,285.09,256.85,0
2023-12-04,P014,27,298.37,270.92,0
2023-12-05,P014,35,222.23,228.02,0
2023-12-06,P014,53,172.0,171.94,1
2023-12-07,P014,35,232.41,245.67,0
2023-12-08,P014,41,179.41,193.31,0
2023-12-09,P014,34,281.17,284.54,0
2023-12-10,P014,34,285.83,266.97,0
2023-12-11,P014,40,204.12,192.98,0
2023-12-12,P014,35,248.84,233.38,0
2023-12-13,P014,32,272.36,268.74,0
2023-12-14,P014,38,227.94,245.28,0
2023-12-15,P014,41,179.87,188.33,0
2023-12-16,P014,33,289.94,300.25,0
2023-12-17,P014,63,196.46,191.91,1
2023-12-18,P014,28,286.97,277.2,0
2023-12-19,P014,34,249.47,248.55,0
2023-12-20,P014,33,254.07,278.81,0
2023-12-21,P014,31,289.44,263.96,0
2023-12-22,P014,52,199.29,191.8,1
2023-12-23,P014,59,221.32,201.47,1
2023-12-24,P014,66,179.94,195.61,1
2023-12-25,P014,44,176.53,191.57,0
2023-12-26,P014,43,174.27,185.66,0
2023-12-27,P014,46,170.79,186.25,0
2023-12-28,P014,45,168.81,177.46,0
2023-12-29,P014,27,294.5,290.26,0
2023-12-30,P014,40,267.55,277.77,0
2023-12-31,P014,57,167.53,165.57,0
2024-01-01,P014,33,271.52,289.64,0
2024-01-02,P014,31,282.31,261.42,0
2024-01-03,P014,42,196.19,187.36,0
2024-01-04,P014,45,167.77,159.76,0
2024-01-05,P014,46,175.89,182.86,0
2024-01-06,P014,53,260.54,258.1,1
2024-01-07,P014,38,275.06,266.56,0
2024-01-08,P014,34,256.12,261.14,0
2024-01-09,P014,45,177.41,159.75,0
2024-01-10,P014,41,219.88,220.6,0
2024-01-11,P014,45,171.82,173.32,0
2024-01-12,P014,40,227.67,207.1,0
2024-01-13,P014,51,206.1,222.89,0
2024-01-14,P014,34,300.68,327.4,0
2024-01-15,P014,30,299.31,318.09,0
2024-01-16,P014,40,221.16,219.98,0
2024-01-17,P014,43,199.1,190.16,0
2024-01-18,P014,47,177.35,194.69,0
2024-01-19,P014,33,288.4,302.7,0
2024-01-20,P014,55,190.58,207.15,0
2024-01-21,P014,47,235.49,240.28,0
2024-01-22,P014,42,211.3,219.72,0
2024-01-23,P014,43,284.9,285.59,1
2024-01-24,P014,46,197.63,195.85,0
2024-01-25,P014,44,202.98,211.22,0
2024-01-26,P014,30,297.85,295.66,0
2024-01-27,P014,42,262.67,238.86,0
2024-01-28,P014,57,179.22,171.91,0
2024-01-29,P014,46,198.27,216.96,0
2024-01-30,P014,58,205.4,223.41,1
2024-01-31,P014,40,247.46,257.49,0
2024-02-01,P014,47,186.15,195.52,0
2024-02-02,P014,37,263.08,286.55,0
2024-02-03,P014,39,296.74,316.14,0
2024-02-04,P014,43,268.95,263.86,0
2024-02-05,P014,42,210.3,202.32,0
2024-02-06,P014,34,281.2,290.45,0
2024-02-07,P014,33,299.15,293.02,0
2024-02-08,P014,41,238.88,231.79,0
2024-02-09,P014,31,299.39,287.7,0
2024-02-10,P014,59,177.38,182.69,0
2024-02-11,P014,48,234.11,228.32,0
2024-02-12,P014,40,240.4,251.28,0
2024-02-13,P014,33,294.69,300.01,0
2024-02-14,P014,50,163.3,164.85,0
2024-02-15,P014,42,288.07,307.55,1
2024-02-16,P014,49,194.53,213.5,0
2024-02-17,P014,62,166.59,165.39,0
2024-02-18,P014,50,299.65,325.68,1
2024-02-19,P014,46,208.51,213.11,0
2024-02-20,P014,36,262.65,261.07,0
2024-02-21,P014,34,278.39,256.17,0
2024-02-22,P014,40,250.05,271.85,0
2024-02-23,P014,42,245.95,252.57,0
2024-02-24,P014,47,245.64,265.01,0
2024-02-25,P014,62,168.15,172.88,0
2024-02-26,P014,39,247.83,266.77,0
2024-02-27,P014,34,281.24,256.71,0
2024-02-28,P014,46,202.47,222.55,0
2024-02-29,P014,48,197.96,207.43,0
2024-03-01,P014,44,220.24,227.95,0
2024-03-02,P014,54,209.11,213.46,0
2024-03-03,P014,77,190.82,187.49,1
2024-03-04,P014,46,189.76,188.3,0
2024-03-05,P014,38,258.6,236.82,0
2024-03-06,P014,49,181.1,172.07,0
2024-03-07,P014,48,189.99,182.42,0
2024-03-08,P014,50,179.7,171.72,0
2024-03-09,P014,60,257.97,235.67,1
2024-03-10,P014,51,231.77,247.62,0
2024-03-11,P014,54,170.45,173.6,0
2024-03-12,P014,36,284.28,305.11,0
2024-03-13,P014,54,170.21,185.61,0
2024-03-14,P014,35,274.14,256.41,0
2024-03-15,P014,47,201.07,202.97,0
2024-03-16,P014,51,246.92,227.33,0
2024-03-17,P014,43,281.27,288.41,0
2024-03-18,P014,41,254.01,238.25,0
2024-03-19,P014,50,177.9,176.68,0
2024-03-20,P014,52,172.76,158.43,0
2024-03-21,P014,46,230.22,237.42,0
2024-03-22,P014,40,255.17,251.75,0
2024-03-23,P014,48,251.73,246.36,0
2024-03-24,P014,54,208.01,197.13,0
2024-03-25,P014,55,173.15,167.48,0
2024-03-26,P014,44,297.94,301.33,1
2024-03-27,P014,44,285.87,313.01,1
2024-03-28,P014,35,285.36,283.72,0
2024-03-29,P014,64,196.04,179.15,1
2024-03-30,P014,48,250.97,258.0,0
2024-03-31,P014,61,187.61,181.98,0
2024-04-01,P014,45,229.46,244.73,0
2024-04-02,P014,41,234.99,218.52,0
2024-04-03,P014,35,301.03,302.93,0
2024-04-04,P014,62,209.03,197.86,1
2024-04-05,P014,37,284.19,259.8,0
2024-04-06,P014,47,246.47,262.56,0
2024-04-07,P014,48,253.5,266.66,0
2024-04-08,P014,45,219.9,221.27,0
2024-04-09,P014,45,292.07,267.72,1
2024-04-10,P014,51,177.37,177.59,0
2024-04-11,P014,50,198.01,195.35,0
2024-04-12,P014,44,222.22,221.32,0
2024-04-13,P014,47,254.82,255.66,0
2024-04-14,P014,41,282.07,286.1,0
2024-04-15,P014,47,190.43,186.37,0
2024-04-16,P014,40,257.66,263.6,0
2024-04-17,P014,65,183.62,183.16,1
2024-04-18,P014,38,268.59,282.02,0
2024-04-19,P014,52,170.81,157.57,0
2024-04-20,P014,48,252.59,267.35,0
2024-04-21,P014,48,242.47,238.37,0
2024-04-22,P014,40,252.11,262.04,0
2024-04-23,P014,42,233.77,223.43,0
2024-04-24,P014,36,273.15,296.02,0
2024-04-25,P014,48,269.0,273.56,1
2024-04-26,P014,46,222.98,213.2,0
2024-04-27,P014,59,189.46,180.87,0
2024-04-28,P014,73,203.0,214.27,1
2024-04-29,P014,43,235.02,229.59,0
2024-04-30,P014,45,204.01,201.13,0
2024-05-01,P014,38,265.01,271.69,0
2024-05-02,P014,50,266.25,250.36,1
2024-05-03,P014,33,300.62,299.16,0
2024-05-04,P014,46,262.12,288.11,0
2024-05-05,P014,60,192.46,189.45,0
2024-05-06,P014,50,180.0,162.17,0
2024-05-07,P014,44,285.98,293.6,1
2024-05-08,P014,42,223.55,242.4,0
2024-05-09,P014,37,261.3,252.75,0
2024-05-10,P014,50,172.1,181.95,0
2024-05-11,P014,44,262.31,262.21,0
2024-05-12,P014,41,285.43,297.45,0
2024-05-13,P014,49,171.67,167.3,0
2024-05-14,P014,40,241.74,246.97,0
2024-05-15,P014,56,213.47,196.65,1
2024-05-16,P014,48,181.63,195.79,0
2024-05-17,P014,35,278.24,269.84,0
2024-05-18,P014,41,277.8,284.15,0
2024-05-19,P014,46,256.72,235.36,0
2024-05-20,P014,46,205.97,193.57,0
2024-05-21,P014,49,166.42,160.28,0
2024-05-22,P014,44,277.05,275.33,1
2024-05-23,P014,45,266.78,265.71,1
2024-05-24,P014,49,174.93,175.21,0
2024-05-25,P014,60,166.4,159.2,0
2024-05-26,P014,62,246.68,241.31,1
2024-05-27,P014,30,298.42,326.19,0
2024-05-28,P014,34,273.47,285.79,0
2024-05-29,P014,44,214.23,205.21,0
2024-05-30,P014,32,295.57,305.9,0
2024-05-31,P014,44,204.44,202.74,0
2024-06-01,P014,75,182.12,166.92,1
2024-06-02,P014,67,215.63,208.33,1
2024-06-03,P014,39,240.8,248.23,0
2024-06-04,P014,60,180.64,167.33,1
2024-06-05,P014,63,167.17,157.99,1
2024-06-06,P014,36,270.44,251.14,0
2024-06-07,P014,42,221.64,224.03,0
2024-06-08,P014,57,184.14,172.39,0
2024-06-09,P014,45,243.25,231.5,0
2024-06-10,P014,31,284.15,292.25,0
2024-06-11,P014,39,224.8,223.25,0
2024-06-12,P014,56,211.97,208.18,1
2024-06-13,P014,55,206.04,222.13,1
2024-06-14,P014,36,247.24,269.9,0
2024-06-15,P014,52,209.47,212.73,0
2024-06-16,P014,46,235.65,239.21,0
2024-06-17,P014,38,243.47,265.74,0
2024-06-18,P014,32,294.06,289.47,0
2024-06-19,P014,47,167.21,152.26,0
2024-06-20,P014,36,249.14,233.7,0
2024-06-21,P014,38,233.71,252.9,0
2024-06-22,P014,71,188.06,199.87,1
2024-06-23,P014,44,238.15,222.49,0
2024-06-24,P014,31,282.23,288.26,0
2024-06-25,P014,42,195.21,179.55,0
2024-06-26,P014,30,288.47,286.04,0
2024-06-27,P014,40,212.52,205.56,0
2024-06-28,P014,43,200.2,202.81,0
2024-06-29,P014,45,239.89,257.64,0
2024-06-30,P014,51,200.68,188.32,0
2024-07-01,P014,34,259.2,234.77,0
2024-07-02,P014,41,202.49,187.47,0
2024-07-03,P014,31,267.22,280.6,0
2024-07-04,P014,33,266.59,267.82,0
2024-07-05,P014,42,200.6,182.61,0
2024-07-06,P014,50,199.36,190.79,0
2024-07-07,P014,40,250.1,235.9,0
2024-07-08,P014,39,291.32,306.25,1
2024-07-09,P014,29,292.16,270.07,0
2024-07-10,P014,36,249.79,242.4,0
2024-07-11,P014,39,221.4,202.31,0
2024-07-12,P014,42,189.09,193.17,0
2024-07-13,P014,36,285.14,258.6,0
2024-07-14,P014,47,212.7,230.52,0
2024-07-15,P014,35,231.76,209.74,0
2024-07-16,P014,36,242.67,258.93,0
2024-07-17,P014,28,299.95,306.47,0
2024-07-18,P014,31,276.85,250.26,0
2024-07-19,P014,37,294.58,310.16,1
2024-07-20,P014,50,183.42,171.14,0
2024-07-21,P014,45,211.42,215.81,0
2024-07-22,P014,35,222.95,203.17,0
2024-07-23,P014,28,297.91,272.53,0
2024-07-24,P014,30,274.89,256.93,0
2024-07-25,P014,33,256.72,247.51,0
2024-07-26,P014,42,177.39,190.32,0
2024-07-27,P014,46,208.35,193.6,0
2024-07-28,P014,45,203.54,198.87,0
2024-07-29,P014,37,200.79,211.82,0
2024-07-30,P014,27,289.95,266.81,0
2024-07-31,P014,29,276.73,304.2,0
2024-08-01,P014,38,208.83,222.63,0
2024-08-02,P014,33,255.93,256.42,0
2024-08-03,P014,47,188.52,176.22,0
2024-08-04,P014,37,261.45,261.52,0
2024-08-05,P014,41,187.28,184.63,0
2024-08-06,P014,28,283.42,311.61,0
2024-08-07,P014,29,286.45,266.13,0
2024-08-08,P014,36,217.74,229.78,0
2024-08-09,P014,39,183.9,197.89,0
2024-08-10,P014,40,241.37,257.7,0
2024-08-11,P014,33,283.76,294.45,0
2024-08-12,P014,51,190.18,175.47,1
2024-08-13,P014,30,257.65,259.38,0
2024-08-14,P014,36,220.84,236.8,0
2024-08-15,P014,27,282.53,277.25,0
2024-08-16,P014,38,177.12,177.5,0
2024-08-17,P014,44,204.64,220.88,0
2024-08-18,P014,30,296.9,306.6,0
2024-08-19,P014,35,214.61,235.47,0
2024-08-20,P014,40,174.67,183.71,0
2024-08-21,P014,33,227.75,217.6,0
2024-08-22,P014,35,205.32,219.72,0
2024-08-23,P014,39,171.29,168.11,0
2024-08-24,P014,34,266.2,287.23,0
2024-08-25,P014,40,230.0,237.0,0
2024-08-26,P014,27,284.9,269.95,0
2024-08-27,P014,38,198.04,208.57,0
2024-08-28,P014,25,291.49,278.46,0
2024-08-29,P014,39,188.43,182.64,0
2024-08-30,P014,25,297.33,316.74,0
2024-08-31,P014,42,211.43,198.56,0
2024-09-01,P014,31,292.23,287.65,0
2024-09-02,P014,40,173.64,176.24,0
2024-09-03,P014,36,216.99,223.06,0
2024-09-04,P014,33,295.82,304.99,1
2024-09-05,P014,35,209.44,199.36,0
2024-09-06,P014,32,214.59,229.27,0
2024-09-07,P014,33,281.8,277.69,0
2024-09-08,P014,38,250.67,266.01,0
2024-09-09,P014,28,264.85,246.32,0
2024-09-10,P014,28,271.81,275.02,0
2024-09-11,P014,27,276.5,277.79,0
2024-09-12,P014,25,281.51,293.68,0
2024-09-13,P014,24,299.96,285.97,0
2024-09-14,P014,45,257.31,238.41,1
2024-09-15,P014,44,176.59,188.22,0
2024-09-16,P014,26,278.71,257.38,0
2024-09-17,P014,27,275.2,252.9,0
2024-09-18,P014,31,265.09,241.74,0
2024-09-19,P014,35,200.86,206.69,0
2024-09-20,P014,25,286.12,299.5,0
2024-09-21,P014,29,295.89,298.71,0
2024-09-22,P014,40,225.92,228.9,0
2024-09-23,P014,30,241.79,253.72,0
2024-09-24,P014,38,182.23,164.96,0
2024-09-25,P014,31,234.4,235.12,0
2024-09-26,P014,41,236.58,215.41,1
2024-09-27,P014,29,261.19,251.31,0
2024-09-28,P014,38,228.7,246.62,0
2024-09-29,P014,32,274.35,249.56,0
2024-09-30,P014,31,246.48,242.08,0
2024-10-01,P014,24,288.66,290.16,0
2024-10-02,P014,25,272.99,260.34,0
2024-10-03,P014,26,293.21,294.71,0
2024-10-04,P014,28,269.59,245.4,0
2024-10-05,P014,30,273.38,252.14,0
2024-10-06,P014,35,265.36,245.79,0
2024-10-07,P014,35,188.98,175.73,0
2024-10-08,P014,36,206.74,206.7,0
2024-10-09,P014,32,232.24,228.87,0
2024-10-10,P014,25,276.64,250.61,0
2024-10-11,P014,27,282.95,277.58,0
2024-10-12,P014,41,203.17,207.86,0
2024-10-13,P014,32,269.16,245.41,0
2024-10-14,P014,31,290.73,310.9,1
2024-10-15,P014,33,217.58,227.61,0
2024-10-16,P014,33,234.09,232.25,0
2024-10-17,P014,38,170.1,162.94,0
2024-10-18,P014,32,241.95,258.7,0
2024-10-19,P014,31,292.21,305.3,0
2024-10-20,P014,42,193.72,190.13,0
2024-10-21,P014,38,188.31,202.53,0
2024-10-22,P014,30,255.42,247.61,0
2024-10-23,P014,30,254.16,249.73,0
2024-10-24,P014,27,290.15,309.6,0
2024-10-25,P014,26,284.95,305.45,0
2024-10-26,P014,38,241.55,219.24,0
2024-10-27,P014,35,250.66,274.24,0
2024-10-28,P014,39,169.9,185.05,0
2024-10-29,P014,37,184.39,192.91,0
2024-10-30,P014,35,192.22,210.91,0
2024-10-31,P014,37,266.4,265.14,1
2024-11-01,P014,26,293.74,280.23,0
2024-11-02,P014,61,182.46,181.98,1
2024-11-03,P014,41,218.54,225.11,0
2024-11-04,P014,25,292.52,295.37,0
2024-11-05,P014,35,207.75,203.81,0
2024-11-06,P014,25,293.22,278.97,0
2024-11-07,P014,31,238.61,249.89,0
2024-11-08,P014,29,275.85,291.58,0
2024-11-09,P014,61,184.07,174.7,1
2024-11-10,P014,36,255.65,241.84,0
2024-11-11,P014,27,283.1,266.09,0
2024-11-12,P014,32,259.22,240.68,0
2024-11-13,P014,28,268.47,248.54,0
2024-11-14,P014,34,236.46,250.84,0
2024-11-15,P014,40,171.43,160.89,0
2024-11-16,P014,32,286.37,267.36,0
2024-11-17,P014,28,300.59,326.02,0
2024-11-18,P014,43,162.52,160.26,0
2024-11-19,P014,35,222.98,217.6,0
2024-11-20,P014,41,166.25,167.28,0
2024-11-21,P014,39,197.8,209.04,0
2024-11-22,P014,30,272.62,251.68,0
2024-11-23,P014,35,271.63,274.81,0
2024-11-24,P014,46,194.36,208.21,0
2024-11-25,P014,29,271.77,279.66,0
2024-11-26,P014,41,174.8,178.54,0
2024-11-27,P014,29,273.92,253.81,0
2024-11-28,P014,31,252.93,250.07,0
2024-11-29,P014,39,196.77,193.67,0
2024-11-30,P014,50,172.98,184.67,0
2024-12-01,P014,39,254.38,250.14,0
2024-12-02,P014,37,282.73,262.21,1
2024-12-03,P014,47,215.3,236.26,1
2024-12-04,P014,41,184.63,166.75,0
2024-12-05,P014,28,293.64,321.31,0
2024-12-06,P014,26,290.86,284.53,0
2024-12-07,P014,40,247.65,241.65,0
2024-12-08,P014,49,260.72,255.76,1
2024-12-09,P014,28,295.42,280.64,0
2024-12-10,P014,38,210.42,204.99,0
2024-12-11,P014,55,176.12,158.56,1
2024-12-12,P014,35,242.26,226.33,0
2024-12-13,P014,30,282.56,268.63,0
2024-12-14,P014,49,193.87,186.49,0
2024-12-15,P014,53,167.02,153.08,0
2024-12-16,P014,43,177.47,160.88,0
2024-12-17,P014,36,239.63,225.64,0
2024-12-18,P014,41,194.94,175.47,0
2024-12-19,P014,37,223.29,204.84,0
2024-12-20,P014,35,239.05,237.18,0
2024-12-21,P014,42,241.59,229.4,0
2024-12-22,P014,40,268.69,272.94,0
2024-12-23,P014,29,283.12,285.78,0
2024-12-24,P014,43,188.05,205.82,0
2024-12-25,P014,45,175.25,178.45,0
2024-12-26,P014,39,230.61,223.56,0
2024-12-27,P014,41,203.81,197.1,0
2024-12-28,P014,54,167.61,166.18,0
2024-12-29,P014,45,226.32,238.33,0
2024-12-30,P014,36,232.09,248.45,0
2024-12-31,P014,45,174.89,191.76,0
2023-01-01,P015,45,99.02,103.78,0
2023-01-02,P015,47,72.93,68.87,0
2023-01-03,P015,41,93.32,89.39,0
2023-01-04,P015,38,100.48,93.98,0
2023-01-05,P015,44,84.28,77.94,0
2023-01-06,P015,39,99.41,100.25,0
2023-01-07,P015,44,105.14,95.38,0
2023-01-08,P015,37,116.75,127.05,0
2023-01-09,P015,34,109.76,115.57,0
2023-01-10,P015,51,69.88,73.12,0
2023-01-11,P015,32,117.88,110.68,0
2023-01-12,P015,41,91.84,83.66,0
2023-01-13,P015,52,70.25,71.68,0
2023-01-14,P015,56,79.79,75.02,0
2023-01-15,P015,63,65.44,60.88,0
2023-01-16,P015,34,112.66,106.09,0
2023-01-17,P015,35,112.38,111.82,0
2023-01-18,P015,48,73.64,71.81,0
2023-01-19,P015,42,91.42,88.86,0
2023-01-20,P015,50,100.23,97.34,1
2023-01-21,P015,59,104.7,105.34,1
2023-01-22,P015,52,87.69,87.1,0
2023-01-23,P015,43,91.84,90.59,0
2023-01-24,P015,46,78.54,73.98,0
2023-01-25,P015,32,113.78,122.55,0
2023-01-26,P015,47,105.87,110.45,1
2023-01-27,P015,39,97.54,99.5,0
2023-01-28,P015,63,70.94,65.06,0
2023-01-29,P015,74,82.76,82.91,1
2023-01-30,P015,39,101.83,111.65,0
2023-01-31,P015,53,70.48,70.85,0
2023-02-01,P015,53,68.36,62.39,0
2023-02-02,P015,34,113.2,104.74,0
2023-02-03,P015,40,98.71,108.55,0
2023-02-04,P015,75,83.21,89.95,1
2023-02-05,P015,52,116.24,117.86,1
2023-02-06,P015,47,83.91,89.47,0
2023-02-07,P015,39,105.07,96.22,0
2023-02-08,P015,39,100.3,103.74,0
2023-02-09,P015,54,73.43,73.11,0
2023-02-10,P015,35,116.51,107.38,0
2023-02-11,P015,56,86.47,85.17,0
2023-02-12,P015,64,100.85,104.19,1
2023-02-13,P015,71,65.38,67.05,1
2023-02-14,P015,43,94.66,97.52,0
2023-02-15,P015,40,100.05,97.45,0
2023-02-16,P015,50,77.42,80.25,0
2023-02-17,P015,43,97.26,96.49,0
2023-02-18,P015,65,71.1,67.02,0
2023-02-19,P015,54,93.79,93.69,0
2023-02-20,P015,34,114.43,105.32,0
2023-02-21,P015,41,100.87,93.52,0
2023-02-22,P015,47,89.22,97.45,0
2023-02-23,P015,56,98.94,89.83,1
2023-02-24,P015,48,88.61,81.12,0
2023-02-25,P015,61,81.48,89.56,0
2023-02-26,P015,66,73.58,72.07,0
2023-02-27,P015,37,108.62,107.05,0
2023-02-28,P015,48,85.21,93.39,0
2023-03-01,P015,47,89.2,85.23,0
2023-03-02,P015,55,69.33,74.53,0
2023-03-03,P015,50,80.19,75.38,0
2023-03-04,P015,56,88.0,86.74,0
2023-03-05,P015,58,86.59,78.46,0
2023-03-06,P015,55,73.93,77.21,0
2023-03-07,P015,44,96.6,90.69,0
2023-03-08,P015,56,70.75,71.04,0
2023-03-09,P015,42,100.69,108.04,0
2023-03-10,P015,39,104.11,107.53,0
2023-03-11,P015,61,107.5,97.57,1
2023-03-12,P015,66,72.09,78.05,0
2023-03-13,P015,55,76.33,78.55,0
2023-03-14,P015,46,94.57,94.31,0
2023-03-15,P015,48,87.2,84.24,0
2023-03-16,P015,48,86.56,95.18,0
2023-03-17,P015,39,106.72,101.16,0
2023-03-18,P015,49,106.33,112.87,0
2023-03-19,P015,53,94.34,94.66,0
2023-03-20,P015,34,118.51,113.6,0
2023-03-21,P015,43,98.07,99.81,0
2023-03-22,P015,52,81.41,87.18,0
2023-03-23,P015,41,103.41,93.78,0
2023-03-24,P015,38,110.87,108.36,0
2023-03-25,P015,66,74.0,68.82,0
2023-03-26,P015,53,95.27,99.6,0
2023-03-27,P015,44,93.53,100.56,0
