data/synthetic/sales_history.csv
date,product_id,units_sold,price_charged,competitor_price,promo_flag
2023-03-28,P015,36,115.36,113.05,0
2023-03-29,P015,52,80.93,83.88,0
2023-03-30,P015,48,112.52,103.91,1
2023-03-31,P015,62,90.28,88.15,1
2023-04-01,P015,62,81.33,88.05,0
2023-04-02,P015,67,66.73,62.01,0
2023-04-03,P015,63,85.83,89.65,1
2023-04-04,P015,66,84.28,92.52,1
2023-04-05,P015,39,106.96,114.37,0
2023-04-06,P015,36,115.76,120.24,0
2023-04-07,P015,38,113.59,117.75,0
2023-04-08,P015,47,105.96,112.31,0
2023-04-09,P015,60,83.71,78.42,0
2023-04-10,P015,54,78.21,77.4,0
2023-04-11,P015,57,98.53,104.63,1
2023-04-12,P015,49,83.73,86.12,0
2023-04-13,P015,71,76.08,83.35,1
2023-04-14,P015,55,68.31,69.69,0
2023-04-15,P015,58,87.66,84.27,0
2023-04-16,P015,64,77.86,73.53,0
2023-04-17,P015,39,106.64,106.32,0
2023-04-18,P015,56,68.09,70.86,0
2023-04-19,P015,39,109.37,105.67,0
2023-04-20,P015,58,94.71,92.81,1
2023-04-21,P015,40,105.42,104.55,0
2023-04-22,P015,58,86.4,83.26,0
2023-04-23,P015,50,97.77,89.24,0
2023-04-24,P015,39,108.5,107.41,0
2023-04-25,P015,38,106.63,113.59,0
2023-04-26,P015,53,75.34,69.67,0
2023-04-27,P015,36,115.25,107.51,0
2023-04-28,P015,53,76.66,83.09,0
2023-04-29,P015,61,78.63,79.29,0
2023-04-30,P015,59,86.74,87.76,0
2023-05-01,P015,48,83.87,89.75,0
2023-05-02,P015,58,67.04,68.42,0
2023-05-03,P015,48,87.2,89.45,0
2023-05-04,P015,56,69.21,75.53,0
2023-05-05,P015,44,99.16,92.25,0
2023-05-06,P015,70,90.37,98.84,1
2023-05-07,P015,42,115.82,126.31,0
2023-05-08,P015,51,76.27,81.12,0
2023-05-09,P015,36,112.48,117.05,0
2023-05-10,P015,51,80.26,79.98,0
2023-05-11,P015,40,100.88,93.05,0
2023-05-12,P015,53,71.59,73.3,0
2023-05-13,P015,58,84.32,87.42,0
2023-05-14,P015,47,106.38,115.08,0
2023-05-15,P015,52,78.73,77.5,0
2023-05-16,P015,72,68.84,70.44,1
2023-05-17,P015,53,67.64,61.32,0
2023-05-18,P015,47,87.2,90.14,0
2023-05-19,P015,48,82.03,74.58,0
2023-05-20,P015,64,74.15,79.59,0
2023-05-21,P015,66,66.77,72.33,0
2023-05-22,P015,45,89.74,84.99,0
2023-05-23,P015,33,117.69,111.65,0
2023-05-24,P015,36,112.62,110.62,0
2023-05-25,P015,32,117.54,110.13,0
2023-05-26,P015,47,86.59,83.19,0
2023-05-27,P015,56,85.93,85.27,0
2023-05-28,P015,60,78.01,73.98,0
2023-05-29,P015,46,91.21,97.23,0
2023-05-30,P015,44,88.6,96.24,0
2023-05-31,P015,42,98.04,96.79,0
2023-06-01,P015,43,95.15,94.35,0
2023-06-02,P015,53,69.84,71.2,0
2023-06-03,P015,47,98.36,98.18,0
2023-06-04,P015,40,113.6,124.51,0
2023-06-05,P015,32,117.5,111.85,0
2023-06-06,P015,45,84.35,76.45,0
2023-06-07,P015,49,72.95,69.72,0
2023-06-08,P015,48,76.78,80.6,0
2023-06-09,P015,61,80.31,85.16,1
2023-06-10,P015,62,73.31,68.29,0
2023-06-11,P015,46,101.48,110.2,0
2023-06-12,P015,46,108.25,104.85,1
2023-06-13,P015,31,116.58,121.31,0
2023-06-14,P015,42,93.65,95.01,0
2023-06-15,P015,31,118.76,117.78,0
2023-06-16,P015,47,79.06,82.12,0
2023-06-17,P015,44,100.85,101.45,0
2023-06-18,P015,55,83.87,80.14,0
2023-06-19,P015,54,94.44,103.02,1
2023-06-20,P015,48,80.53,78.47,0
2023-06-21,P015,37,100.82,107.67,0
2023-06-22,P015,32,111.73,106.9,0
2023-06-23,P015,50,69.73,66.07,0
2023-06-24,P015,56,77.02,76.71,0
2023-06-25,P015,53,81.69,86.83,0
2023-06-26,P015,32,116.38,114.14,0
2023-06-27,P015,51,66.84,64.76,0
2023-06-28,P015,37,99.58,99.96,0
2023-06-29,P015,46,77.47,73.26,0
2023-06-30,P015,48,101.28,95.15,1
2023-07-01,P015,44,101.43,99.85,0
2023-07-02,P015,34,118.62,129.64,0
2023-07-03,P015,48,71.11,68.08,0
2023-07-04,P015,41,111.02,107.24,1
2023-07-05,P015,35,109.01,109.75,0
2023-07-06,P015,33,107.35,99.9,0
2023-07-07,P015,38,99.19,108.39,0
2023-07-08,P015,60,67.33,65.25,0
2023-07-09,P015,47,90.31,84.46,0
2023-07-10,P015,32,108.8,117.68,0
2023-07-11,P015,48,68.65,68.77,0
2023-07-12,P015,43,107.61,98.39,1
2023-07-13,P015,36,99.12,92.48,0
2023-07-14,P015,36,97.12,91.93,0
2023-07-15,P015,41,106.48,113.41,0
2023-07-16,P015,49,91.62,87.4,0
2023-07-17,P015,37,98.24,100.79,0
2023-07-18,P015,30,115.5,115.85,0
2023-07-19,P015,37,118.88,112.05,1
2023-07-20,P015,38,89.04,83.17,0
2023-07-21,P015,44,76.35,70.77,0
2023-07-22,P015,37,108.6,102.53,0
2023-07-23,P015,48,87.02,80.78,0
2023-07-24,P015,48,70.05,71.53,0
2023-07-25,P015,31,109.64,105.72,0
2023-07-26,P015,47,69.67,73.49,0
2023-07-27,P015,43,79.27,83.27,0
2023-07-28,P015,47,67.02,60.43,0
2023-07-29,P015,40,107.4,100.03,0
2023-07-30,P015,37,112.05,118.18,0
2023-07-31,P015,28,113.08,105.2,0
2023-08-01,P015,28,115.24,107.79,0
2023-08-02,P015,46,70.68,76.19,0
2023-08-03,P015,30,108.69,110.06,0
2023-08-04,P015,26,118.75,109.91,0
2023-08-05,P015,71,65.96,63.54,1
2023-08-06,P015,51,73.73,68.39,0
2023-08-07,P015,29,112.32,121.78,0
2023-08-08,P015,29,117.12,124.99,0
2023-08-09,P015,34,100.34,96.93,0
2023-08-10,P015,44,72.72,75.57,0
2023-08-11,P015,37,89.17,80.78,0
2023-08-12,P015,50,78.75,77.73,0
2023-08-13,P015,50,81.36,83.1,0
2023-08-14,P015,25,117.24,117.49,0
2023-08-15,P015,34,97.44,91.59,0
2023-08-16,P015,31,107.08,96.91,0
2023-08-17,P015,42,74.55,77.38,0
2023-08-18,P015,42,102.33,100.6,1
2023-08-19,P015,45,87.04,94.19,0
2023-08-20,P015,57,93.71,95.95,1
2023-08-21,P015,39,80.96,77.69,0
2023-08-22,P015,37,85.86,88.38,0
2023-08-23,P015,31,103.93,108.85,0
2023-08-24,P015,38,84.74,83.7,0
2023-08-25,P015,31,108.66,103.09,0
2023-08-26,P015,46,111.4,104.75,1
2023-08-27,P015,42,115.57,119.91,1
2023-08-28,P015,34,98.11,97.01,0
2023-08-29,P015,35,91.52,96.67,0
2023-08-30,P015,40,79.78,73.85,0
2023-08-31,P015,28,109.35,112.09,0
2023-09-01,P015,35,93.75,99.47,0
2023-09-02,P015,42,90.66,88.65,0
2023-09-03,P015,49,77.65,73.09,0
2023-09-04,P015,31,107.79,116.03,0
2023-09-05,P015,44,67.38,74.0,0
2023-09-06,P015,40,77.18,75.19,0
2023-09-07,P015,26,117.22,117.38,0
2023-09-08,P015,32,97.46,94.16,0
2023-09-09,P015,33,115.01,114.92,0
2023-09-10,P015,46,78.78,73.88,0
2023-09-11,P015,28,116.7,123.3,0
2023-09-12,P015,44,68.59,71.52,0
2023-09-13,P015,40,73.2,78.07,0
2023-09-14,P015,32,101.55,99.23,0
2023-09-15,P015,37,83.84,79.42,0
2023-09-16,P015,29,118.88,120.92,0
2023-09-17,P015,49,72.34,69.35,0
2023-09-18,P015,44,69.18,65.42,0
2023-09-19,P015,34,94.55,100.1,0
2023-09-20,P015,42,71.02,74.9,0
2023-09-21,P015,35,96.09,86.64,0
2023-09-22,P015,42,67.84,68.19,0
2023-09-23,P015,47,73.66,79.66,0
2023-09-24,P015,32,116.32,127.48,0
2023-09-25,P015,35,113.53,120.55,1
2023-09-26,P015,42,71.37,73.98,0
2023-09-27,P015,25,115.3,115.92,0
2023-09-28,P015,31,102.98,108.54,0
2023-09-29,P015,33,92.9,98.69,0
2023-09-30,P015,46,83.24,80.12,0
2023-10-01,P015,33,111.56,100.6,0
2023-10-02,P015,41,74.38,80.47,0
2023-10-03,P015,25,113.52,109.04,0
2023-10-04,P015,26,113.43,109.45,0
2023-10-05,P015,33,92.24,87.7,0
2023-10-06,P015,38,83.8,86.38,0
2023-10-07,P015,33,109.05,107.88,0
2023-10-08,P015,50,71.14,65.28,0
2023-10-09,P015,33,96.53,104.2,0
2023-10-10,P015,31,105.5,108.18,0
2023-10-11,P015,37,84.16,91.31,0
2023-10-12,P015,32,96.17,90.1,0
2023-10-13,P015,32,99.79,93.02,0
2023-10-14,P015,37,103.25,107.0,0
2023-10-15,P015,32,118.18,106.95,0
2023-10-16,P015,42,70.88,68.7,0
2023-10-17,P015,31,98.16,99.91,0
2023-10-18,P015,33,95.27,95.74,0
2023-10-19,P015,43,69.1,65.84,0
2023-10-20,P015,41,101.9,98.19,1
2023-10-21,P015,42,91.92,101.0,0
2023-10-22,P015,64,72.98,66.03,1
2023-10-23,P015,39,76.18,80.93,0
2023-10-24,P015,37,86.58,88.49,0
2023-10-25,P015,37,89.16,91.83,0
2023-10-26,P015,38,86.87,78.46,0
2023-10-27,P015,40,102.0,104.26,1
2023-10-28,P015,35,107.3,110.88,0
2023-10-29,P015,47,81.6,78.73,0
2023-10-30,P015,57,65.34,66.27,1
2023-10-31,P015,52,77.68,76.67,1
2023-11-01,P015,40,78.03,80.99,0
2023-11-02,P015,34,94.27,84.93,0
2023-11-03,P015,42,75.95,83.53,0
2023-11-04,P015,45,86.4,78.11,0
2023-11-05,P015,51,100.37,96.12,1
2023-11-06,P015,40,79.47,77.45,0
2023-11-07,P015,43,67.81,62.34,0
2023-11-08,P015,42,72.29,78.31,0
2023-11-09,P015,30,109.05,116.42,0
2023-11-10,P015,40,79.89,78.58,0
2023-11-11,P015,41,92.1,83.87,0
2023-11-12,P015,31,117.52,108.28,0
2023-11-13,P015,43,72.56,66.2,0
2023-11-14,P015,41,77.93,76.97,0
2023-11-15,P015,35,90.16,92.25,0
2023-11-16,P015,41,76.82,83.9,0
2023-11-17,P015,33,102.21,95.09,0
2023-11-18,P015,33,117.39,115.46,0
2023-11-19,P015,43,93.26,89.84,0
2023-11-20,P015,32,100.29,91.89,0
2023-11-21,P015,45,67.29,64.68,0
2023-11-22,P015,31,104.6,113.08,0
2023-11-23,P015,33,99.25,107.58,0
2023-11-24,P015,30,114.2,119.07,0
2023-11-25,P015,38,112.44,115.07,0
2023-11-26,P015,46,87.5,81.0,0
2023-11-27,P015,32,104.04,104.62,0
2023-11-28,P015,41,85.33,92.86,0
2023-11-29,P015,43,78.67,85.71,0
2023-11-30,P015,28,116.94,121.44,0
2023-12-01,P015,47,66.27,67.27,0
2023-12-02,P015,39,105.19,111.38,0
2023-12-03,P015,41,102.87,98.36,0
2023-12-04,P015,44,72.63,68.92,0
2023-12-05,P015,46,99.51,105.26,1
2023-12-06,P015,36,96.13,91.37,0
2023-12-07,P015,35,99.13,105.66,0
2023-12-08,P015,37,93.76,85.4,0
2023-12-09,P015,46,92.59,84.11,0
2023-12-10,P015,47,86.99,80.28,0
2023-12-11,P015,31,109.58,99.53,0
2023-12-12,P015,34,101.99,95.78,0
2023-12-13,P015,36,99.38,95.72,0
2023-12-14,P015,39,90.31,92.47,0
2023-12-15,P015,30,115.92,105.66,0
2023-12-16,P015,58,67.42,63.65,0
2023-12-17,P015,51,82.3,75.69,0
2023-12-18,P015,42,84.03,84.96,0
2023-12-19,P015,28,117.71,125.21,0
2023-12-20,P015,32,109.3,111.55,0
2023-12-21,P015,39,92.76,93.07,0
2023-12-22,P015,47,70.11,69.02,0
2023-12-23,P015,59,67.54,72.36,0
2023-12-24,P015,61,64.85,69.38,0
2023-12-25,P015,47,71.08,72.29,0
2023-12-26,P015,43,85.77,86.43,0
2023-12-27,P015,49,69.25,75.31,0
2023-12-28,P015,47,74.3,77.92,0
2023-12-29,P015,37,102.59,101.78,0
2023-12-30,P015,55,79.2,81.2,0
2023-12-31,P015,45,96.27,99.21,0
2024-01-01,P015,44,106.7,103.78,1
2024-01-02,P015,46,78.63,79.23,0
2024-01-03,P015,65,67.5,64.41,1
2024-01-04,P015,35,107.14,97.53,0
2024-01-05,P015,49,100.41,104.68,1
2024-01-06,P015,42,107.67,101.69,0
2024-01-07,P015,46,96.05,90.14,0
2024-01-08,P015,38,96.3,101.97,0
2024-01-09,P015,41,112.26,116.47,1
2024-01-10,P015,34,107.01,101.73,0
2024-01-11,P015,44,80.46,83.77,0
2024-01-12,P015,43,91.85,84.72,0
2024-01-13,P015,59,73.24,66.65,0
2024-01-14,P015,44,104.32,108.16,0
2024-01-15,P015,40,97.1,89.72,0
2024-01-16,P015,42,92.16,93.34,0
2024-01-17,P015,55,65.36,64.98,0
2024-01-18,P015,33,112.23,115.48,0
2024-01-19,P015,37,106.23,111.53,0
2024-01-20,P015,47,102.34,103.37,0
2024-01-21,P015,50,95.26,91.68,0
2024-01-22,P015,41,93.57,88.88,0
2024-01-23,P015,39,102.37,102.16,0
2024-01-24,P015,52,75.39,73.1,0
2024-01-25,P015,59,86.46,87.95,1
2024-01-26,P015,34,114.82,115.24,0
2024-01-27,P015,57,77.94,81.29,0
2024-01-28,P015,56,80.4,84.1,0
2024-01-29,P015,33,113.0,116.13,0
2024-01-30,P015,46,83.95,84.52,0
2024-01-31,P015,41,98.98,96.99,0
2024-02-01,P015,48,81.02,87.27,0
2024-02-02,P015,52,71.61,72.11,0
2024-02-03,P015,65,66.69,68.29,0
2024-02-04,P015,53,89.02,96.24,0
2024-02-05,P015,50,78.99,81.16,0
2024-02-06,P015,32,116.06,106.04,0
2024-02-07,P015,33,117.05,123.22,0
2024-02-08,P015,33,114.63,105.99,0
2024-02-09,P015,35,115.2,114.96,0
2024-02-10,P015,55,85.91,82.63,0
2024-02-11,P015,50,99.18,91.25,0
2024-02-12,P015,56,71.55,67.07,0
2024-02-13,P015,56,65.94,71.98,0
2024-02-14,P015,57,65.63,70.8,0
2024-02-15,P015,44,90.56,95.51,0
2024-02-16,P015,35,114.09,117.33,0
2024-02-17,P015,75,82.36,86.31,1
2024-02-18,P015,47,102.89,92.84,0
2024-02-19,P015,48,84.42,77.36,0
2024-02-20,P015,39,107.08,103.79,0
2024-02-21,P015,37,107.87,116.25,0
2024-02-22,P015,36,110.15,107.32,0
2024-02-23,P015,47,87.45,95.5,0
2024-02-24,P015,54,95.2,96.5,0
2024-02-25,P015,52,97.01,92.07,0
2024-02-26,P015,57,67.36,66.17,0
2024-02-27,P015,45,94.29,90.66,0
2024-02-28,P015,48,88.87,88.73,0
2024-02-29,P015,44,94.19,85.47,0
2024-03-01,P015,42,98.33,96.61,0
2024-03-02,P015,55,88.78,83.94,0
2024-03-03,P015,47,110.84,113.37,0
2024-03-04,P015,42,97.48,98.64,0
2024-03-05,P015,38,109.33,112.3,0
2024-03-06,P015,74,69.77,64.06,1
2024-03-07,P015,61,90.5,93.56,1
2024-03-08,P015,55,72.79,72.11,0
2024-03-09,P015,58,86.15,86.83,0
2024-03-10,P015,43,114.21,123.17,0
2024-03-11,P015,38,110.97,117.75,0
2024-03-12,P015,49,110.9,120.49,1
2024-03-13,P015,35,115.62,120.03,0
2024-03-14,P015,44,95.08,91.8,0
2024-03-15,P015,53,101.74,106.19,1
2024-03-16,P015,42,116.23,119.99,0
2024-03-17,P015,51,100.11,106.46,0
2024-03-18,P015,42,100.07,94.62,0
2024-03-19,P015,48,110.75,101.07,1
2024-03-20,P015,36,112.13,121.76,0
2024-03-21,P015,57,98.93,96.5,1
2024-03-22,P015,57,98.86,105.51,1
2024-03-23,P015,46,108.63,106.4,0
2024-03-24,P015,47,105.45,105.48,0
2024-03-25,P015,50,83.34,79.28,0
2024-03-26,P015,39,113.06,104.31,0
2024-03-27,P015,59,65.12,65.62,0
2024-03-28,P015,56,98.46,97.45,1
2024-03-29,P015,54,75.34,76.33,0
2024-03-30,P015,61,80.83,76.31,0
2024-03-31,P015,68,68.55,62.07,0
2024-04-01,P015,48,92.05,92.71,0
2024-04-02,P015,49,87.68,91.0,0
2024-04-03,P015,49,85.82,83.77,0
2024-04-04,P015,56,72.69,66.67,0
2024-04-05,P015,51,84.9,91.75,0
2024-04-06,P015,59,88.98,83.69,0
2024-04-07,P015,54,92.91,96.06,0
2024-04-08,P015,37,111.11,117.06,0
2024-04-09,P015,38,113.5,113.0,0
2024-04-10,P015,77,64.37,62.82,1
2024-04-11,P015,38,108.06,105.67,0
2024-04-12,P015,59,66.8,71.0,0
2024-04-13,P015,60,86.04,78.92,0
2024-04-14,P015,70,94.52,94.99,1
2024-04-15,P015,57,100.55,98.56,1
2024-04-16,P015,57,66.93,73.32,0
2024-04-17,P015,40,104.77,103.75,0
2024-04-18,P015,58,67.6,73.62,0
2024-04-19,P015,58,65.84,71.24,0
2024-04-20,P015,59,85.04,89.66,0
2024-04-21,P015,56,89.89,95.87,0
2024-04-22,P015,52,76.55,70.27,0
2024-04-23,P015,56,71.45,75.86,0
2024-04-24,P015,42,100.16,105.44,0
2024-04-25,P015,50,79.82,86.55,0
2024-04-26,P015,38,114.39,117.9,0
2024-04-27,P015,63,78.33,76.22,0
2024-04-28,P015,66,71.59,65.09,0
2024-04-29,P015,59,94.32,91.36,1
2024-04-30,P015,39,108.93,101.65,0
2024-05-01,P015,43,94.83,90.92,0
2024-05-02,P015,56,73.18,80.25,0
2024-05-03,P015,43,100.9,101.22,0
2024-05-04,P015,43,114.28,114.54,0
2024-05-05,P015,43,115.89,118.6,0
2024-05-06,P015,41,103.35,98.49,0
2024-05-07,P015,55,70.47,75.4,0
2024-05-08,P015,39,102.11,95.92,0
2024-05-09,P015,56,64.65,62.7,0
2024-05-10,P015,55,72.28,66.71,0
2024-05-11,P015,66,69.16,74.72,0
2024-05-12,P015,46,105.08,109.79,0
2024-05-13,P015,49,86.35,94.43,0
2024-05-14,P015,52,102.29,103.59,1
2024-05-15,P015,53,71.92,64.76,0
2024-05-16,P015,57,68.48,62.9,0
2024-05-17,P015,41,100.68,103.04,0
2024-05-18,P015,41,115.78,115.5,0
2024-05-19,P015,61,79.6,79.73,0
2024-05-20,P015,52,72.4,78.74,0
2024-05-21,P015,53,72.09,77.72,0
2024-05-22,P015,52,70.96,68.35,0
2024-05-23,P015,33,118.99,112.47,0
2024-05-24,P015,53,75.25,82.51,0
2024-05-25,P015,48,102.67,103.94,0
2024-05-26,P015,57,86.61,81.72,0
2024-05-27,P015,41,101.01,95.04,0
2024-05-28,P015,43,91.05,93.12,0
2024-05-29,P015,53,67.67,61.07,0
2024-05-30,P015,52,71.3,75.21,0
2024-05-31,P015,44,88.68,88.15,0
2024-06-01,P015,49,99.53,89.63,0
2024-06-02,P015,64,66.82,63.95,0
2024-06-03,P015,34,110.64,109.28,0
2024-06-04,P015,46,89.74,86.35,0
2024-06-05,P015,34,112.36,111.58,0
2024-06-06,P015,36,115.56,120.73,0
2024-06-07,P015,50,72.08,79.1,0
2024-06-08,P015,53,86.95,79.44,0
2024-06-09,P015,55,86.72,81.97,0
2024-06-10,P015,52,66.1,60.76,0
2024-06-11,P015,49,79.68,76.02,0
2024-06-12,P015,53,65.85,69.55,0
2024-06-13,P015,32,111.88,117.97,0
2024-06-14,P015,54,64.61,70.09,0
2024-06-15,P015,39,111.69,101.25,0
2024-06-16,P015,37,119.07,125.31,0
2024-06-17,P015,46,82.74,76.27,0
2024-06-18,P015,32,114.25,110.37,0
2024-06-19,P015,37,104.43,98.19,0
2024-06-20,P015,44,87.11,89.19,0
2024-06-21,P015,45,107.89,108.81,1
2024-06-22,P015,40,112.74,121.04,0
2024-06-23,P015,49,96.27,89.36,0
2024-06-24,P015,31,117.58,114.15,0
2024-06-25,P015,44,83.37,84.66,0
2024-06-26,P015,42,87.72,82.34,0
2024-06-27,P015,34,108.59,106.01,0
2024-06-28,P015,38,95.48,101.13,0
2024-06-29,P015,36,118.5,117.69,0
2024-06-30,P015,34,119.02,126.37,0
2024-07-01,P015,41,85.95,90.34,0
2024-07-02,P015,33,110.58,120.86,0
2024-07-03,P015,38,95.22,97.3,0
2024-07-04,P015,45,83.29,87.25,0
2024-07-05,P015,51,65.37,68.33,0
2024-07-06,P015,40,109.41,106.38,0
2024-07-07,P015,74,70.06,75.56,1
2024-07-08,P015,46,103.06,92.92,1
2024-07-09,P015,49,70.04,65.62,0
2024-07-10,P015,44,76.88,74.62,0
2024-07-11,P015,44,78.94,75.44,0
2024-07-12,P015,45,81.33,73.85,0
2024-07-13,P015,58,66.84,66.52,0
2024-07-14,P015,39,110.42,107.51,0
2024-07-15,P015,43,83.12,90.64,0
2024-07-16,P015,33,109.13,107.29,0
2024-07-17,P015,36,98.72,94.04,0
2024-07-18,P015,42,79.71,73.74,0
2024-07-19,P015,44,83.81,80.54,0
2024-07-20,P015,39,107.66,108.11,0
2024-07-21,P015,44,99.19,101.66,0
2024-07-22,P015,30,111.52,103.94,0
2024-07-23,P015,53,85.04,83.25,1
2024-07-24,P015,30,113.29,114.58,0
2024-07-25,P015,56,82.28,83.65,1
2024-07-26,P015,34,97.51,91.88,0
2024-07-27,P015,66,82.65,78.37,1
2024-07-28,P015,47,84.38,89.31,0
2024-07-29,P015,38,91.67,94.03,0
2024-07-30,P015,48,65.98,69.27,0
2024-07-31,P015,26,117.87,129.11,0
2024-08-01,P015,42,80.07,78.62,0
2024-08-02,P015,46,68.37,69.03,0
2024-08-03,P015,56,94.78,96.79,1
2024-08-04,P015,44,96.21,104.56,0
2024-08-05,P015,42,78.95,73.11,0
2024-08-06,P015,39,87.48,80.75,0
2024-08-07,P015,34,94.53,85.81,0
2024-08-08,P015,31,106.38,101.24,0
2024-08-09,P015,38,88.74,90.87,0
2024-08-10,P015,51,74.51,67.14,0
2024-08-11,P015,57,92.93,85.78,1
2024-08-12,P015,33,102.5,101.89,0
2024-08-13,P015,35,95.24,89.27,0
2024-08-14,P015,42,72.18,70.53,0
2024-08-15,P015,37,90.47,85.58,0
2024-08-16,P015,30,107.84,116.85,0
2024-08-17,P015,35,112.63,105.11,0
2024-08-18,P015,54,73.65,71.31,0
2024-08-19,P015,37,81.32,80.2,0
2024-08-20,P015,32,102.07,110.77,0
2024-08-21,P015,40,106.08,99.54,1
2024-08-22,P015,44,68.93,73.33,0
2024-08-23,P015,34,95.05,88.26,0
2024-08-24,P015,38,103.35,105.81,0
2024-08-25,P015,35,115.96,118.93,0
2024-08-26,P015,41,78.28,79.33,0
2024-08-27,P015,36,91.75,96.03,0
2024-08-28,P015,32,100.45,98.59,0
2024-08-29,P015,27,115.83,126.74,0
2024-08-30,P015,36,88.78,82.48,0
2024-08-31,P015,34,111.64,120.43,0
2024-09-01,P015,41,93.39,100.29,0
2024-09-02,P015,39,75.72,72.61,0
2024-09-03,P015,30,107.29,101.51,0
2024-09-04,P015,31,105.66,110.48,0
2024-09-05,P015,43,71.93,67.49,0
2024-09-06,P015,36,89.56,82.77,0
2024-09-07,P015,60,80.99,75.18,1
2024-09-08,P015,43,85.18,81.35,0
2024-09-09,P015,30,105.13,114.66,0
2024-09-10,P015,30,105.05,107.49,0
2024-09-11,P015,36,90.38,88.22,0
