data/synthetic/sales_history.csv
date,product_id,units_sold,price_charged,competitor_price,promo_flag
2024-09-12,P015,34,92.63,97.12,0
2024-09-13,P015,44,66.74,72.84,0
2024-09-14,P015,43,88.35,84.46,0
2024-09-15,P015,34,111.6,106.54,0
2024-09-16,P015,28,114.05,106.71,0
2024-09-17,P015,43,66.52,63.15,0
2024-09-18,P015,33,100.99,106.38,0
2024-09-19,P015,29,110.54,104.08,0
2024-09-20,P015,36,87.27,83.02,0
2024-09-21,P015,52,64.86,61.98,0
2024-09-22,P015,33,115.84,119.48,0
2024-09-23,P015,30,101.88,103.18,0
2024-09-24,P015,40,78.97,84.25,0
2024-09-25,P015,33,97.06,98.63,0
2024-09-26,P015,34,91.33,82.83,0
2024-09-27,P015,27,114.13,112.82,0
2024-09-28,P015,59,83.88,79.99,1
2024-09-29,P015,40,95.7,92.0,0
2024-09-30,P015,39,76.55,77.44,0
2024-10-01,P015,28,106.17,102.57,0
2024-10-02,P015,28,111.87,116.86,0
2024-10-03,P015,31,103.29,100.37,0
2024-10-04,P015,36,86.18,82.52,0
2024-10-05,P015,50,70.79,70.17,0
2024-10-06,P015,36,103.97,113.55,0
2024-10-07,P015,42,68.44,63.93,0
2024-10-08,P015,40,70.54,69.87,0
2024-10-09,P015,32,96.04,100.8,0
2024-10-10,P015,34,93.64,92.72,0
2024-10-11,P015,27,115.55,104.27,0
2024-10-12,P015,34,111.67,118.22,0
2024-10-13,P015,46,80.55,73.31,0
2024-10-14,P015,31,100.87,94.54,0
2024-10-15,P015,26,114.88,112.12,0
2024-10-16,P015,39,82.11,75.42,0
2024-10-17,P015,44,65.85,71.35,0
2024-10-18,P015,29,108.63,111.42,0
2024-10-19,P015,32,111.18,115.28,0
2024-10-20,P015,32,114.72,103.7,0
2024-10-21,P015,39,77.94,73.66,0
2024-10-22,P015,37,85.23,92.73,0
2024-10-23,P015,26,111.4,100.72,0
2024-10-24,P015,43,68.77,71.66,0
2024-10-25,P015,53,74.14,76.47,1
2024-10-26,P015,41,89.92,97.92,0
2024-10-27,P015,44,87.98,87.12,0
2024-10-28,P015,28,107.38,116.72,0
2024-10-29,P015,27,110.09,119.22,0
2024-10-30,P015,37,85.33,89.94,0
2024-10-31,P015,33,118.51,123.25,1
2024-11-01,P015,44,74.78,74.6,0
2024-11-02,P015,47,81.29,82.52,0
2024-11-03,P015,35,105.96,113.86,0
2024-11-04,P015,40,76.23,78.19,0
2024-11-05,P015,30,110.85,105.44,0
2024-11-06,P015,35,97.15,100.98,0
2024-11-07,P015,30,106.42,101.91,0
2024-11-08,P015,31,102.83,100.33,0
2024-11-09,P015,49,82.35,74.27,0
2024-11-10,P015,51,73.44,78.11,0
2024-11-11,P015,41,76.29,76.16,0
2024-11-12,P015,28,114.02,109.02,0
2024-11-13,P015,37,88.07,94.99,0
2024-11-14,P015,33,100.09,106.44,0
2024-11-15,P015,38,80.59,82.44,0
2024-11-16,P015,49,78.53,84.06,0
2024-11-17,P015,54,66.78,63.1,0
2024-11-18,P015,41,82.45,75.53,0
2024-11-19,P015,46,66.51,70.49,0
2024-11-20,P015,33,103.26,108.44,0
2024-11-21,P015,40,84.95,86.48,0
2024-11-22,P015,30,108.39,113.6,0
2024-11-23,P015,42,93.4,96.79,0
2024-11-24,P015,49,80.22,72.49,0
2024-11-25,P015,42,76.83,74.28,0
2024-11-26,P015,43,77.38,70.9,0
2024-11-27,P015,34,102.45,102.87,0
2024-11-28,P015,44,71.39,66.78,0
2024-11-29,P015,45,72.32,78.67,0
2024-11-30,P015,41,102.49,96.67,0
2024-12-01,P015,45,115.3,119.84,1
2024-12-02,P015,37,94.88,102.23,0
2024-12-03,P015,32,109.69,103.06,0
2024-12-04,P015,56,77.29,74.43,1
2024-12-05,P015,32,106.53,113.78,0
2024-12-06,P015,48,64.61,70.85,0
2024-12-07,P015,37,112.89,121.7,0
2024-12-08,P015,55,71.18,66.18,0
2024-12-09,P015,48,95.68,92.7,1
2024-12-10,P015,41,85.44,89.86,0
2024-12-11,P015,36,101.12,101.71,0
2024-12-12,P015,32,107.63,100.38,0
2024-12-13,P015,50,66.57,62.99,0
2024-12-14,P015,50,82.82,75.92,0
2024-12-15,P015,46,92.9,85.96,0
2024-12-16,P015,35,104.94,112.97,0
2024-12-17,P015,47,68.85,75.58,0
2024-12-18,P015,36,99.58,107.27,0
2024-12-19,P015,37,96.89,92.77,0
2024-12-20,P015,31,115.81,124.81,0
2024-12-21,P015,41,106.43,101.89,0
2024-12-22,P015,45,96.21,89.73,0
2024-12-23,P015,47,72.86,68.4,0
2024-12-24,P015,49,69.8,64.93,0
2024-12-25,P015,36,102.9,105.51,0
2024-12-26,P015,44,79.3,82.96,0
2024-12-27,P015,43,81.67,78.04,0
2024-12-28,P015,61,65.36,65.0,0
2024-12-29,P015,37,115.95,111.16,0
2024-12-30,P015,35,101.2,108.18,0
2024-12-31,P015,33,107.38,102.96,0
2023-01-01,P016,33,323.12,313.03,0
2023-01-02,P016,28,317.16,316.81,0
2023-01-03,P016,32,277.24,265.83,0
2023-01-04,P016,30,318.55,294.55,0
2023-01-05,P016,33,275.47,277.0,0
2023-01-06,P016,34,288.35,268.72,0
2023-01-07,P016,49,210.44,227.42,0
2023-01-08,P016,45,227.92,250.53,0
2023-01-09,P016,28,328.58,311.18,0
2023-01-10,P016,41,218.46,225.61,0
2023-01-11,P016,30,309.48,282.45,0
2023-01-12,P016,43,275.33,290.64,1
2023-01-13,P016,29,321.6,347.2,0
2023-01-14,P016,50,215.06,200.37,0
2023-01-15,P016,32,323.08,301.21,0
2023-01-16,P016,33,293.75,267.15,0
2023-01-17,P016,40,208.98,206.66,0
2023-01-18,P016,34,280.91,298.5,0
2023-01-19,P016,41,213.78,202.22,0
2023-01-20,P016,46,191.15,177.75,0
2023-01-21,P016,40,292.23,296.54,0
2023-01-22,P016,36,320.94,329.87,0
2023-01-23,P016,32,301.35,292.36,0
2023-01-24,P016,43,209.59,192.43,0
2023-01-25,P016,31,309.82,300.46,0
2023-01-26,P016,43,223.19,224.9,0
2023-01-27,P016,44,216.57,236.48,0
2023-01-28,P016,36,322.49,344.4,0
2023-01-29,P016,42,284.9,284.88,0
2023-01-30,P016,52,233.17,236.06,1
2023-01-31,P016,43,203.16,189.95,0
2023-02-01,P016,48,179.33,189.57,0
2023-02-02,P016,41,241.25,231.51,0
2023-02-03,P016,41,233.9,218.69,0
2023-02-04,P016,40,293.97,275.74,0
2023-02-05,P016,52,212.5,195.09,0
2023-02-06,P016,36,274.26,281.43,0
2023-02-07,P016,45,207.16,198.9,0
2023-02-08,P016,44,215.58,226.54,0
2023-02-09,P016,34,289.51,273.11,0
2023-02-10,P016,42,222.56,213.1,0
2023-02-11,P016,37,326.44,311.91,0
2023-02-12,P016,59,177.82,162.11,0
2023-02-13,P016,37,261.99,238.39,0
2023-02-14,P016,31,311.18,317.41,0
2023-02-15,P016,48,194.1,185.92,0
2023-02-16,P016,46,206.45,219.41,0
2023-02-17,P016,41,227.95,235.79,0
2023-02-18,P016,36,329.67,323.9,0
2023-02-19,P016,57,193.02,203.28,0
2023-02-20,P016,44,213.12,232.45,0
2023-02-21,P016,38,272.53,269.87,0
2023-02-22,P016,43,302.62,293.19,1
2023-02-23,P016,33,311.05,296.03,0
2023-02-24,P016,32,325.57,328.74,0
2023-02-25,P016,38,316.0,290.57,0
2023-02-26,P016,72,198.61,190.03,1
2023-02-27,P016,30,322.72,352.06,0
2023-02-28,P016,36,290.44,314.08,0
2023-03-01,P016,31,319.01,350.69,0
2023-03-02,P016,44,227.27,235.07,0
2023-03-03,P016,34,306.45,298.8,0
2023-03-04,P016,53,214.96,193.97,0
2023-03-05,P016,41,310.59,331.01,0
2023-03-06,P016,42,255.36,248.07,0
2023-03-07,P016,49,198.89,190.69,0
2023-03-08,P016,41,269.16,265.9,0
2023-03-09,P016,35,300.47,301.55,0
2023-03-10,P016,43,312.95,314.23,1
2023-03-11,P016,46,262.76,285.52,0
2023-03-12,P016,54,211.76,195.73,0
2023-03-13,P016,43,304.23,300.12,1
2023-03-14,P016,41,257.71,262.46,0
2023-03-15,P016,36,302.83,323.11,0
2023-03-16,P016,33,306.29,291.24,0
2023-03-17,P016,45,231.09,244.51,0
2023-03-18,P016,47,266.71,292.51,0
2023-03-19,P016,51,244.62,264.58,0
2023-03-20,P016,31,328.22,327.94,0
2023-03-21,P016,48,207.55,221.5,0
2023-03-22,P016,44,228.93,208.2,0
2023-03-23,P016,52,255.42,270.48,1
2023-03-24,P016,45,220.95,227.39,0
2023-03-25,P016,59,193.2,188.89,0
2023-03-26,P016,47,273.65,256.54,0
2023-03-27,P016,32,327.87,305.14,0
2023-03-28,P016,51,180.44,183.52,0
2023-03-29,P016,48,199.7,193.25,0
2023-03-30,P016,51,188.96,207.71,0
2023-03-31,P016,41,323.39,316.33,1
2023-04-01,P016,53,222.96,242.33,0
2023-04-02,P016,45,287.64,308.7,0
2023-04-03,P016,38,281.97,264.42,0
2023-04-04,P016,38,276.49,277.04,0
2023-04-05,P016,50,183.6,174.94,0
2023-04-06,P016,34,317.51,306.06,0
2023-04-07,P016,51,181.91,197.13,0
2023-04-08,P016,57,211.02,196.59,0
2023-04-09,P016,58,207.57,200.47,0
2023-04-10,P016,36,293.06,302.74,0
2023-04-11,P016,47,203.87,188.35,0
2023-04-12,P016,44,237.19,259.47,0
2023-04-13,P016,49,178.42,192.78,0
2023-04-14,P016,43,243.74,247.32,0
2023-04-15,P016,59,192.57,178.73,0
2023-04-16,P016,55,297.99,293.7,1
2023-04-17,P016,43,224.0,236.86,0
2023-04-18,P016,35,289.14,273.32,0
2023-04-19,P016,42,256.34,272.6,0
2023-04-20,P016,39,265.45,265.89,0
2023-04-21,P016,46,299.16,314.76,1
2023-04-22,P016,54,228.63,248.46,0
2023-04-23,P016,49,244.59,237.4,0
2023-04-24,P016,32,314.05,286.24,0
2023-04-25,P016,38,287.66,279.2,0
2023-04-26,P016,47,188.49,182.4,0
2023-04-27,P016,42,250.74,261.65,0
2023-04-28,P016,45,219.84,200.27,0
2023-04-29,P016,43,283.97,310.05,0
2023-04-30,P016,44,278.11,263.25,0
2023-05-01,P016,45,211.51,203.63,0
2023-05-02,P016,47,192.57,204.28,0
2023-05-03,P016,49,187.16,172.43,0
2023-05-04,P016,55,227.3,212.08,1
2023-05-05,P016,47,194.83,208.83,0
2023-05-06,P016,51,233.07,211.48,0
2023-05-07,P016,44,269.2,255.66,0
2023-05-08,P016,39,268.88,254.36,0
2023-05-09,P016,41,248.35,271.29,0
2023-05-10,P016,34,288.52,303.35,0
2023-05-11,P016,48,284.1,289.15,1
2023-05-12,P016,36,284.06,279.29,0
2023-05-13,P016,61,184.55,198.05,0
2023-05-14,P016,38,309.61,280.39,0
2023-05-15,P016,50,177.96,162.76,0
2023-05-16,P016,42,232.57,241.86,0
2023-05-17,P016,30,323.87,304.88,0
2023-05-18,P016,39,248.68,235.86,0
2023-05-19,P016,45,201.42,199.81,0
2023-05-20,P016,50,229.71,240.57,0
2023-05-21,P016,53,221.64,225.75,0
2023-05-22,P016,35,275.01,263.06,0
2023-05-23,P016,44,215.24,218.52,0
2023-05-24,P016,46,189.28,183.11,0
2023-05-25,P016,35,282.36,277.42,0
2023-05-26,P016,44,220.45,209.63,0
2023-05-27,P016,52,223.36,229.63,0
2023-05-28,P016,37,324.8,351.21,0
2023-05-29,P016,38,248.12,239.03,0
2023-05-30,P016,35,279.34,265.82,0
2023-05-31,P016,43,211.96,198.38,0
2023-06-01,P016,34,290.03,263.88,0
2023-06-02,P016,35,287.27,289.46,0
2023-06-03,P016,42,287.99,267.28,0
2023-06-04,P016,53,203.51,197.06,0
2023-06-05,P016,38,252.61,264.21,0
2023-06-06,P016,40,236.17,256.54,0
2023-06-07,P016,43,210.43,219.56,0
2023-06-08,P016,32,302.89,282.17,0
2023-06-09,P016,32,312.54,317.7,0
2023-06-10,P016,41,294.27,289.3,0
2023-06-11,P016,55,197.98,184.27,0
2023-06-12,P016,43,211.87,220.2,0
2023-06-13,P016,41,218.82,215.69,0
2023-06-14,P016,37,250.28,243.34,0
2023-06-15,P016,28,316.77,307.76,0
2023-06-16,P016,38,254.37,230.65,0
2023-06-17,P016,36,318.92,336.63,0
2023-06-18,P016,36,303.8,283.48,0
2023-06-19,P016,35,259.51,270.86,0
2023-06-20,P016,52,228.2,210.61,1
2023-06-21,P016,38,247.99,270.23,0
2023-06-22,P016,36,237.73,230.98,0
2023-06-23,P016,55,202.49,219.29,1
2023-06-24,P016,42,259.6,262.52,0
2023-06-25,P016,40,276.49,268.46,0
2023-06-26,P016,43,207.36,188.65,0
2023-06-27,P016,33,291.3,265.65,0
2023-06-28,P016,35,259.45,251.62,0
2023-06-29,P016,44,182.31,164.47,0
2023-06-30,P016,40,218.94,227.86,0
2023-07-01,P016,35,310.48,306.76,0
2023-07-02,P016,43,250.86,232.91,0
2023-07-03,P016,35,248.43,264.03,0
2023-07-04,P016,40,208.4,219.02,0
2023-07-05,P016,38,249.94,227.16,0
2023-07-06,P016,42,189.74,183.17,0
2023-07-07,P016,38,241.25,217.16,0
2023-07-08,P016,32,323.86,302.78,0
2023-07-09,P016,61,215.62,212.98,1
2023-07-10,P016,34,256.73,236.43,0
2023-07-11,P016,42,188.97,198.95,0
2023-07-12,P016,53,206.72,188.72,1
2023-07-13,P016,32,262.19,241.71,0
2023-07-14,P016,32,279.49,267.22,0
2023-07-15,P016,35,306.32,310.4,0
2023-07-16,P016,36,295.32,283.17,0
2023-07-17,P016,34,254.38,256.1,0
2023-07-18,P016,30,292.81,306.22,0
2023-07-19,P016,33,273.36,271.45,0
2023-07-20,P016,31,276.3,268.74,0
2023-07-21,P016,31,291.04,273.19,0
2023-07-22,P016,35,287.77,275.89,0
2023-07-23,P016,59,220.19,228.62,1
2023-07-24,P016,27,318.5,296.6,0
2023-07-25,P016,36,218.77,211.25,0
2023-07-26,P016,29,283.93,270.91,0
2023-07-27,P016,35,221.3,215.32,0
2023-07-28,P016,41,186.57,203.46,0
2023-07-29,P016,43,226.08,213.79,0
2023-07-30,P016,47,207.21,215.29,0
2023-07-31,P016,25,324.74,317.41,0
2023-08-01,P016,35,237.74,252.3,0
2023-08-02,P016,35,249.18,257.53,0
2023-08-03,P016,39,186.33,167.83,0
2023-08-04,P016,39,191.16,195.44,0
2023-08-05,P016,48,177.83,175.31,0
2023-08-06,P016,35,286.18,295.36,0
2023-08-07,P016,40,178.8,191.49,0
2023-08-08,P016,40,180.7,187.88,0
2023-08-09,P016,28,297.71,284.69,0
2023-08-10,P016,37,232.05,222.4,0
2023-08-11,P016,25,328.93,344.52,0
2023-08-12,P016,42,219.51,235.33,0
2023-08-13,P016,56,227.86,213.63,1
2023-08-14,P016,39,184.77,177.07,0
2023-08-15,P016,34,213.23,218.19,0
2023-08-16,P016,36,189.15,190.38,0
2023-08-17,P016,45,226.56,229.75,1
2023-08-18,P016,37,190.21,187.85,0
2023-08-19,P016,39,238.43,244.69,0
2023-08-20,P016,34,273.53,278.01,0
2023-08-21,P016,24,324.99,304.54,0
2023-08-22,P016,37,188.26,180.96,0
2023-08-23,P016,25,304.91,304.48,0
2023-08-24,P016,35,215.24,197.02,0
2023-08-25,P016,27,292.26,281.32,0
2023-08-26,P016,33,288.93,289.99,0
2023-08-27,P016,49,256.9,275.98,1
2023-08-28,P016,39,181.65,172.09,0
2023-08-29,P016,36,198.6,201.62,0
2023-08-30,P016,35,224.34,225.27,0
2023-08-31,P016,31,256.34,244.97,0
2023-09-01,P016,26,298.54,287.79,0
2023-09-02,P016,33,297.89,289.41,0
2023-09-03,P016,38,239.23,231.62,0
2023-09-04,P016,26,300.07,299.53,0
2023-09-05,P016,31,247.55,224.92,0
2023-09-06,P016,38,179.87,179.44,0
2023-09-07,P016,33,240.09,226.19,0
2023-09-08,P016,34,215.38,218.33,0
2023-09-09,P016,46,178.36,185.0,0
2023-09-10,P016,39,225.26,213.5,0
2023-09-11,P016,34,303.1,329.25,1
2023-09-12,P016,33,213.12,195.51,0
2023-09-13,P016,22,327.01,325.95,0
2023-09-14,P016,33,212.94,233.93,0
2023-09-15,P016,50,184.29,183.07,1
2023-09-16,P016,34,257.04,282.11,0
2023-09-17,P016,30,311.34,280.23,0
2023-09-18,P016,30,240.14,224.0,0
2023-09-19,P016,28,286.12,275.43,0
2023-09-20,P016,23,318.79,315.31,0
2023-09-21,P016,25,305.64,320.48,0
2023-09-22,P016,27,288.61,275.04,0
2023-09-23,P016,35,254.66,249.43,0
2023-09-24,P016,41,221.11,207.83,0
2023-09-25,P016,36,187.97,189.49,0
2023-09-26,P016,37,180.73,196.63,0
2023-09-27,P016,22,324.99,299.28,0
2023-09-28,P016,23,315.61,321.09,0
2023-09-29,P016,29,270.7,291.12,0
2023-09-30,P016,30,311.2,303.02,0
2023-10-01,P016,27,326.04,322.26,0
2023-10-02,P016,29,282.43,274.58,0
2023-10-03,P016,24,303.67,325.41,0
2023-10-04,P016,33,214.23,228.94,0
2023-10-05,P016,32,222.88,215.29,0
2023-10-06,P016,32,231.29,235.9,0
2023-10-07,P016,27,326.42,332.11,0
2023-10-08,P016,41,203.86,212.45,0
2023-10-09,P016,32,239.24,232.69,0
2023-10-10,P016,27,287.35,306.82,0
2023-10-11,P016,25,299.7,296.83,0
2023-10-12,P016,30,236.91,227.95,0
2023-10-13,P016,27,292.42,319.87,0
2023-10-14,P016,46,256.15,247.9,1
2023-10-15,P016,39,304.07,322.18,1
2023-10-16,P016,22,318.71,320.7,0
2023-10-17,P016,30,253.25,274.71,0
2023-10-18,P016,30,237.6,223.85,0
2023-10-19,P016,35,229.13,226.03,0
2023-10-20,P016,35,293.31,298.26,1
2023-10-21,P016,34,279.06,291.15,0
2023-10-22,P016,42,199.96,213.67,0
2023-10-23,P016,35,205.24,215.16,0
2023-10-24,P016,36,200.31,195.46,0
2023-10-25,P016,36,199.61,206.67,0
2023-10-26,P016,36,192.15,177.13,0
2023-10-27,P016,37,199.57,212.58,0
2023-10-28,P016,28,327.51,332.63,0
2023-10-29,P016,28,324.22,317.48,0
2023-10-30,P016,36,184.96,197.16,0
2023-10-31,P016,37,181.51,163.59,0
2023-11-01,P016,36,221.92,215.09,0
2023-11-02,P016,24,324.72,300.5,0
2023-11-03,P016,35,237.33,215.29,0
2023-11-04,P016,33,293.79,305.51,0
2023-11-05,P016,39,233.58,239.77,0
2023-11-06,P016,27,294.17,307.93,0
2023-11-07,P016,32,232.14,216.47,0
2023-11-08,P016,34,221.33,203.96,0
2023-11-09,P016,38,190.35,178.19,0
2023-11-10,P016,35,197.17,210.63,0
2023-11-11,P016,31,311.98,310.31,0
2023-11-12,P016,33,313.11,291.98,0
2023-11-13,P016,38,185.75,173.12,0
2023-11-14,P016,35,216.11,200.15,0
2023-11-15,P016,26,319.06,331.11,0
2023-11-16,P016,32,249.85,258.23,0
2023-11-17,P016,32,238.7,258.33,0
2023-11-18,P016,47,185.47,189.59,0
2023-11-19,P016,31,328.09,333.51,0
2023-11-20,P016,28,299.17,314.79,0
2023-11-21,P016,24,325.23,353.57,0
2023-11-22,P016,37,210.34,216.26,0
2023-11-23,P016,33,248.39,228.96,0
2023-11-24,P016,36,231.33,228.89,0
2023-11-25,P016,48,186.25,191.21,0
2023-11-26,P016,32,318.15,308.87,0
2023-11-27,P016,26,312.78,330.69,0
2023-11-28,P016,25,324.26,350.24,0
2023-11-29,P016,31,279.78,260.87,0
2023-11-30,P016,41,184.75,189.12,0
2023-12-01,P016,32,258.05,232.44,0
2023-12-02,P016,41,244.09,268.1,0
2023-12-03,P016,31,311.74,299.93,0
2023-12-04,P016,30,268.16,294.43,0
2023-12-05,P016,34,242.52,242.79,0
2023-12-06,P016,30,276.4,259.4,0
2023-12-07,P016,34,236.32,222.13,0
2023-12-08,P016,27,318.88,341.1,0
2023-12-09,P016,37,284.87,270.21,0
2023-12-10,P016,38,271.49,278.69,0
2023-12-11,P016,41,272.9,254.16,1
2023-12-12,P016,36,231.44,254.01,0
2023-12-13,P016,30,290.47,310.46,0
2023-12-14,P016,35,250.31,238.12,0
2023-12-15,P016,35,236.9,246.52,0
2023-12-16,P016,33,315.59,316.85,0
2023-12-17,P016,49,196.41,197.13,0
2023-12-18,P016,30,308.86,311.82,0
2023-12-19,P016,34,260.93,249.7,0
2023-12-20,P016,39,208.4,221.3,0
2023-12-21,P016,27,304.04,283.57,0
2023-12-22,P016,35,261.97,269.7,0
2023-12-23,P016,44,220.34,238.82,0
2023-12-24,P016,33,320.26,290.36,0
2023-12-25,P016,42,184.84,201.76,0
2023-12-26,P016,33,283.6,303.22,0
2023-12-27,P016,27,310.43,280.66,0
2023-12-28,P016,30,302.4,301.18,0
2023-12-29,P016,43,194.65,184.51,0
2023-12-30,P016,43,252.47,252.26,0
2023-12-31,P016,37,297.43,313.24,0
2024-01-01,P016,33,265.96,248.09,0
2024-01-02,P016,43,178.83,163.83,0
2024-01-03,P016,31,293.47,321.98,0
2024-01-04,P016,30,298.9,313.88,0
2024-01-05,P016,52,219.59,225.03,1
2024-01-06,P016,47,244.14,245.65,0
2024-01-07,P016,32,328.33,324.95,0
2024-01-08,P016,46,257.62,236.27,1
2024-01-09,P016,29,300.53,310.08,0
2024-01-10,P016,30,295.55,324.27,0
2024-01-11,P016,41,204.18,219.73,0
2024-01-12,P016,35,261.31,279.73,0
2024-01-13,P016,33,327.84,318.74,0
2024-01-14,P016,54,183.26,196.06,0
2024-01-15,P016,45,180.47,162.7,0
2024-01-16,P016,41,216.77,219.02,0
2024-01-17,P016,46,189.18,206.95,0
2024-01-18,P016,31,314.79,319.0,0
2024-01-19,P016,33,298.61,292.84,0
2024-01-20,P016,47,229.09,239.52,0
2024-01-21,P016,48,222.94,239.46,0
2024-01-22,P016,42,203.7,198.87,0
2024-01-23,P016,30,313.01,322.59,0
2024-01-24,P016,29,328.73,332.34,0
2024-01-25,P016,46,192.51,183.12,0
2024-01-26,P016,33,291.26,288.21,0
2024-01-27,P016,39,293.49,282.82,0
2024-01-28,P016,50,215.68,207.68,0
2024-01-29,P016,41,226.95,225.23,0
2024-01-30,P016,39,254.42,279.67,0
2024-01-31,P016,34,277.32,275.74,0
2024-02-01,P016,59,205.79,213.41,1
2024-02-02,P016,40,230.23,225.79,0
2024-02-03,P016,48,249.53,232.89,0
2024-02-04,P016,56,188.34,194.09,0
2024-02-05,P016,38,242.53,242.54,0
2024-02-06,P016,37,260.5,255.55,0
2024-02-07,P016,44,208.87,210.28,0
2024-02-08,P016,32,293.24,276.1,0
2024-02-09,P016,48,183.38,180.68,0
2024-02-10,P016,49,243.69,238.16,0
2024-02-11,P016,42,279.73,287.57,0
