data/synthetic/sales_history.csv
date,product_id,units_sold,price_charged,competitor_price,promo_flag
2024-02-12,P016,37,269.88,261.97,0
2024-02-13,P016,30,328.04,309.43,0
2024-02-14,P016,44,205.69,199.13,0
2024-02-15,P016,32,318.06,287.92,0
2024-02-16,P016,38,258.68,245.63,0
2024-02-17,P016,71,198.29,179.83,1
2024-02-18,P016,37,328.22,299.67,0
2024-02-19,P016,50,180.0,183.61,0
2024-02-20,P016,34,288.02,281.37,0
2024-02-21,P016,45,201.02,211.23,0
2024-02-22,P016,46,210.53,189.48,0
2024-02-23,P016,33,294.48,317.99,0
2024-02-24,P016,57,185.61,169.96,0
2024-02-25,P016,45,281.68,288.01,0
2024-02-26,P016,37,275.65,285.41,0
2024-02-27,P016,36,290.99,271.72,0
2024-02-28,P016,32,323.55,339.99,0
2024-02-29,P016,39,254.53,235.63,0
2024-03-01,P016,45,219.74,209.25,0
2024-03-02,P016,46,261.04,249.98,0
2024-03-03,P016,61,177.89,187.63,0
2024-03-04,P016,48,182.06,173.26,0
2024-03-05,P016,32,327.88,328.49,0
2024-03-06,P016,47,196.36,201.99,0
2024-03-07,P016,32,324.97,325.76,0
2024-03-08,P016,45,226.39,219.91,0
2024-03-09,P016,51,230.49,226.29,0
2024-03-10,P016,58,178.38,170.21,0
2024-03-11,P016,41,253.7,247.86,0
2024-03-12,P016,39,279.08,288.34,0
2024-03-13,P016,46,215.51,216.79,0
2024-03-14,P016,47,204.64,194.9,0
2024-03-15,P016,36,294.51,292.45,0
2024-03-16,P016,60,185.69,193.13,0
2024-03-17,P016,54,216.58,208.3,0
2024-03-18,P016,34,304.11,308.78,0
2024-03-19,P016,50,194.37,209.33,0
2024-03-20,P016,35,308.71,281.72,0
2024-03-21,P016,34,309.78,321.36,0
2024-03-22,P016,33,318.23,311.35,0
2024-03-23,P016,62,178.24,195.22,0
2024-03-24,P016,69,233.18,248.2,1
2024-03-25,P016,34,307.12,287.04,0
2024-03-26,P016,41,245.79,264.43,0
2024-03-27,P016,36,298.02,277.33,0
2024-03-28,P016,47,207.44,195.36,0
2024-03-29,P016,36,295.97,323.08,0
2024-03-30,P016,45,288.66,292.34,0
2024-03-31,P016,60,270.92,292.31,1
2024-04-01,P016,31,321.71,312.46,0
2024-04-02,P016,31,318.49,339.69,0
2024-04-03,P016,55,260.94,258.56,1
2024-04-04,P016,51,180.17,184.58,0
2024-04-05,P016,41,247.48,257.86,0
2024-04-06,P016,38,329.04,351.6,0
2024-04-07,P016,59,180.31,169.62,0
2024-04-08,P016,40,257.11,252.35,0
2024-04-09,P016,41,256.93,252.97,0
2024-04-10,P016,37,284.48,280.25,0
2024-04-11,P016,49,285.21,288.36,1
2024-04-12,P016,36,310.35,287.31,0
2024-04-13,P016,40,305.11,300.37,0
2024-04-14,P016,56,287.29,281.46,1
2024-04-15,P016,44,226.7,213.21,0
2024-04-16,P016,64,196.6,187.36,1
2024-04-17,P016,42,253.19,251.37,0
2024-04-18,P016,43,231.86,249.15,0
2024-04-19,P016,33,304.7,299.65,0
2024-04-20,P016,43,287.62,306.17,0
2024-04-21,P016,55,211.15,219.88,0
2024-04-22,P016,40,258.09,268.55,0
2024-04-23,P016,52,182.74,165.96,0
2024-04-24,P016,33,314.3,311.57,0
2024-04-25,P016,42,247.77,249.46,0
2024-04-26,P016,46,214.86,232.36,0
2024-04-27,P016,63,256.51,252.13,1
2024-04-28,P016,41,304.34,313.82,0
2024-04-29,P016,43,312.32,286.65,1
2024-04-30,P016,37,281.27,288.5,0
2024-05-01,P016,49,180.18,183.76,0
2024-05-02,P016,46,200.03,185.05,0
2024-05-03,P016,58,216.77,195.13,1
2024-05-04,P016,55,219.76,240.4,0
2024-05-05,P016,59,195.97,210.3,0
2024-05-06,P016,40,237.34,219.53,0
2024-05-07,P016,39,250.64,265.05,0
2024-05-08,P016,33,311.12,334.45,0
2024-05-09,P016,38,290.41,270.74,0
2024-05-10,P016,38,281.73,304.18,0
2024-05-11,P016,43,277.16,301.48,0
2024-05-12,P016,40,309.73,293.01,0
2024-05-13,P016,36,283.08,281.72,0
2024-05-14,P016,34,291.41,276.4,0
2024-05-15,P016,50,261.3,250.31,1
2024-05-16,P016,35,301.41,328.45,0
2024-05-17,P016,36,270.21,256.28,0
2024-05-18,P016,38,304.26,310.59,0
2024-05-19,P016,59,262.75,257.84,1
2024-05-20,P016,41,222.59,210.18,0
2024-05-21,P016,41,231.26,235.99,0
2024-05-22,P016,36,276.53,263.36,0
2024-05-23,P016,45,286.24,262.28,1
2024-05-24,P016,49,279.03,261.4,1
2024-05-25,P016,47,243.8,256.78,0
2024-05-26,P016,40,294.61,265.37,0
2024-05-27,P016,59,191.45,177.16,1
2024-05-28,P016,42,222.48,235.5,0
2024-05-29,P016,35,292.75,297.85,0
2024-05-30,P016,38,253.9,253.03,0
2024-05-31,P016,32,310.15,283.57,0
2024-06-01,P016,55,277.69,286.63,1
2024-06-02,P016,41,295.45,294.46,0
2024-06-03,P016,31,315.77,321.0,0
2024-06-04,P016,39,242.68,218.61,0
2024-06-05,P016,41,222.77,219.27,0
2024-06-06,P016,39,252.3,241.52,0
2024-06-07,P016,39,252.63,255.86,0
2024-06-08,P016,38,304.83,316.22,0
2024-06-09,P016,50,210.13,211.71,0
2024-06-10,P016,53,223.46,233.42,1
2024-06-11,P016,28,320.48,326.89,0
2024-06-12,P016,32,313.11,298.71,0
2024-06-13,P016,44,195.75,204.84,0
2024-06-14,P016,33,277.88,275.32,0
2024-06-15,P016,41,288.85,271.66,0
2024-06-16,P016,50,225.36,218.35,0
2024-06-17,P016,31,300.87,274.1,0
2024-06-18,P016,33,294.72,289.41,0
2024-06-19,P016,52,211.23,219.53,1
2024-06-20,P016,27,326.54,307.39,0
2024-06-21,P016,41,214.77,223.26,0
2024-06-22,P016,45,231.37,213.05,0
2024-06-23,P016,50,289.01,268.01,1
2024-06-24,P016,47,258.15,243.09,1
2024-06-25,P016,38,234.75,249.13,0
2024-06-26,P016,34,280.43,264.71,0
2024-06-27,P016,34,257.94,239.62,0
2024-06-28,P016,36,258.67,268.7,0
2024-06-29,P016,45,248.6,255.74,0
2024-06-30,P016,60,238.47,261.57,1
2024-07-01,P016,41,197.96,213.05,0
2024-07-02,P016,33,287.02,290.59,0
2024-07-03,P016,28,320.6,347.65,0
2024-07-04,P016,35,243.3,220.83,0
2024-07-05,P016,33,275.75,269.39,0
2024-07-06,P016,40,262.76,285.49,0
2024-07-07,P016,42,251.75,242.98,0
2024-07-08,P016,30,296.29,294.51,0
2024-07-09,P016,30,290.69,319.14,0
2024-07-10,P016,41,200.57,206.34,0
2024-07-11,P016,56,183.04,166.43,1
2024-07-12,P016,53,193.25,185.17,1
2024-07-13,P016,40,265.44,272.12,0
2024-07-14,P016,43,239.07,218.4,0
2024-07-15,P016,33,270.81,281.27,0
2024-07-16,P016,42,209.4,216.88,0
2024-07-17,P016,39,202.34,215.25,0
2024-07-18,P016,33,259.74,284.21,0
2024-07-19,P016,33,321.31,323.41,1
2024-07-20,P016,60,224.78,204.46,1
2024-07-21,P016,37,285.57,275.84,0
2024-07-22,P016,27,320.69,312.01,0
2024-07-23,P016,27,317.07,328.29,0
2024-07-24,P016,31,284.44,292.47,0
2024-07-25,P016,39,202.23,192.51,0
2024-07-26,P016,30,300.2,294.51,0
2024-07-27,P016,40,251.75,235.0,0
2024-07-28,P016,44,219.81,208.91,0
2024-07-29,P016,42,184.75,187.38,0
2024-07-30,P016,41,248.16,266.5,1
2024-07-31,P016,41,183.48,166.64,0
2024-08-01,P016,33,253.36,257.87,0
2024-08-02,P016,38,206.83,209.62,0
2024-08-03,P016,42,225.85,237.81,0
2024-08-04,P016,34,291.51,301.1,0
2024-08-05,P016,33,230.04,235.98,0
2024-08-06,P016,35,215.99,234.83,0
2024-08-07,P016,26,304.75,308.72,0
2024-08-08,P016,31,263.65,254.59,0
2024-08-09,P016,30,271.03,289.47,0
2024-08-10,P016,48,184.67,173.84,0
2024-08-11,P016,38,276.23,279.26,0
2024-08-12,P016,28,294.64,323.98,0
2024-08-13,P016,28,282.76,293.18,0
2024-08-14,P016,35,226.17,217.5,0
2024-08-15,P016,31,255.8,270.66,0
2024-08-16,P016,24,325.68,333.28,0
2024-08-17,P016,34,286.03,280.16,0
